###############################################################################
#
# IAR ELF Linker V7.70.2.11706/W32 for ARM                22/Sep/2021  18:08:57
# Copyright 2007-2016 IAR Systems AB.
#
#    Output file  =  
#        D:\linfuliang_work\pro\NS3601\SVN_tmp\SDK_Make\N32WB452\projects\n32wb452_EVAL\examples\BLE\devBoardDemo\EWARM\DevDemo_16bit\Exe\template_project.out
#    Map file     =  
#        D:\linfuliang_work\pro\NS3601\SVN_tmp\SDK_Make\N32WB452\projects\n32wb452_EVAL\examples\BLE\devBoardDemo\EWARM\DevDemo_16bit\List\template_project.map
#    Command line =  
#        D:\linfuliang_work\pro\NS3601\SVN_tmp\SDK_Make\N32WB452\projects\n32wb452_EVAL\examples\BLE\devBoardDemo\EWARM\DevDemo_16bit\Obj\app.o
#        D:\linfuliang_work\pro\NS3601\SVN_tmp\SDK_Make\N32WB452\projects\n32wb452_EVAL\examples\BLE\devBoardDemo\EWARM\DevDemo_16bit\Obj\app_batt.o
#        D:\linfuliang_work\pro\NS3601\SVN_tmp\SDK_Make\N32WB452\projects\n32wb452_EVAL\examples\BLE\devBoardDemo\EWARM\DevDemo_16bit\Obj\app_sec.o
#        D:\linfuliang_work\pro\NS3601\SVN_tmp\SDK_Make\N32WB452\projects\n32wb452_EVAL\examples\BLE\devBoardDemo\EWARM\DevDemo_16bit\Obj\app_task.o
#        D:\linfuliang_work\pro\NS3601\SVN_tmp\SDK_Make\N32WB452\projects\n32wb452_EVAL\examples\BLE\devBoardDemo\EWARM\DevDemo_16bit\Obj\app_user.o
#        D:\linfuliang_work\pro\NS3601\SVN_tmp\SDK_Make\N32WB452\projects\n32wb452_EVAL\examples\BLE\devBoardDemo\EWARM\DevDemo_16bit\Obj\bass.o
#        D:\linfuliang_work\pro\NS3601\SVN_tmp\SDK_Make\N32WB452\projects\n32wb452_EVAL\examples\BLE\devBoardDemo\EWARM\DevDemo_16bit\Obj\bass_task.o
#        D:\linfuliang_work\pro\NS3601\SVN_tmp\SDK_Make\N32WB452\projects\n32wb452_EVAL\examples\BLE\devBoardDemo\EWARM\DevDemo_16bit\Obj\bsp_adc.o
#        D:\linfuliang_work\pro\NS3601\SVN_tmp\SDK_Make\N32WB452\projects\n32wb452_EVAL\examples\BLE\devBoardDemo\EWARM\DevDemo_16bit\Obj\bsp_spi.o
#        D:\linfuliang_work\pro\NS3601\SVN_tmp\SDK_Make\N32WB452\projects\n32wb452_EVAL\examples\BLE\devBoardDemo\EWARM\DevDemo_16bit\Obj\bsp_timer.o
#        D:\linfuliang_work\pro\NS3601\SVN_tmp\SDK_Make\N32WB452\projects\n32wb452_EVAL\examples\BLE\devBoardDemo\EWARM\DevDemo_16bit\Obj\Eif_debug.o
#        D:\linfuliang_work\pro\NS3601\SVN_tmp\SDK_Make\N32WB452\projects\n32wb452_EVAL\examples\BLE\devBoardDemo\EWARM\DevDemo_16bit\Obj\Eif_flash.o
#        D:\linfuliang_work\pro\NS3601\SVN_tmp\SDK_Make\N32WB452\projects\n32wb452_EVAL\examples\BLE\devBoardDemo\EWARM\DevDemo_16bit\Obj\Eif_timer.o
#        D:\linfuliang_work\pro\NS3601\SVN_tmp\SDK_Make\N32WB452\projects\n32wb452_EVAL\examples\BLE\devBoardDemo\EWARM\DevDemo_16bit\Obj\font24.o
#        D:\linfuliang_work\pro\NS3601\SVN_tmp\SDK_Make\N32WB452\projects\n32wb452_EVAL\examples\BLE\devBoardDemo\EWARM\DevDemo_16bit\Obj\gsensor.o
#        D:\linfuliang_work\pro\NS3601\SVN_tmp\SDK_Make\N32WB452\projects\n32wb452_EVAL\examples\BLE\devBoardDemo\EWARM\DevDemo_16bit\Obj\HDC2010.o
#        D:\linfuliang_work\pro\NS3601\SVN_tmp\SDK_Make\N32WB452\projects\n32wb452_EVAL\examples\BLE\devBoardDemo\EWARM\DevDemo_16bit\Obj\hdc_i2c_drv.o
#        D:\linfuliang_work\pro\NS3601\SVN_tmp\SDK_Make\N32WB452\projects\n32wb452_EVAL\examples\BLE\devBoardDemo\EWARM\DevDemo_16bit\Obj\Interface.o
#        D:\linfuliang_work\pro\NS3601\SVN_tmp\SDK_Make\N32WB452\projects\n32wb452_EVAL\examples\BLE\devBoardDemo\EWARM\DevDemo_16bit\Obj\lcd_display.o
#        D:\linfuliang_work\pro\NS3601\SVN_tmp\SDK_Make\N32WB452\projects\n32wb452_EVAL\examples\BLE\devBoardDemo\EWARM\DevDemo_16bit\Obj\lcd_drv.o
#        D:\linfuliang_work\pro\NS3601\SVN_tmp\SDK_Make\N32WB452\projects\n32wb452_EVAL\examples\BLE\devBoardDemo\EWARM\DevDemo_16bit\Obj\lcd_gui.o
#        D:\linfuliang_work\pro\NS3601\SVN_tmp\SDK_Make\N32WB452\projects\n32wb452_EVAL\examples\BLE\devBoardDemo\EWARM\DevDemo_16bit\Obj\log.o
#        D:\linfuliang_work\pro\NS3601\SVN_tmp\SDK_Make\N32WB452\projects\n32wb452_EVAL\examples\BLE\devBoardDemo\EWARM\DevDemo_16bit\Obj\main.o
#        D:\linfuliang_work\pro\NS3601\SVN_tmp\SDK_Make\N32WB452\projects\n32wb452_EVAL\examples\BLE\devBoardDemo\EWARM\DevDemo_16bit\Obj\misc.o
#        D:\linfuliang_work\pro\NS3601\SVN_tmp\SDK_Make\N32WB452\projects\n32wb452_EVAL\examples\BLE\devBoardDemo\EWARM\DevDemo_16bit\Obj\n32wb452_adc.o
#        D:\linfuliang_work\pro\NS3601\SVN_tmp\SDK_Make\N32WB452\projects\n32wb452_EVAL\examples\BLE\devBoardDemo\EWARM\DevDemo_16bit\Obj\n32wb452_ble_api.o
#        D:\linfuliang_work\pro\NS3601\SVN_tmp\SDK_Make\N32WB452\projects\n32wb452_EVAL\examples\BLE\devBoardDemo\EWARM\DevDemo_16bit\Obj\n32wb452_data_fifo.o
#        D:\linfuliang_work\pro\NS3601\SVN_tmp\SDK_Make\N32WB452\projects\n32wb452_EVAL\examples\BLE\devBoardDemo\EWARM\DevDemo_16bit\Obj\n32wb452_exti.o
#        D:\linfuliang_work\pro\NS3601\SVN_tmp\SDK_Make\N32WB452\projects\n32wb452_EVAL\examples\BLE\devBoardDemo\EWARM\DevDemo_16bit\Obj\n32wb452_flash.o
#        D:\linfuliang_work\pro\NS3601\SVN_tmp\SDK_Make\N32WB452\projects\n32wb452_EVAL\examples\BLE\devBoardDemo\EWARM\DevDemo_16bit\Obj\n32wb452_gpio.o
#        D:\linfuliang_work\pro\NS3601\SVN_tmp\SDK_Make\N32WB452\projects\n32wb452_EVAL\examples\BLE\devBoardDemo\EWARM\DevDemo_16bit\Obj\n32wb452_i2c.o
#        D:\linfuliang_work\pro\NS3601\SVN_tmp\SDK_Make\N32WB452\projects\n32wb452_EVAL\examples\BLE\devBoardDemo\EWARM\DevDemo_16bit\Obj\n32wb452_it.o
#        D:\linfuliang_work\pro\NS3601\SVN_tmp\SDK_Make\N32WB452\projects\n32wb452_EVAL\examples\BLE\devBoardDemo\EWARM\DevDemo_16bit\Obj\n32wb452_pwr.o
#        D:\linfuliang_work\pro\NS3601\SVN_tmp\SDK_Make\N32WB452\projects\n32wb452_EVAL\examples\BLE\devBoardDemo\EWARM\DevDemo_16bit\Obj\n32wb452_rcc.o
#        D:\linfuliang_work\pro\NS3601\SVN_tmp\SDK_Make\N32WB452\projects\n32wb452_EVAL\examples\BLE\devBoardDemo\EWARM\DevDemo_16bit\Obj\n32wb452_rtc.o
#        D:\linfuliang_work\pro\NS3601\SVN_tmp\SDK_Make\N32WB452\projects\n32wb452_EVAL\examples\BLE\devBoardDemo\EWARM\DevDemo_16bit\Obj\n32wb452_spi.o
#        D:\linfuliang_work\pro\NS3601\SVN_tmp\SDK_Make\N32WB452\projects\n32wb452_EVAL\examples\BLE\devBoardDemo\EWARM\DevDemo_16bit\Obj\n32wb452_tim.o
#        D:\linfuliang_work\pro\NS3601\SVN_tmp\SDK_Make\N32WB452\projects\n32wb452_EVAL\examples\BLE\devBoardDemo\EWARM\DevDemo_16bit\Obj\n32wb452_usart.o
#        D:\linfuliang_work\pro\NS3601\SVN_tmp\SDK_Make\N32WB452\projects\n32wb452_EVAL\examples\BLE\devBoardDemo\EWARM\DevDemo_16bit\Obj\prf.o
#        D:\linfuliang_work\pro\NS3601\SVN_tmp\SDK_Make\N32WB452\projects\n32wb452_EVAL\examples\BLE\devBoardDemo\EWARM\DevDemo_16bit\Obj\prf_utils.o
#        D:\linfuliang_work\pro\NS3601\SVN_tmp\SDK_Make\N32WB452\projects\n32wb452_EVAL\examples\BLE\devBoardDemo\EWARM\DevDemo_16bit\Obj\qma_i2c_drv.o
#        D:\linfuliang_work\pro\NS3601\SVN_tmp\SDK_Make\N32WB452\projects\n32wb452_EVAL\examples\BLE\devBoardDemo\EWARM\DevDemo_16bit\Obj\startup_n32wb452_EWARM.o
#        D:\linfuliang_work\pro\NS3601\SVN_tmp\SDK_Make\N32WB452\projects\n32wb452_EVAL\examples\BLE\devBoardDemo\EWARM\DevDemo_16bit\Obj\system_n32wb452.o
#        D:\linfuliang_work\pro\NS3601\SVN_tmp\SDK_Make\N32WB452\projects\n32wb452_EVAL\examples\BLE\devBoardDemo\EWARM\DevDemo_16bit\Obj\user.o
#        D:\linfuliang_work\pro\NS3601\SVN_tmp\SDK_Make\N32WB452\projects\n32wb452_EVAL\examples\BLE\devBoardDemo\EWARM\DevDemo_16bit\Obj\user_task.o
#        --redirect _Printf=_PrintfLargeNoMb --redirect _Scanf=_ScanfSmallNoMb
#        -o
#        D:\linfuliang_work\pro\NS3601\SVN_tmp\SDK_Make\N32WB452\projects\n32wb452_EVAL\examples\BLE\devBoardDemo\EWARM\DevDemo_16bit\Exe\template_project.out
#        --map
#        D:\linfuliang_work\pro\NS3601\SVN_tmp\SDK_Make\N32WB452\projects\n32wb452_EVAL\examples\BLE\devBoardDemo\EWARM\DevDemo_16bit\List\template_project.map
#        --config
#        D:\linfuliang_work\pro\NS3601\SVN_tmp\SDK_Make\N32WB452\projects\n32wb452_EVAL\examples\BLE\devBoardDemo\EWARM\n32wb452_dev.icf
#        --semihosting
#        D:\linfuliang_work\pro\NS3601\SVN_tmp\SDK_Make\N32WB452\projects\n32wb452_EVAL\examples\BLE\devBoardDemo\EWARM\..\..\..\..\..\..\firmware\n32wb452_ble_driver\lib\IAR\host_16bit.a
#        D:\linfuliang_work\pro\NS3601\SVN_tmp\SDK_Make\N32WB452\projects\n32wb452_EVAL\examples\BLE\devBoardDemo\EWARM\..\..\..\..\..\..\firmware\n32wb452_ble_driver\lib\IAR\n32wb452_ble_16bit.a
#        --entry __iar_program_start --vfe
#
###############################################################################

*******************************************************************************
*** RUNTIME MODEL ATTRIBUTES
***

CppFlavor       = *
__SystemLibrary = DLib


*******************************************************************************
*** PLACEMENT SUMMARY
***

"A0":  place at 0x08000000 { ro section .intvec };
"P1":  place in [from 0x00000000 to 0x00000000] |
                [from 0x08000000 to 0x0807ffff] { ro };
"P3":  place in [from 0x20000000 to 0x2001ffff] {
          block HEAP, rw section .no_retention };
"P4":  place in [from 0x20020000 to 0x20023fff] {
          rw, block CSTACK, block PROC_STACK };
do not initialize { section .noinit, section .no_retention };
initialize by copy { rw };

  Section             Kind        Address     Size  Object
  -------             ----        -------     ----  ------
"A0":                                        0x198
  .intvec             ro code  0x08000000    0x198  startup_n32wb452_EWARM.o [1]
                             - 0x08000198    0x198

"P1":                                      0x198a4
  .rodata             const    0x08000198   0x1ab8  font24.o [1]
  .text               ro code  0x08001c50   0x18d0  atts.o [4]
  .text               ro code  0x08003520    0xd34  attm_db.o [4]
  .text               ro code  0x08004254    0x96e  gapc.o [4]
  .text               ro code  0x08004bc2      0xe  Eif_flash.o [1]
  .text               ro code  0x08004bd0    0x688  attm.o [4]
  .text               ro code  0x08005258     0xb4  ke_msg.o [4]
  .text               ro code  0x0800530c     0x76  ABImemcpy_unaligned.o [7]
  .text               ro code  0x08005382      0x4  l2cc.o [4]
  .text               ro code  0x08005386     0x10  l2cc.o [4]
  .text               ro code  0x08005396     0xec  co_list.o [4]
  .text               ro code  0x08005482      0xa  xsprout.o [3]
  .text               ro code  0x0800548c    0x370  l2cc_task.o [4]
  .text               ro code  0x080057fc    0x4b0  gattc.o [4]
  .text               ro code  0x08005cac      0x8  attc.o [4]
  .text               ro code  0x08005cb4    0x22c  ke_timer.o [4]
  .text               ro code  0x08005ee0    0x24e  ke_mem.o [4]
  .text               ro code  0x0800612e      0x4  l2cc_pdu.o [4]
  .rodata             const    0x08006132      0x2  gapc_task.o [4]
  .text               ro code  0x08006134    0x444  gapm.o [4]
  .text               ro code  0x08006578      0x4  atts.o [4]
  .text               ro code  0x0800657c     0x62  memcmp_unaligned.o [7]
  .text               ro code  0x080065de      0xc  hci_util.o [4]
  .text               ro code  0x080065ea      0x4  l2cc_pdu.o [4]
  .rodata             const    0x080065ee      0x2  gapc_task.o [4]
  .text               ro code  0x080065f0    0x250  ke_task.o [4]
  .text               ro code  0x08006840    0xfb4  smpc.o [4]
  .text               ro code  0x080077f4     0x66  ABImemset.o [7]
  .text               ro code  0x0800785a      0x8  ke_task.o [4]
  .rodata             const    0x08007862      0x2  gapc_task.o [4]
  .text               ro code  0x08007864     0x98  ke_event.o [4]
  .text               ro code  0x080078fc     0xf8  l2cm.o [4]
  .text               ro code  0x080079f4    0x3d4  l2cc.o [4]
  .text               ro code  0x08007dc8     0x10  l2cc_task.o [4]
  .text               ro code  0x08007dd8    0x700  l2cc_pdu.o [4]
  .text               ro code  0x080084d8    0x17c  l2cc_sig.o [4]
  .text               ro code  0x08008654      0x8  gapm_util.o [4]
  .text               ro code  0x0800865c      0x8  ke.o [4]
  .text               ro code  0x08008664     0x8a  ke_queue.o [4]
  .rodata             const    0x080086ee      0x2  gapc_task.o [4]
  .text               ro code  0x080086f0     0x24  printf.o [3]
  .text               ro code  0x08008714     0x74  rwip.o [4]
  .text               ro code  0x08008788     0x10  gapm_task.o [4]
  .text               ro code  0x08008798    0x33c  prf.o [1]
  .text               ro code  0x08008ad4     0x10  gapm_hci.o [4]
  .text               ro code  0x08008ae4     0xca  gattm.o [4]
  .rodata             const    0x08008bae      0x2  gapc_task.o [4]
  .text               ro code  0x08008bb0     0x94  hci.o [4]
  .text               ro code  0x08008c44    0xb84  gapm_util.o [4]
  .text               ro code  0x080097c8    0x4fe  smpc_util.o [4]
  .text               ro code  0x08009cc6     0x1a  ke_event.o [4]
  .text               ro code  0x08009ce0      0xc  l2cc_pdu.o [4]
  .text               ro code  0x08009cec     0x10  l2cc.o [4]
  .text               ro code  0x08009cfc    0xc12  xprintflarge_nomb.o [3]
  .rodata             const    0x0800a90e      0x2  gapc_task.o [4]
  .text               ro code  0x0800a910    0x2fc  nvds.o [4]
  .text               ro code  0x0800ac0c     0x58  ke.o [4]
  .text               ro code  0x0800ac64    0x86c  Interface.o [1]
  .text               ro code  0x0800b4d0    0x368  h4tl.o [4]
  .text               ro code  0x0800b838     0x38  rwble_hl.o [4]
  .text               ro code  0x0800b870    0x242  user.o [1]
  .rodata             const    0x0800bab2      0x2  gapm_task.o [4]
  .text               ro code  0x0800bab4    0x654  hci_tl.o [4]
  .text               ro code  0x0800c108      0x4  smpc_util.o [4]
  .text               ro code  0x0800c10c      0x4  smpc_util.o [4]
  .text               ro code  0x0800c110     0x16  strchr.o [7]
  .rodata             const    0x0800c126      0x2  gapm_task.o [4]
  .text               ro code  0x0800c128     0x36  strlen.o [7]
  .rodata             const    0x0800c15e      0x2  gapm_task.o [4]
  .text               ro code  0x0800c160     0x58  memchr.o [7]
  .text               ro code  0x0800c1b8     0xee  I64DivMod.o [7]
  .text               ro code  0x0800c2a6     0x44  xdnorm.o [5]
  .rodata             const    0x0800c2ea      0x2  gapm_task.o [4]
  .text               ro code  0x0800c2ec     0x2e  DblCmpLe.o [5]
  .rodata             const    0x0800c31a      0x2  gapm_task.o [4]
  .text               ro code  0x0800c31c    0x1a2  DblMul.o [5]
  .rodata             const    0x0800c4be      0x2  gapm_task.o [4]
  .text               ro code  0x0800c4c0    0x256  DblDiv.o [5]
  .rodata             const    0x0800c716      0x2  gapm_task.o [4]
  .text               ro code  0x0800c718     0x2c  DblToI32.o [5]
  .text               ro code  0x0800c744     0x1c  I32ToDbl.o [5]
  .text               ro code  0x0800c760    0x180  DblSub.o [5]
  .text               ro code  0x0800c8e0     0x6c  localeconv.o [3]
  .text               ro code  0x0800c94c      0xe  div.o [3]
  .rodata             const    0x0800c95a      0x2  gapm_task.o [4]
  .text               ro code  0x0800c95c    0x2d4  Eif_iom.o [6]
  .text               ro code  0x0800cc30      0x6  ABImemclr4.o [7]
  .rodata             const    0x0800cc36      0x2  gapm_task.o [4]
  .text               ro code  0x0800cc38    0x174  Eif_spi.o [6]
  .text               ro code  0x0800cdac     0x28  Eif_timer.o [1]
  .text               ro code  0x0800cdd4     0xac  n32wb452_ble_api.o [1]
  .text               ro code  0x0800ce80    0x19c  app.o [1]
  .text               ro code  0x0800d01c      0xa  h4tl.o [4]
  .rodata             const    0x0800d026      0x2  l2cc_pdu.o [4]
  .text               ro code  0x0800d028    0x114  hci_msg.o [4]
  .text               ro code  0x0800d13c    0x33c  hci_util.o [4]
  .text               ro code  0x0800d478      0x2  I64DivZer.o [7]
  .rodata             const    0x0800d47a      0x2  l2cc_pdu.o [4]
  .text               ro code  0x0800d47c     0xd4  DblAdd.o [5]
  .text               ro code  0x0800d550      0x2  xtls.o [3]
  .rodata             const    0x0800d552      0x2  l2cc_pdu.o [4]
  .text               ro code  0x0800d554    0x2d4  n32wb452_rcc.o [1]
  .text               ro code  0x0800d828    0x374  n32wb452_gpio.o [1]
  .text               ro code  0x0800db9c     0xc8  n32wb452_exti.o [1]
  .text               ro code  0x0800dc64     0x7c  misc.o [1]
  .text               ro code  0x0800dce0    0x624  n32wb452_qspi.o [6]
  .text               ro code  0x0800e304     0x32  ABImemset48.o [7]
  .rodata             const    0x0800e336      0x2  hci_msg.o [4]
  .text               ro code  0x0800e338     0xf0  n32wb452_bt_drv.o [6]
  .text               ro code  0x0800e428    0x168  ble_monitor.o [6]
  .text               ro code  0x0800e590    0x10c  bsp_timer.o [1]
  .text               ro code  0x0800e69c    0x1a0  n32wb452_data_fifo.o [1]
  .text               ro code  0x0800e83c    0x118  app_user.o [1]
  .text               ro code  0x0800e954     0x16  hci_util.o [4]
  .text               ro code  0x0800e96a     0x1a  hci_util.o [4]
  .text               ro code  0x0800e984    0x2cc  n32wb452_tim.o [1]
  .text               ro code  0x0800ec50   0x11b0  gapc_task.o [4]
  .text               ro code  0x0800fe00      0x8  gapc_task.o [4]
  .text               ro code  0x0800fe08     0xf8  gapc_sig.o [4]
  .text               ro code  0x0800ff00    0xa2c  smpc_api.o [4]
  .text               ro code  0x0801092c     0xe0  rand.o [3]
  .text               ro code  0x08010a0c      0x4  smpc_api.o [4]
  .rodata             const    0x08010a10    0xc80  Interface.o [1]
  .text               ro code  0x08011690    0xb5c  gapm_hci.o [4]
  .text               ro code  0x080121ec     0xbc  smpm_api.o [4]
  .text               ro code  0x080122a8    0xaf8  main.o [1]
  .text               ro code  0x08012da0    0x568  lcd_display.o [1]
  .text               ro code  0x08013308    0x1ba  n32wb452_usart.o [1]
  .rodata             const    0x080134c2      0x2  hci_msg.o [4]
  .text               ro code  0x080134c4    0x17e  bsp_adc.o [1]
  .rodata             const    0x08013642      0x1  l2cc_pdu.o [4]
  .text               ro code  0x08013644    0x112  HDC2010.o [1]
  .text               ro code  0x08013758    0x320  hdc_i2c_drv.o [1]
  .text               ro code  0x08013a78    0x30e  qma_i2c_drv.o [1]
  .text               ro code  0x08013d88     0x50  n32wb452_pwr.o [1]
  .text               ro code  0x08013dd8    0x1b0  system_n32wb452.o [1]
  .text               ro code  0x08013f88     0xd0  log.o [1]
  .text               ro code  0x08014058     0x5a  gsensor.o [1]
  .text               ro code  0x080140b4    0x46c  lcd_gui.o [1]
  .text               ro code  0x08014520    0x4e0  lcd_drv.o [1]
  .text               ro code  0x08014a00     0x34  sprintf.o [3]
  .text               ro code  0x08014a34     0x4e  FltToDbl.o [5]
  .text               ro code  0x08014a84    0x23a  n32wb452_adc.o [1]
  .text               ro code  0x08014cc0    0x236  n32wb452_i2c.o [1]
  .text               ro code  0x08014ef8     0x72  n32wb452_spi.o [1]
  .text               ro code  0x08014f6c     0xc8  bsp_spi.o [1]
  .text               ro code  0x08015034    0xac8  gapm_task.o [4]
  .rodata             const    0x08015afc    0xa54  Interface.o [1]
  .text               ro code  0x08016550    0x824  gapc_hci.o [4]
  .text               ro code  0x08016d74    0x604  gattc_task.o [4]
  .text               ro code  0x08017378     0xf8  attc.o [4]
  .text               ro code  0x08017470    0x470  app_task.o [1]
  .text               ro code  0x080178e0    0x392  app_sec.o [1]
  .text               ro code  0x08017c74    0x240  user_task.o [1]
  .rodata             const    0x08017eb4    0x228  hci_msg.o [4]
  .rodata             const    0x080180dc    0x1dc  Interface.o [1]
  .rodata             const    0x080182b8    0x108  gapm_hci.o [4]
  .rodata             const    0x080183c0    0x100  Interface.o [1]
  .rodata             const    0x080184c0    0x100  gapc_task.o [4]
  .text               ro code  0x080185c0     0xce  packbits_init.o [7]
  .text               ro code  0x0801868e      0x6  abort.o [3]
  .text               ro code  0x08018694     0x14  exit.o [8]
  .rodata             const    0x080186a8     0xc8  gapm_task.o [4]
  .rodata             const    0x08018770     0xbc  Interface.o [1]
  .rodata             const    0x0801882c     0x90  app_task.o [1]
  .rodata             const    0x080188bc     0x7c  l2cc_pdu.o [4]
  .rodata             const    0x08018938     0x78  hci_msg.o [4]
  .text               ro code  0x080189b0     0x6c  n32wb452_it.o [1]
  .rodata             const    0x08018a1c     0x68  atts.o [4]
  .rodata             const    0x08018a84     0x5c  l2cc_pdu.o [4]
  .rodata             const    0x08018ae0     0x58  gattc_task.o [4]
  .rodata             const    0x08018b38     0x48  gapm.o [4]
  .rodata             const    0x08018b80     0x48  hci_msg.o [4]
  .rodata             const    0x08018bc8     0x48  hci_msg.o [4]
  .rodata             const    0x08018c10     0x40  lcd_gui.o [1]
  .text               ro code  0x08018c50     0x40  zero_init3.o [7]
  .rodata             const    0x08018c90     0x3c  l2cc_pdu.o [4]
  .rodata             const    0x08018ccc     0x3c  smpc_util.o [4]
  .rodata             const    0x08018d08     0x3c  smpc_util.o [4]
  .rodata             const    0x08018d44     0x3c  hci_msg.o [4]
  .rodata             const    0x08018d80     0x38  lcd_gui.o [1]
  .rodata             const    0x08018db8     0x38  gapc_hci.o [4]
  .rodata             const    0x08018df0     0x38  l2cc_task.o [4]
  .rodata             const    0x08018e28     0x34  n32wb452_it.o [1]
  .rodata             const    0x08018e5c     0x30  user_task.o [1]
  .rodata             const    0x08018e8c     0x30  hci_msg.o [4]
  .rodata             const    0x08018ebc     0x28  app_sec.o [1]
  .rodata             const    0x08018ee4     0x28  gapc_hci.o [4]
  .rodata             const    0x08018f0c     0x28  gapc_hci.o [4]
  .text               ro code  0x08018f34     0x28  data_init.o [7]
  .rodata             const    0x08018f5c     0x24  n32wb452_it.o [1]
  .rodata             const    0x08018f80     0x24  n32wb452_it.o [1]
  .rodata             const    0x08018fa4     0x24  n32wb452_it.o [1]
  .rodata             const    0x08018fc8     0x24  n32wb452_it.o [1]
  .rodata             const    0x08018fec     0x24  atts.o [4]
  .rodata             const    0x08019010     0x24  hci_msg.o [4]
  .rodata             const    0x08019034     0x24  hci_msg.o [4]
  .text               ro code  0x08019058     0x22  fpinit_M.o [5]
  .iar.init_table     const    0x0801907c     0x2c  - Linker created -
  .rodata             const    0x080190a8     0x20  Interface.o [1]
  .rodata             const    0x080190c8     0x20  Interface.o [1]
  .rodata             const    0x080190e8     0x20  Interface.o [1]
  .rodata             const    0x08019108     0x20  Interface.o [1]
  .rodata             const    0x08019128     0x20  lcd_gui.o [1]
  .rodata             const    0x08019148     0x20  main.o [1]
  .rodata             const    0x08019168     0x20  n32wb452_rcc.o [1]
  .rodata             const    0x08019188     0x20  user.o [1]
  .rodata             const    0x080191a8     0x20  gattm.o [4]
  .rodata             const    0x080191c8     0x20  gapc_hci.o [4]
  .rodata             const    0x080191e8     0x1c  main.o [1]
  .rodata             const    0x08019204     0x1c  smpc.o [4]
  .text               ro code  0x08019220     0x1a  cmain.o [7]
  .text               ro code  0x0801923a      0x4  low_level_init.o [3]
  .text               ro code  0x0801923e      0x4  exit.o [3]
  .text               ro code  0x08019244      0xa  cexit.o [7]
  .rodata             const    0x08019250     0x18  main.o [1]
  .rodata             const    0x08019268     0x18  gapc_sig.o [4]
  .rodata             const    0x08019280     0x18  l2cc_sig.o [4]
  .text               ro code  0x08019298     0x16  xprout.o [3]
  .text               ro code  0x080192b0      0xc  putchar.o [3]
  .rodata             const    0x080192bc     0x14  Interface.o [1]
  .rodata             const    0x080192d0     0x14  lcd_display.o [1]
  .rodata             const    0x080192e4     0x14  main.o [1]
  .rodata             const    0x080192f8     0x14  main.o [1]
  .rodata             const    0x0801930c     0x14  main.o [1]
  .rodata             const    0x08019320     0x14  main.o [1]
  .rodata             const    0x08019334     0x14  main.o [1]
  .rodata             const    0x08019348     0x14  main.o [1]
  .rodata             const    0x0801935c     0x14  main.o [1]
  .rodata             const    0x08019370     0x14  main.o [1]
  .rodata             const    0x08019384     0x14  main.o [1]
  .rodata             const    0x08019398     0x10  app.o [1]
  .rodata             const    0x080193a8     0x10  Interface.o [1]
  .rodata             const    0x080193b8     0x10  lcd_display.o [1]
  .rodata             const    0x080193c8     0x10  lcd_display.o [1]
  .rodata             const    0x080193d8     0x10  lcd_display.o [1]
  .rodata             const    0x080193e8     0x10  lcd_display.o [1]
  .rodata             const    0x080193f8     0x10  lcd_display.o [1]
  .rodata             const    0x08019408     0x10  main.o [1]
  .rodata             const    0x08019418     0x10  main.o [1]
  .rodata             const    0x08019428     0x10  main.o [1]
  .rodata             const    0x08019438     0x10  main.o [1]
  .rodata             const    0x08019448     0x10  main.o [1]
  .rodata             const    0x08019458     0x10  n32wb452_it.o [1]
  .rodata             const    0x08019468     0x10  n32wb452_rcc.o [1]
  .rodata             const    0x08019478     0x10  n32wb452_rcc.o [1]
  .rodata             const    0x08019488     0x10  user.o [1]
  .rodata             const    0x08019498     0x10  gapm.o [4]
  .rodata             const    0x080194a8     0x10  gattc.o [4]
  .rodata             const    0x080194b8     0x10  attm.o [4]
  .rodata             const    0x080194c8     0x10  attm.o [4]
  .rodata             const    0x080194d8     0x10  attm.o [4]
  .rodata             const    0x080194e8     0x10  gapc.o [4]
  .rodata             const    0x080194f8     0x10  gattm.o [4]
  .rodata             const    0x08019508     0x10  smpc.o [4]
  .rodata             const    0x08019518     0x10  gapm_hci.o [4]
  .rodata             const    0x08019528     0x10  l2cc.o [4]
  .rodata             const    0x08019538     0x10  hci_msg.o [4]
  .rodata             const    0x08019548     0x10  hci_msg.o [4]
  .text               ro code  0x08019558     0x10  startup_n32wb452_EWARM.o [1]
  .rodata             const    0x08019568      0xc  lcd_display.o [1]
  .rodata             const    0x08019574      0xc  lcd_display.o [1]
  .rodata             const    0x08019580      0xc  main.o [1]
  .rodata             const    0x0801958c      0xc  n32wb452_ble_api.o [1]
  .rodata             const    0x08019598      0xc  n32wb452_it.o [1]
  .rodata             const    0x080195a4      0xc  gapc_task.o [4]
  .rodata             const    0x080195b0      0xc  hci_msg.o [4]
  .rodata             const    0x080195bc      0xc  hci_msg.o [4]
  .rodata             const    0x080195c8      0xc  hci_msg.o [4]
  .rodata             const    0x080195d4      0xc  hci_msg.o [4]
  .text               ro code  0x080195e0      0xc  cstartup_M.o [7]
  .rodata             const    0x080195ec      0x8  app_sec.o [1]
  .rodata             const    0x080195f4      0x8  app_task.o [1]
  .rodata             const    0x080195fc      0x8  app_user.o [1]
  .rodata             const    0x08019604      0x8  app_user.o [1]
  .rodata             const    0x0801960c      0x8  Interface.o [1]
  .rodata             const    0x08019614      0x8  Interface.o [1]
  .rodata             const    0x0801961c      0x8  Interface.o [1]
  .rodata             const    0x08019624      0x8  Interface.o [1]
  .rodata             const    0x0801962c      0x8  Interface.o [1]
  .rodata             const    0x08019634      0x8  lcd_display.o [1]
  .rodata             const    0x0801963c      0x8  user_task.o [1]
  .rodata             const    0x08019644      0x8  gapc_task.o [4]
  .rodata             const    0x0801964c      0x8  Eif_spi.o [6]
  .rodata             const    0x08019654      0x8  attm.o [4]
  .rodata             const    0x0801965c      0x8  attm.o [4]
  .rodata             const    0x08019664      0x8  attm.o [4]
  .rodata             const    0x0801966c      0x8  attm.o [4]
  .rodata             const    0x08019674      0x8  attm.o [4]
  .rodata             const    0x0801967c      0x8  h4tl.o [4]
  .rodata             const    0x08019684      0x8  ke_mem.o [4]
  .rodata             const    0x0801968c      0x8  gapm_task.o [4]
  .rodata             const    0x08019694      0x8  gapm_task.o [4]
  .rodata             const    0x0801969c      0x8  gapm_task.o [4]
  .rodata             const    0x080196a4      0x8  gapm_task.o [4]
  .rodata             const    0x080196ac      0x8  gapm_task.o [4]
  .rodata             const    0x080196b4      0x8  hci.o [4]
  .rodata             const    0x080196bc      0x8  hci.o [4]
  .rodata             const    0x080196c4      0x8  l2cc_task.o [4]
  .rodata             const    0x080196cc      0x8  atts.o [4]
  .rodata             const    0x080196d4      0x8  atts.o [4]
  .rodata             const    0x080196dc      0x8  atts.o [4]
  .rodata             const    0x080196e4      0x8  atts.o [4]
  .rodata             const    0x080196ec      0x8  atts.o [4]
  .rodata             const    0x080196f4      0x8  atts.o [4]
  .rodata             const    0x080196fc      0x8  atts.o [4]
  .rodata             const    0x08019704      0x8  atts.o [4]
  .rodata             const    0x0801970c      0x8  atts.o [4]
  .rodata             const    0x08019714      0x8  atts.o [4]
  .rodata             const    0x0801971c      0x8  atts.o [4]
  .rodata             const    0x08019724      0x8  atts.o [4]
  .rodata             const    0x0801972c      0x8  atts.o [4]
  .rodata             const    0x08019734      0x8  atts.o [4]
  .rodata             const    0x0801973c      0x8  gattc_task.o [4]
  .rodata             const    0x08019744      0x8  gapm_util.o [4]
  .rodata             const    0x0801974c      0x8  gapm_util.o [4]
  .rodata             const    0x08019754      0x8  gattm_task.o [4]
  .rodata             const    0x0801975c      0x8  gattm_task.o [4]
  .rodata             const    0x08019764      0x8  l2cc_pdu.o [4]
  .rodata             const    0x0801976c      0x8  l2cc_pdu.o [4]
  .rodata             const    0x08019774      0x8  l2cc_pdu.o [4]
  .rodata             const    0x0801977c      0x8  l2cc_pdu.o [4]
  .rodata             const    0x08019784      0x8  l2cc_pdu.o [4]
  .rodata             const    0x0801978c      0x8  l2cc_pdu.o [4]
  .rodata             const    0x08019794      0x8  l2cc_pdu.o [4]
  .rodata             const    0x0801979c      0x8  attc.o [4]
  .rodata             const    0x080197a4      0x8  hci_msg.o [4]
  .rodata             const    0x080197ac      0x8  hci_msg.o [4]
  .rodata             const    0x080197b4      0x8  hci_msg.o [4]
  .rodata             const    0x080197bc      0x8  hci_msg.o [4]
  .rodata             const    0x080197c4      0x8  hci_msg.o [4]
  .rodata             const    0x080197cc      0x8  hci_msg.o [4]
  .rodata             const    0x080197d4      0x8  hci_msg.o [4]
  .rodata             const    0x080197dc      0x8  hci_msg.o [4]
  .rodata             const    0x080197e4      0x8  hci_msg.o [4]
  .rodata             const    0x080197ec      0x8  hci_msg.o [4]
  .rodata             const    0x080197f4      0x8  hci_msg.o [4]
  .rodata             const    0x080197fc      0x8  hci_msg.o [4]
  .rodata             const    0x08019804      0x8  hci_msg.o [4]
  .rodata             const    0x0801980c      0x8  hci_msg.o [4]
  .rodata             const    0x08019814      0x8  hci_msg.o [4]
  .rodata             const    0x0801981c      0x8  hci_msg.o [4]
  .rodata             const    0x08019824      0x8  hci_msg.o [4]
  .rodata             const    0x0801982c      0x8  hci_msg.o [4]
  .rodata             const    0x08019834      0x4  app.o [1]
  .rodata             const    0x08019838      0x4  gapc_task.o [4]
  .rodata             const    0x0801983c      0x4  nvds.o [4]
  .rodata             const    0x08019840      0x4  gapm_task.o [4]
  .rodata             const    0x08019844      0x4  gattm.o [4]
  .rodata             const    0x08019848      0x4  gattc_task.o [4]
  .rodata             const    0x0801984c      0x4  gattc_task.o [4]
  .rodata             const    0x08019850      0x4  l2cc_pdu.o [4]
  .rodata             const    0x08019854      0x4  l2cc_pdu.o [4]
  .rodata             const    0x08019858      0x4  l2cc_pdu.o [4]
  .rodata             const    0x0801985c      0x4  l2cc_pdu.o [4]
  .rodata             const    0x08019860      0x4  l2cc_pdu.o [4]
  .rodata             const    0x08019864      0x4  l2cc_pdu.o [4]
  .rodata             const    0x08019868      0x4  l2cc_pdu.o [4]
  .rodata             const    0x0801986c      0x4  l2cc_pdu.o [4]
  .rodata             const    0x08019870      0x4  l2cc_pdu.o [4]
  .rodata             const    0x08019874      0x4  hci_msg.o [4]
  .rodata             const    0x08019878      0x4  hci_msg.o [4]
  .rodata             const    0x0801987c      0x4  hci_msg.o [4]
  .rodata             const    0x08019880      0x4  hci_msg.o [4]
  .rodata             const    0x08019884      0x4  hci_msg.o [4]
  .rodata             const    0x08019888      0x4  hci_msg.o [4]
  .rodata             const    0x0801988c      0x4  hci_msg.o [4]
  .rodata             const    0x08019890      0x4  hci_msg.o [4]
  .rodata             const    0x08019894      0x4  hci_msg.o [4]
  .rodata             const    0x08019898      0x4  hci_msg.o [4]
  .rodata             const    0x0801989c      0x4  hci_msg.o [4]
  .rodata             const    0x080198a0      0x4  hci_msg.o [4]
  .rodata             const    0x080198a4      0x4  hci_msg.o [4]
  .rodata             const    0x080198a8      0x4  hci_msg.o [4]
  .text               ro code  0x080198ac      0x4  startup_n32wb452_EWARM.o [1]
  .text               ro code  0x080198b0      0x4  startup_n32wb452_EWARM.o [1]
  .text               ro code  0x080198b4      0x4  startup_n32wb452_EWARM.o [1]
  .text               ro code  0x080198b8      0x4  startup_n32wb452_EWARM.o [1]
  .text               ro code  0x080198bc      0x4  startup_n32wb452_EWARM.o [1]
  .text               ro code  0x080198c0      0x4  startup_n32wb452_EWARM.o [1]
  .text               ro code  0x080198c4      0x4  startup_n32wb452_EWARM.o [1]
  .text               ro code  0x080198c8      0x4  startup_n32wb452_EWARM.o [1]
  .text               ro code  0x080198cc      0x4  startup_n32wb452_EWARM.o [1]
  .text               ro code  0x080198d0      0x4  startup_n32wb452_EWARM.o [1]
  .text               ro code  0x080198d4      0x4  startup_n32wb452_EWARM.o [1]
  .text               ro code  0x080198d8      0x4  startup_n32wb452_EWARM.o [1]
  .text               ro code  0x080198dc      0x4  startup_n32wb452_EWARM.o [1]
  .text               ro code  0x080198e0      0x4  startup_n32wb452_EWARM.o [1]
  .text               ro code  0x080198e4      0x4  startup_n32wb452_EWARM.o [1]
  .text               ro code  0x080198e8      0x4  startup_n32wb452_EWARM.o [1]
  .text               ro code  0x080198ec      0x4  startup_n32wb452_EWARM.o [1]
  .text               ro code  0x080198f0      0x4  startup_n32wb452_EWARM.o [1]
  .text               ro code  0x080198f4      0x4  startup_n32wb452_EWARM.o [1]
  .text               ro code  0x080198f8      0x4  startup_n32wb452_EWARM.o [1]
  .text               ro code  0x080198fc      0x4  startup_n32wb452_EWARM.o [1]
  .text               ro code  0x08019900      0x4  startup_n32wb452_EWARM.o [1]
  .text               ro code  0x08019904      0x4  startup_n32wb452_EWARM.o [1]
  .text               ro code  0x08019908      0x4  startup_n32wb452_EWARM.o [1]
  .text               ro code  0x0801990c      0x4  startup_n32wb452_EWARM.o [1]
  .text               ro code  0x08019910      0x4  startup_n32wb452_EWARM.o [1]
  .text               ro code  0x08019914      0x4  startup_n32wb452_EWARM.o [1]
  .text               ro code  0x08019918      0x4  startup_n32wb452_EWARM.o [1]
  .text               ro code  0x0801991c      0x4  startup_n32wb452_EWARM.o [1]
  .text               ro code  0x08019920      0x4  startup_n32wb452_EWARM.o [1]
  .text               ro code  0x08019924      0x4  startup_n32wb452_EWARM.o [1]
  .text               ro code  0x08019928      0x4  startup_n32wb452_EWARM.o [1]
  .text               ro code  0x0801992c      0x4  startup_n32wb452_EWARM.o [1]
  .text               ro code  0x08019930      0x4  startup_n32wb452_EWARM.o [1]
  .text               ro code  0x08019934      0x4  startup_n32wb452_EWARM.o [1]
  .text               ro code  0x08019938      0x4  startup_n32wb452_EWARM.o [1]
  .text               ro code  0x0801993c      0x4  startup_n32wb452_EWARM.o [1]
  .text               ro code  0x08019940      0x4  startup_n32wb452_EWARM.o [1]
  .text               ro code  0x08019944      0x4  startup_n32wb452_EWARM.o [1]
  .text               ro code  0x08019948      0x4  startup_n32wb452_EWARM.o [1]
  .text               ro code  0x0801994c      0x4  startup_n32wb452_EWARM.o [1]
  .text               ro code  0x08019950      0x4  startup_n32wb452_EWARM.o [1]
  .text               ro code  0x08019954      0x4  startup_n32wb452_EWARM.o [1]
  .text               ro code  0x08019958      0x4  startup_n32wb452_EWARM.o [1]
  .text               ro code  0x0801995c      0x4  startup_n32wb452_EWARM.o [1]
  .text               ro code  0x08019960      0x4  startup_n32wb452_EWARM.o [1]
  .text               ro code  0x08019964      0x4  startup_n32wb452_EWARM.o [1]
  .text               ro code  0x08019968      0x4  startup_n32wb452_EWARM.o [1]
  .text               ro code  0x0801996c      0x4  startup_n32wb452_EWARM.o [1]
  .text               ro code  0x08019970      0x4  startup_n32wb452_EWARM.o [1]
  .text               ro code  0x08019974      0x4  startup_n32wb452_EWARM.o [1]
  .text               ro code  0x08019978      0x4  startup_n32wb452_EWARM.o [1]
  .text               ro code  0x0801997c      0x4  startup_n32wb452_EWARM.o [1]
  .text               ro code  0x08019980      0x4  startup_n32wb452_EWARM.o [1]
  .text               ro code  0x08019984      0x4  startup_n32wb452_EWARM.o [1]
  .text               ro code  0x08019988      0x4  startup_n32wb452_EWARM.o [1]
  .text               ro code  0x0801998c      0x4  startup_n32wb452_EWARM.o [1]
  .text               ro code  0x08019990      0x4  startup_n32wb452_EWARM.o [1]
  .text               ro code  0x08019994      0x4  startup_n32wb452_EWARM.o [1]
  .text               ro code  0x08019998      0x4  startup_n32wb452_EWARM.o [1]
  .text               ro code  0x0801999c      0x4  startup_n32wb452_EWARM.o [1]
  .text               ro code  0x080199a0      0x4  startup_n32wb452_EWARM.o [1]
  .text               ro code  0x080199a4      0x4  startup_n32wb452_EWARM.o [1]
  .text               ro code  0x080199a8      0x4  startup_n32wb452_EWARM.o [1]
  .text               ro code  0x080199ac      0x4  startup_n32wb452_EWARM.o [1]
  .text               ro code  0x080199b0      0x4  startup_n32wb452_EWARM.o [1]
  .text               ro code  0x080199b4      0x4  startup_n32wb452_EWARM.o [1]
  .text               ro code  0x080199b8      0x4  startup_n32wb452_EWARM.o [1]
  .text               ro code  0x080199bc      0x4  startup_n32wb452_EWARM.o [1]
  .text               ro code  0x080199c0      0x4  startup_n32wb452_EWARM.o [1]
  .text               ro code  0x080199c4      0x4  startup_n32wb452_EWARM.o [1]
  .text               ro code  0x080199c8      0x4  startup_n32wb452_EWARM.o [1]
  .text               ro code  0x080199cc      0x4  startup_n32wb452_EWARM.o [1]
  .text               ro code  0x080199d0      0x4  startup_n32wb452_EWARM.o [1]
  .text               ro code  0x080199d4      0x4  startup_n32wb452_EWARM.o [1]
  .text               ro code  0x080199d8      0x4  gattm_task.o [4]
  .rodata             const    0x080199dc      0x0  zero_init3.o [7]
  .rodata             const    0x080199dc      0x0  packbits_init.o [7]
  Initializer bytes   const    0x080199dc     0x60  <for P4 s0>
                             - 0x08019a3c  0x198a4

"P3":                                      0x1c200
  .no_retention       uninit   0x20000000  0x1c200  lcd_display.o [1]
                             - 0x2001c200  0x1c200

"P4", part 1 of 3:                           0x389
  P4 s0                        0x20020000    0x389  <Init block>
    .data             inited   0x20020000    0x218  n32wb452_data_fifo.o [1]
    __DLIB_PERTHREAD  inited   0x20020218     0x8c  rand.o [3]
    __DLIB_PERTHREAD  inited   0x200202a4     0x88  localeconv.o [3]
    .data             inited   0x2002032c     0x40  xfiles.o [3]
    .data             inited   0x2002036c      0x8  font24.o [1]
    .data             inited   0x20020374      0x4  hdc_i2c_drv.o [1]
    .data             inited   0x20020378      0x4  lcd_display.o [1]
    .data             inited   0x2002037c      0x4  qma_i2c_drv.o [1]
    .data             inited   0x20020380      0x4  system_n32wb452.o [1]
    .data             inited   0x20020384      0x2  lcd_display.o [1]
    .data             inited   0x20020386      0x1  main.o [1]
    .data             inited   0x20020387      0x1  ble_monitor.o [6]
    .data             inited   0x20020388      0x1  ble_monitor.o [6]
                             - 0x20020389    0x389

"P4", part 2 of 3:                          0x1c04
  .bss                zero     0x2002038c    0xe0c  rwip.o [4]
  .bss                zero     0x20021198    0x400  main.o [1]
  .bss                zero     0x20021598    0x20c  rwip.o [4]
  .bss                zero     0x200217a4    0x20c  rwip.o [4]
  .bss                zero     0x200219b0    0x100  main.o [1]
  .bss                zero     0x20021ab0     0xc8  rwip.o [4]
  .bss                zero     0x20021b78     0x9c  app.o [1]
  .bss                zero     0x20021c14     0x68  lcd_display.o [1]
  .bss                zero     0x20021c7c     0x68  lcd_display.o [1]
  .bss                zero     0x20021ce4     0x60  main.o [1]
  .bss                zero     0x20021d44     0x50  xfiles.o [3]
  .bss                zero     0x20021d94     0x30  ke.o [4]
  .bss                zero     0x20021dc4     0x2c  gapm.o [4]
  .bss                zero     0x20021df0     0x2c  ke_task.o [4]
  .bss                zero     0x20021e1c     0x20  Interface.o [1]
  .bss                zero     0x20021e3c     0x20  gattm.o [4]
  .bss                zero     0x20021e5c     0x1c  lcd_gui.o [1]
  .bss                zero     0x20021e78     0x18  prf.o [1]
  .bss                zero     0x20021e90     0x18  nvds.o [4]
  .bss                zero     0x20021ea8     0x18  Eif_spi.o [6]
  .bss                zero     0x20021ec0     0x18  hci_tl.o [4]
  .bss                zero     0x20021ed8     0x14  ke_event.o [4]
  .bss                zero     0x20021eec     0x14  h4tl.o [4]
  .bss                zero     0x20021f00     0x14  hci.o [4]
  .bss                zero     0x20021f14      0xc  app_user.o [1]
  .bss                zero     0x20021f20      0xc  l2cm.o [4]
  .bss                zero     0x20021f2c      0x8  lcd_display.o [1]
  .bss                zero     0x20021f34      0x8  lcd_drv.o [1]
  .bss                zero     0x20021f3c      0x8  main.o [1]
  .bss                zero     0x20021f44      0x8  main.o [1]
  .bss                zero     0x20021f4c      0x4  app_sec.o [1]
  .bss                zero     0x20021f50      0x4  bsp_timer.o [1]
  .bss                zero     0x20021f54      0x4  log.o [1]
  .bss                zero     0x20021f58      0x4  main.o [1]
  .bss                zero     0x20021f5c      0x4  main.o [1]
  .bss                zero     0x20021f60      0x4  n32wb452_ble_api.o [1]
  .bss                zero     0x20021f64      0x4  n32wb452_ble_api.o [1]
  .bss                zero     0x20021f68      0x4  n32wb452_ble_api.o [1]
  .bss                zero     0x20021f6c      0x4  n32wb452_ble_api.o [1]
  .bss                zero     0x20021f70      0x4  gattc.o [4]
  .bss                zero     0x20021f74      0x4  gapc.o [4]
  .bss                zero     0x20021f78      0x4  l2cc.o [4]
  .bss                zero     0x20021f7c      0x2  main.o [1]
  .bss                zero     0x20021f7e      0x2  main.o [1]
  .bss                zero     0x20021f80      0x2  main.o [1]
  .bss                zero     0x20021f82      0x1  app_task.o [1]
  .bss                zero     0x20021f83      0x1  main.o [1]
  .bss                zero     0x20021f84      0x1  main.o [1]
  .bss                zero     0x20021f85      0x1  main.o [1]
  .bss                zero     0x20021f86      0x1  main.o [1]
  .bss                zero     0x20021f87      0x1  gapc_task.o [4]
  .bss                zero     0x20021f88      0x1  ble_monitor.o [6]
  .bss                zero     0x20021f89      0x1  ble_monitor.o [6]
  .bss                zero     0x20021f8a      0x1  ble_monitor.o [6]
  .bss                zero     0x20021f8b      0x1  gapm_task.o [4]
  .bss                zero     0x20021f8c      0x1  l2cc_task.o [4]
  .bss                zero     0x20021f8d      0x1  gattc_task.o [4]
  .bss                zero     0x20021f8e      0x1  gattm_task.o [4]
                             - 0x20021f8f   0x1c03

"P4", part 3 of 3:                          0x1500
  CSTACK                       0x20021f90   0x1500  <Block>
    CSTACK            uninit   0x20021f90   0x1500  <Block tail>
                             - 0x20023490   0x1500


*******************************************************************************
*** INIT TABLE
***

          Address     Size
          -------     ----
Zero (__iar_zero_init3)
    1 destination range, total size 0x1c03:
          0x2002038c  0x1c03

Copy/packbits (__iar_packbits_init3)
    1 source range, total size 0x60 (10% of destination):
          0x080199dc    0x60
    1 destination range, total size 0x389:
          0x20020000   0x389



*******************************************************************************
*** MODULE SUMMARY
***

    Module                    ro code  ro data  rw data
    ------                    -------  -------  -------
D:\linfuliang_work\pro\NS3601\SVN_tmp\SDK_Make\N32WB452\projects\n32wb452_EVAL\examples\BLE\devBoardDemo\EWARM\DevDemo_16bit\Obj: [1]
    Eif_flash.o                    14
    Eif_timer.o                    40
    HDC2010.o                     274
    Interface.o                 2 156    6 968       32
    app.o                         412       20      156
    app_sec.o                     914       48        4
    app_task.o                  1 136      152        1
    app_user.o                    280       16       12
    bsp_adc.o                     382
    bsp_spi.o                     200
    bsp_timer.o                   268                 4
    font24.o                             6 841        8
    gsensor.o                      90
    hdc_i2c_drv.o                 800        1        4
    lcd_display.o               1 384      132  115 422
    lcd_drv.o                   1 248                 8
    lcd_gui.o                   1 132      152       28
    log.o                         208                 4
    main.o                      2 808      356    1 411
    misc.o                        124
    n32wb452_adc.o                570
    n32wb452_ble_api.o            172       12       16
    n32wb452_data_fifo.o          416       56      536
    n32wb452_exti.o               200
    n32wb452_gpio.o               884
    n32wb452_i2c.o                566
    n32wb452_it.o                 108      224
    n32wb452_pwr.o                 80
    n32wb452_rcc.o                724       64
    n32wb452_spi.o                114
    n32wb452_tim.o                716
    n32wb452_usart.o              442
    prf.o                         828                24
    qma_i2c_drv.o                 782        1        4
    startup_n32wb452_EWARM.o      724
    system_n32wb452.o             432                 4
    user.o                        578       48
    user_task.o                   576       56
    ---------------------------------------------------
    Total:                     22 782   15 147  117 678

command line: [2]
    ---------------------------------------------------
    Total:

dl7M_tlf.a: [3]
    abort.o                         6
    div.o                          14
    exit.o                          4
    localeconv.o                  108       15      136
    low_level_init.o                4
    printf.o                       36
    putchar.o                      12
    rand.o                        224       15      140
    sprintf.o                      52
    xfiles.o                                 6      144
    xprintflarge_nomb.o         3 090
    xprout.o                       22
    xsprout.o                      10
    xtls.o                          2
    ---------------------------------------------------
    Total:                      3 584       36      420

host_16bit.a: [4]
    attc.o                        256        8
    attm.o                      1 672       88
    attm_db.o                   3 380
    atts.o                      6 356      252
    co_list.o                     236
    gapc.o                      2 414       16        4
    gapc_hci.o                  2 084      168
    gapc_sig.o                    248       24
    gapc_task.o                 4 536      292        1
    gapm.o                      1 092       88       44
    gapm_hci.o                  2 924      280
    gapm_task.o                 2 776      262        1
    gapm_util.o                 2 956       16
    gattc.o                     1 200       16        4
    gattc_task.o                1 540      104        1
    gattm.o                       202       52       32
    gattm_task.o                    4       16        1
    h4tl.o                        882        8       20
    hci.o                         148       16       20
    hci_msg.o                     276    1 280
    hci_tl.o                    1 620                24
    hci_util.o                    888
    ke.o                           96                48
    ke_event.o                    178                20
    ke_mem.o                      590        8
    ke_msg.o                      180
    ke_queue.o                    138
    ke_task.o                     600                44
    ke_timer.o                    556
    l2cc.o                      1 016       16        4
    l2cc_pdu.o                  1 812      375
    l2cc_sig.o                    380       24
    l2cc_task.o                   896       64        1
    l2cm.o                        248                12
    nvds.o                        764        4       24
    rwble_hl.o                     56
    rwip.o                        116             4 844
    smpc.o                      4 020       44
    smpc_api.o                  2 608
    smpc_util.o                 1 286      120
    smpm_api.o                    188
    ---------------------------------------------------
    Total:                     53 418    3 641    5 149

m7M_tls.a: [5]
    DblAdd.o                      212
    DblCmpLe.o                     46
    DblDiv.o                      598
    DblMul.o                      418
    DblSub.o                      384
    DblToI32.o                     44
    FltToDbl.o                     78
    I32ToDbl.o                     28
    fpinit_M.o                     34
    xdnorm.o                       68
    ---------------------------------------------------
    Total:                      1 910

n32wb452_ble_16bit.a: [6]
    Eif_iom.o                     724
    Eif_spi.o                     372        8       24
    ble_monitor.o                 360        1        5
    n32wb452_bt_drv.o             240
    n32wb452_qspi.o             1 572
    ---------------------------------------------------
    Total:                      3 268        9       29

rt7M_tl.a: [7]
    ABImemclr4.o                    6
    ABImemcpy_unaligned.o         118
    ABImemset.o                   102
    ABImemset48.o                  50
    I64DivMod.o                   238
    I64DivZer.o                     2
    cexit.o                        10
    cmain.o                        26
    cstartup_M.o                   12
    data_init.o                    40
    memchr.o                       88
    memcmp_unaligned.o             98
    packbits_init.o               206
    strchr.o                       22
    strlen.o                       54
    zero_init3.o                   64
    ---------------------------------------------------
    Total:                      1 136

shb_l.a: [8]
    exit.o                         20
    ---------------------------------------------------
    Total:                         20

    Gaps                           21        4
    Linker created                          44    5 376
-------------------------------------------------------
    Grand Total:               86 139   18 881  128 652


*******************************************************************************
*** ENTRY LIST
***

Entry                      Address     Size  Type      Object
-----                      -------     ----  ----      ------
.iar.init_table$$Base   0x0801907c            --   Gb  - Linker created -
.iar.init_table$$Limit  0x080190a8            --   Gb  - Linker created -
?main                   0x08019221           Code  Gb  cmain.o [7]
ADC_ClearFlag           0x08014c8b      0xc  Code  Gb  n32wb452_adc.o [1]
ADC_Config              0x08013501     0x98  Code  Gb  bsp_adc.o [1]
ADC_ConfigRegularChannel
                        0x08014b87     0xe8  Code  Gb  n32wb452_adc.o [1]
ADC_DeConfig            0x0801359d     0x14  Code  Gb  bsp_adc.o [1]
ADC_DeInit              0x08014a85     0x3e  Code  Gb  n32wb452_adc.o [1]
ADC_Enable              0x08014b27     0x1a  Code  Gb  n32wb452_adc.o [1]
ADC_EnableSoftwareStartConv
                        0x08014b6d     0x1a  Code  Gb  n32wb452_adc.o [1]
ADC_GetCalibrationStatus
                        0x08014b51     0x1c  Code  Gb  n32wb452_adc.o [1]
ADC_GetDat              0x08014c6f      0x6  Code  Gb  n32wb452_adc.o [1]
ADC_GetFlagStatus       0x08014c75     0x16  Code  Gb  n32wb452_adc.o [1]
ADC_GetFlagStatusNew    0x08014ca9     0x16  Code  Gb  n32wb452_adc.o [1]
ADC_GetSampleValue      0x080135b1     0x3c  Code  Gb  bsp_adc.o [1]
ADC_Init                0x08014ac3     0x4a  Code  Gb  n32wb452_adc.o [1]
ADC_InitStruct          0x08014b0d     0x1a  Code  Gb  n32wb452_adc.o [1]
ADC_StartCalibration    0x08014b41     0x10  Code  Gb  n32wb452_adc.o [1]
ADC_data_filter         0x080135ed     0x56  Code  Gb  bsp_adc.o [1]
APP_BtRcvDataBuffer     0x20020000    0x218  Data  Gb  n32wb452_data_fifo.o [1]
BT_get_version          0x0800ce5b     0x14  Code  Gb  n32wb452_ble_api.o [1]
BT_handle               0x0800ce53      0x8  Code  Gb  n32wb452_ble_api.o [1]
BT_init                 0x0800ce49      0xa  Code  Gb  n32wb452_ble_api.o [1]
BlackImage              0x20000000  0x1c200  Data  Gb  lcd_display.o [1]
BusFault_Handler        0x08018a13      0x2  Code  Gb  n32wb452_it.o [1]
CSTACK$$Base            0x20021f90            --   Gb  - Linker created -
CSTACK$$Limit           0x20023490            --   Gb  - Linker created -
CopyArray               0x08015afc    0xa54  Data  Gb  Interface.o [1]
DebugMon_Handler        0x08018a19      0x2  Code  Gb  n32wb452_it.o [1]
EXTI0_IRQHandler        0x08012891      0xa  Code  Gb  main.o [1]
EXTI15_10_IRQHandler    0x080122d5     0x30  Code  Gb  main.o [1]
EXTI9_5_IRQHandler      0x0801289b      0x8  Code  Gb  main.o [1]
EXTI_ClrITPendBit       0x0800dc4b      0x6  Code  Gb  n32wb452_exti.o [1]
EXTI_ClrStatusFlag      0x0800dc23      0x6  Code  Gb  n32wb452_exti.o [1]
EXTI_GetITStatus        0x0800dc29     0x22  Code  Gb  n32wb452_exti.o [1]
EXTI_InitPeripheral     0x0800db9d     0x86  Code  Gb  n32wb452_exti.o [1]
EXTI_NZ8801_STAIRQ_Config
                        0x0800ca3f     0x54  Code  Gb  Eif_iom.o [6]
EXTI_NZ8801_STAIRQ_Default
                        0x0800ca93     0x28  Code  Gb  Eif_iom.o [6]
Font24                  0x2002036c      0x8  Data  Gb  font24.o [1]
Font24_Table            0x08000198   0x1ab8  Data  Gb  font24.o [1]
GPIO_ConfigEXTILine     0x0800db33     0x4e  Code  Gb  n32wb452_gpio.o [1]
GPIO_ConfigPinRemap     0x0800d91d    0x216  Code  Gb  n32wb452_gpio.o [1]
GPIO_InitPeripheral     0x0800d829     0xc0  Code  Gb  n32wb452_gpio.o [1]
GPIO_ReadInputDataBit   0x0800d8e9     0x16  Code  Gb  n32wb452_gpio.o [1]
GPIO_ResetBits          0x0800d905      0x6  Code  Gb  n32wb452_gpio.o [1]
GPIO_SetBits            0x0800d8ff      0x6  Code  Gb  n32wb452_gpio.o [1]
GPIO_WriteBit           0x0800d90b     0x12  Code  Gb  n32wb452_gpio.o [1]
Get_Adc                 0x080134c5     0x3c  Code  Gb  bsp_adc.o [1]
HardFault_Handler       0x080189b3     0x40  Code  Gb  n32wb452_it.o [1]
I2CTimeout              0x20020374      0x4  Data  Lc  hdc_i2c_drv.o [1]
I2CTimeout              0x2002037c      0x4  Data  Lc  qma_i2c_drv.o [1]
I2C_CheckEvent          0x08014e8b     0x2a  Code  Gb  n32wb452_i2c.o [1]
I2C_ConfigAck           0x08014e4d     0x1c  Code  Gb  n32wb452_i2c.o [1]
I2C_DeInit              0x08014cc1     0x34  Code  Gb  n32wb452_i2c.o [1]
I2C_Enable              0x08014df9     0x1c  Code  Gb  n32wb452_i2c.o [1]
I2C_GenerateStart       0x08014e15     0x1c  Code  Gb  n32wb452_i2c.o [1]
I2C_GenerateStop        0x08014e31     0x1c  Code  Gb  n32wb452_i2c.o [1]
I2C_GetFlag             0x08014eb5     0x42  Code  Gb  n32wb452_i2c.o [1]
I2C_Init                0x08014cf5     0xe8  Code  Gb  n32wb452_i2c.o [1]
I2C_RecvData            0x08014e6f      0x6  Code  Gb  n32wb452_i2c.o [1]
I2C_SendAddr7bit        0x08014e75     0x16  Code  Gb  n32wb452_i2c.o [1]
I2C_SendData            0x08014e69      0x6  Code  Gb  n32wb452_i2c.o [1]
InStream_StepRegion     0x080185c1     0x14  Code  Lc  packbits_init.o [7]
IsAscii                 0x0800acd3     0x12  Code  Gb  Interface.o [1]
KeyCheck                0x08012305     0xa8  Code  Gb  main.o [1]
LCD_Display             0x0801492b     0x50  Code  Gb  lcd_drv.o [1]
LCD_DisplayWindows      0x0801497b     0x78  Code  Gb  lcd_drv.o [1]
LCD_InitReg             0x08014737    0x166  Code  Lc  lcd_drv.o [1]
LCD_PowerOff            0x08014635     0x1a  Code  Gb  lcd_drv.o [1]
LCD_Reset               0x0801464f     0x34  Code  Lc  lcd_drv.o [1]
LCD_SendCommand         0x08014683     0x38  Code  Lc  lcd_drv.o [1]
LCD_SendData_8Bit       0x080146bb     0x38  Code  Lc  lcd_drv.o [1]
LCD_SetAttributes       0x080146f3     0x44  Code  Lc  lcd_drv.o [1]
LCD_SetWindows          0x080148bd     0x6e  Code  Gb  lcd_drv.o [1]
LoadInt                 0x0800a291     0x6e  Code  Lc  xprintflarge_nomb.o [3]
MemManage_Handler       0x08018a11      0x2  Code  Gb  n32wb452_it.o [1]
NMI_Handler             0x080189b1      0x2  Code  Gb  n32wb452_it.o [1]
NVIC_Init               0x0800dc6f     0x5e  Code  Gb  misc.o [1]
NVIC_PriorityGroupConfig
                        0x0800dc65      0xa  Code  Gb  misc.o [1]
NvdsArray               0x08018770     0xbc  Data  Gb  Interface.o [1]
PWR_EnterSTOP2Mode      0x08013d89     0x44  Code  Gb  n32wb452_pwr.o [1]
Paint                   0x20021e5c     0x1c  Data  Gb  lcd_gui.o [1]
Paint_Clear             0x0801429b     0x52  Code  Gb  lcd_gui.o [1]
Paint_ClearWindow       0x080142ed     0x48  Code  Gb  lcd_gui.o [1]
Paint_DrawChar          0x08014335    0x13e  Code  Gb  lcd_gui.o [1]
Paint_DrawString_EN     0x08014473     0x9e  Code  Gb  lcd_gui.o [1]
Paint_NewImage          0x080140b5     0x70  Code  Gb  lcd_gui.o [1]
Paint_SetPixel          0x08014125    0x176  Code  Gb  lcd_gui.o [1]
PatchArray              0x08010a10    0xc80  Data  Gb  Interface.o [1]
QSPI_Cmd                0x0800e031     0x3a  Code  Gb  n32wb452_qspi.o [6]
QSPI_DeInit             0x0800e287     0x18  Code  Gb  n32wb452_qspi.o [6]
QSPI_GPIO               0x0800de65    0x1cc  Code  Gb  n32wb452_qspi.o [6]
QSPI_ReadWriteByte      0x0800e339     0x3c  Code  Gb  n32wb452_bt_drv.o [6]
QSPI_SingleGpioConfig   0x0800de4b     0x1a  Code  Lc  n32wb452_qspi.o [6]
QspiConfigInit          0x0800dd03    0x148  Code  Gb  n32wb452_qspi.o [6]
QspiInit                0x0800e06b    0x21c  Code  Gb  n32wb452_qspi.o [6]
Qspi_GetStatus          0x0800dce1     0x16  Code  Gb  n32wb452_qspi.o [6]
Qspi_ReceiveData        0x0800dcfd      0x6  Code  Gb  n32wb452_qspi.o [6]
Qspi_TransmitData       0x0800dcf7      0x6  Code  Gb  n32wb452_qspi.o [6]
RCC_ConfigAdcPllClk     0x0800d5df     0x24  Code  Gb  n32wb452_rcc.o [1]
RCC_ConfigHse           0x0800d555     0x54  Code  Gb  n32wb452_rcc.o [1]
RCC_ConfigSysclk        0x0800d5bd     0x16  Code  Gb  n32wb452_rcc.o [1]
RCC_EnableAHBPeriphClk  0x0800d6df     0x20  Code  Gb  n32wb452_rcc.o [1]
RCC_EnableAHBPeriphReset
                        0x0800d73f     0x20  Code  Gb  n32wb452_rcc.o [1]
RCC_EnableAPB1PeriphClk
                        0x0800d71f     0x20  Code  Gb  n32wb452_rcc.o [1]
RCC_EnableAPB1PeriphReset
                        0x0800d77f     0x20  Code  Gb  n32wb452_rcc.o [1]
RCC_EnableAPB2PeriphClk
                        0x0800d6ff     0x20  Code  Gb  n32wb452_rcc.o [1]
RCC_EnableAPB2PeriphReset
                        0x0800d75f     0x20  Code  Gb  n32wb452_rcc.o [1]
RCC_EnableHsi           0x0800d5a9      0xa  Code  Gb  n32wb452_rcc.o [1]
RCC_EnablePll           0x0800d5b3      0xa  Code  Gb  n32wb452_rcc.o [1]
RCC_GetClocksFreqValue  0x0800d603     0xdc  Code  Gb  n32wb452_rcc.o [1]
RCC_GetFlagStatus       0x0800d79f     0x3e  Code  Gb  n32wb452_rcc.o [1]
RCC_GetSysclkSrc        0x0800d5d3      0xc  Code  Gb  n32wb452_rcc.o [1]
RamcodeArray            0x080180dc    0x1dc  Data  Gb  Interface.o [1]
Region$$Table$$Base     0x0801907c            --   Gb  - Linker created -
Region$$Table$$Limit    0x080190a8            --   Gb  - Linker created -
Reset_delay             0x20020388      0x1  Data  Gb  ble_monitor.o [6]
SPI_Configuration       0x08014f6d     0xc8  Code  Gb  bsp_spi.o [1]
SPI_Enable              0x08014f37     0x1c  Code  Gb  n32wb452_spi.o [1]
SPI_I2S_GetStatus       0x08014f57     0x14  Code  Gb  n32wb452_spi.o [1]
SPI_I2S_TransmitData    0x08014f53      0x4  Code  Gb  n32wb452_spi.o [1]
SPI_Init                0x08014ef9     0x3e  Code  Gb  n32wb452_spi.o [1]
SPI_WriteByte           0x08014521     0x32  Code  Gb  lcd_drv.o [1]
SPI_Write_nByte         0x08014553     0x22  Code  Gb  lcd_drv.o [1]
SVC_Handler             0x08018a17      0x2  Code  Gb  n32wb452_it.o [1]
SetSysClock             0x08013e75     0xd0  Code  Lc  system_n32wb452.o [1]
SetSysClock_HSI         0x08012abb     0x34  Code  Gb  main.o [1]
SysTick_Handler         0x08018a1b      0x2  Code  Gb  n32wb452_it.o [1]
SystemCoreClock         0x20020380      0x4  Data  Gb  system_n32wb452.o [1]
SystemInit              0x08013dd9     0x9c  Code  Gb  system_n32wb452.o [1]
TASK_DESC_APP           0x08019398     0x10  Data  Lc  app.o [1]
TASK_DESC_GAPC          0x080194e8     0x10  Data  Lc  gapc.o [4]
TASK_DESC_GAPM          0x08019498     0x10  Data  Lc  gapm.o [4]
TASK_DESC_GATTC         0x080194a8     0x10  Data  Lc  gattc.o [4]
TASK_DESC_GATTM         0x080194f8     0x10  Data  Lc  gattm.o [4]
TASK_DESC_L2CC          0x08019528     0x10  Data  Lc  l2cc.o [4]
TIM3_IRQHandler         0x0800e647     0x44  Code  Gb  bsp_timer.o [1]
TIM3_IRQ_enable         0x0800e5f9     0x3e  Code  Gb  bsp_timer.o [1]
TIM3_config             0x0800e591     0x68  Code  Gb  bsp_timer.o [1]
TIM3_get_time           0x0800e68b      0xa  Code  Gb  bsp_timer.o [1]
TIM3_set_timeout        0x0800e637     0x10  Code  Gb  bsp_timer.o [1]
TIM6_IRQHandler         0x080123ad     0x58  Code  Gb  main.o [1]
TIM6_deinit             0x08012487     0x16  Code  Gb  main.o [1]
TIM6_init               0x08012405     0x82  Code  Gb  main.o [1]
TIM_ClrIntPendingBit    0x0800ec41      0xa  Code  Gb  n32wb452_tim.o [1]
TIM_ConfigInt           0x0800ebef     0x18  Code  Gb  n32wb452_tim.o [1]
TIM_DeInit              0x0800e985     0xd8  Code  Gb  n32wb452_tim.o [1]
TIM_Enable              0x0800ebd5     0x1a  Code  Gb  n32wb452_tim.o [1]
TIM_GetIntStatus        0x0800ec1d     0x24  Code  Gb  n32wb452_tim.o [1]
TIM_InitTimeBase        0x0800ea5d    0x172  Code  Gb  n32wb452_tim.o [1]
USART_DeInit            0x08013309     0xc6  Code  Gb  n32wb452_usart.o [1]
USART_Enable            0x08013485     0x1c  Code  Gb  n32wb452_usart.o [1]
USART_GetFlagStatus     0x080134a9     0x1a  Code  Gb  n32wb452_usart.o [1]
USART_Init              0x080133cf     0x9a  Code  Gb  n32wb452_usart.o [1]
USART_SendData          0x080134a1      0x8  Code  Gb  n32wb452_usart.o [1]
UsageFault_Handler      0x08018a15      0x2  Code  Gb  n32wb452_it.o [1]
_GenldLargeNoMb         0x0800a687    0x23e  Code  Lc  xprintflarge_nomb.o [3]
_LdtobLargeNoMb         0x0800a409    0x278  Code  Lc  xprintflarge_nomb.o [3]
_LitobLargeNoMb         0x0800a2ff    0x10a  Code  Lc  xprintflarge_nomb.o [3]
_Locale_aeabi_lconv     0x200202f4     0x38  Data  Gb  localeconv.o [3]
_Locale_lconv           0x200202a4     0x50  Data  Gb  localeconv.o [3]
_PrintfLargeNoMb        0x08009cfd    0x58e  Code  Gb  xprintflarge_nomb.o [3]
_Prout                  0x08019299     0x16  Code  Gb  xprout.o [3]
_PutcharsLargeNoMb      0x0800a8c5     0x2e  Code  Lc  xprintflarge_nomb.o [3]
_Rand_idx               0x20020220      0x4  Data  Lc  rand.o [3]
_Rand_rv                0x20020224     0x80  Data  Lc  rand.o [3]
_Randinit               0x20020218      0x1  Data  Gb  rand.o [3]
_Randseed               0x2002021c      0x4  Data  Gb  rand.o [3]
_SProut                 0x08005483      0xa  Code  Gb  xsprout.o [3]
__aeabi_cdcmple         0x0800c2ed           Code  Gb  DblCmpLe.o [5]
__aeabi_d2uiz           0x0800c719           Code  Gb  DblToI32.o [5]
__aeabi_ddiv            0x0800c4c1           Code  Gb  DblDiv.o [5]
__aeabi_dmul            0x0800c31d           Code  Gb  DblMul.o [5]
__aeabi_dsub            0x0800c761           Code  Gb  DblSub.o [5]
__aeabi_f2d             0x08014a35           Code  Gb  FltToDbl.o [5]
__aeabi_ldiv0           0x0800d479           Code  Gb  I64DivZer.o [7]
__aeabi_memclr4         0x0800cc31           Code  Gb  ABImemclr4.o [7]
__aeabi_memset          0x080077f5           Code  Gb  ABImemset.o [7]
__aeabi_ui2d            0x0800c745           Code  Gb  I32ToDbl.o [5]
__aeabi_uldivmod        0x0800c1b9           Code  Gb  I64DivMod.o [7]
__cmain                 0x08019221           Code  Gb  cmain.o [7]
__exit                  0x08018695     0x14  Code  Gb  exit.o [8]
__iar_Dnorm             0x0800c2a7     0x44  Code  Gb  xdnorm.o [5]
__iar_Locale_lconv_init
                        0x0800c8e1     0x3a  Code  Gb  localeconv.o [3]
__iar_Memchr            0x0800c161           Code  Gb  memchr.o [7]
__iar_Memset            0x080077f5           Code  Gb  ABImemset.o [7]
__iar_Memset4_word      0x0800e305           Code  Gb  ABImemset48.o [7]
__iar_Memset8_word      0x0800e305           Code  Gb  ABImemset48.o [7]
__iar_Memset_word       0x080077fd           Code  Gb  ABImemset.o [7]
__iar_Stdout            0x2002032c     0x40  Data  Gb  xfiles.o [3]
__iar_Strchr            0x0800c111           Code  Gb  strchr.o [7]
__iar_d2uiz             0x0800c725           Code  Gb  DblToI32.o [5]
__iar_dadd              0x0800d47d           Code  Gb  DblAdd.o [5]
__iar_data_init3        0x08018f35     0x28  Code  Gb  data_init.o [7]
__iar_dlib_perthread_access
                        0x0800d551      0x2  Code  Gb  xtls.o [3]
__iar_dsub              0x0800c775           Code  Gb  DblSub.o [5]
__iar_dsubStart         0x0800c787           Code  Gb  DblSub.o [5]
__iar_init_vfp          0x08019059           Code  Gb  fpinit_M.o [5]
__iar_packbits_init3    0x080185d5     0xba  Code  Gb  packbits_init.o [7]
__iar_program_start     0x080195e1           Code  Gb  cstartup_M.o [7]
__iar_ui2d              0x0800c749           Code  Gb  I32ToDbl.o [5]
__iar_unaligned___aeabi_memcpy
                        0x0800530d           Code  Gb  ABImemcpy_unaligned.o [7]
__iar_unaligned___aeabi_memcpy4
                        0x0800532d           Code  Gb  ABImemcpy_unaligned.o [7]
__iar_unaligned___aeabi_memcpy8
                        0x0800532d           Code  Gb  ABImemcpy_unaligned.o [7]
__iar_unaligned_memcmp  0x0800657d           Code  Gb  memcmp_unaligned.o [7]
__iar_zero_init3        0x08018c51     0x40  Code  Gb  zero_init3.o [7]
__low_level_init        0x0801923b      0x4  Code  Gb  low_level_init.o [3]
__vector_table          0x08000000           Data  Gb  startup_n32wb452_EWARM.o [1]
_call_main              0x0801922d           Code  Gb  cmain.o [7]
_exit                   0x08019245           Code  Gb  cexit.o [7]
_main                   0x08019237           Code  Gb  cmain.o [7]
abort                   0x0801868f      0x6  Code  Gb  abort.o [3]
adc_value_get           0x080128a3     0x36  Code  Gb  main.o [1]
add_users               0x0800e859     0x3e  Code  Gb  app_user.o [1]
app_default_feature_init
                        0x0800ce81      0x8  Code  Gb  app.o [1]
app_env                 0x20021b78     0x9c  Data  Gb  app.o [1]
app_sec_env             0x20021f4c      0x4  Data  Gb  app_sec.o [1]
app_sec_msg_dflt_handler
                        0x080178e1      0x4  Code  Lc  app_sec.o [1]
app_sec_msg_handler_list
                        0x08018ebc     0x28  Data  Gb  app_sec.o [1]
app_sec_send_security_req
                        0x080178e5     0x2c  Code  Gb  app_sec.o [1]
app_sec_table_handler   0x080195ec      0x8  Data  Gb  app_sec.o [1]
app_user_add_users      0x0800e897      0xa  Code  Gb  app_user.o [1]
app_user_data_notify    0x0800e8ef     0x58  Code  Gb  app_user.o [1]
app_user_env            0x20021f14      0xc  Data  Gb  app_user.o [1]
app_user_init           0x0800e83d     0x1c  Code  Gb  app_user.o [1]
app_user_msg_handler    0x0800e951      0x4  Code  Lc  app_user.o [1]
app_user_msg_handler_list
                        0x080195fc      0x8  Data  Gb  app_user.o [1]
app_user_table_handler  0x08019604      0x8  Data  Gb  app_user.o [1]
appm_add_svc            0x0800ceb7     0x30  Code  Gb  app.o [1]
appm_add_svc_func_list  0x08019834      0x4  Data  Lc  app.o [1]
appm_adv_timeout_handler
                        0x080174c3      0xa  Code  Lc  app_task.o [1]
appm_default_handler    0x080195f4      0x8  Data  Gb  app_task.o [1]
appm_default_state      0x0801882c     0x90  Data  Gb  app_task.o [1]
appm_disconnect         0x0800cee7     0x2a  Code  Gb  app.o [1]
appm_gapc_cmp_evt_handler
                        0x08017789      0xa  Code  Lc  app_task.o [1]
appm_gapc_param_updated_req_ind_handler
                        0x08017793     0x34  Code  Lc  app_task.o [1]
appm_gapm_cmp_evt_handler
                        0x080174e9    0x168  Code  Lc  app_task.o [1]
appm_gapm_gen_rand_nb_ind_handler
                        0x08017851     0x30  Code  Lc  app_task.o [1]
appm_get_dev_name       0x0800cfdd     0x1a  Code  Gb  app.o [1]
appm_get_handler        0x08017471     0x52  Code  Lc  app_task.o [1]
appm_init               0x0800ce89     0x2e  Code  Gb  app.o [1]
appm_msg_handler        0x08017801     0x50  Code  Lc  app_task.o [1]
appm_start_advertising  0x0800cf11     0xa0  Code  Gb  app.o [1]
appm_state              0x20021f82      0x1  Data  Gb  app_task.o [1]
appm_stop_advertising   0x0800cfb1     0x2c  Code  Gb  app.o [1]
attc_exc_mtu_rsp_handler
                        0x080173c3     0x4a  Code  Lc  attc.o [4]
attc_handlers           0x0801979c      0x8  Data  Gb  attc.o [4]
attc_l2cc_pdu_recv_handler
                        0x0801740d     0x5e  Code  Gb  attc.o [4]
attc_send_att_req       0x08017379     0x4a  Code  Gb  attc.o [4]
attm_att_set_value      0x08004ea9     0xec  Code  Gb  attm.o [4]
attm_att_update_perm    0x08005165     0x7c  Code  Gb  attm.o [4]
attm_convert_to128      0x08004cc5     0x4c  Code  Gb  attm.o [4]
attm_get_value          0x08004f95    0x1d0  Code  Gb  attm.o [4]
attm_init               0x08005203     0x1c  Code  Gb  attm.o [4]
attm_is_bt16_uuid       0x08004c65     0x30  Code  Gb  attm.o [4]
attm_is_bt32_uuid       0x08004c95     0x30  Code  Gb  attm.o [4]
attm_svc_create_db      0x08004d11    0x198  Code  Gb  attm.o [4]
attm_svc_get_permission
                        0x080051e1     0x22  Code  Gb  attm.o [4]
attm_uuid16_comp        0x08004c57      0xe  Code  Gb  attm.o [4]
attm_uuid_comp          0x08004bd9     0x7e  Code  Gb  attm.o [4]
attmdb_add_service      0x08003cf5     0x58  Code  Gb  attm_db.o [4]
attmdb_att_get_permission
                        0x080040f1    0x164  Code  Gb  attm_db.o [4]
attmdb_destroy          0x08003d4d     0x22  Code  Gb  attm_db.o [4]
attmdb_get_attribute    0x08003ddd     0x44  Code  Gb  attm_db.o [4]
attmdb_get_max_len      0x08003f1b     0x82  Code  Gb  attm_db.o [4]
attmdb_get_next_att     0x08003e21     0x9c  Code  Gb  attm_db.o [4]
attmdb_get_service      0x08003d6f     0x6e  Code  Gb  attm_db.o [4]
attmdb_get_uuid         0x08003f9d    0x154  Code  Gb  attm_db.o [4]
attmdb_perm2prop        0x08004bd1      0x8  Code  Lc  attm.o [4]
attmdb_svc_calc_len     0x08003521    0x384  Code  Lc  attm_db.o [4]
attmdb_svc_check_hdl    0x08003c79     0x7c  Code  Gb  attm_db.o [4]
attmdb_svc_init         0x080038a5    0x398  Code  Lc  attm_db.o [4]
attmdb_svc_insert       0x08003c3d     0x3c  Code  Lc  attm_db.o [4]
attmdb_uuid16_comp      0x08003ec1     0x5a  Code  Gb  attm_db.o [4]
atts_check_length_and_offset
                        0x08001c71     0x3e  Code  Lc  atts.o [4]
atts_clear_prep_data    0x08002229     0x30  Code  Gb  atts.o [4]
atts_clear_read_cache   0x08002289     0x38  Code  Gb  atts.o [4]
atts_clear_rsp_data     0x08002259     0x30  Code  Gb  atts.o [4]
atts_execute_write_req  0x08003191    0x20c  Code  Lc  atts.o [4]
atts_find_by_type_req   0x08002501    0x1e6  Code  Lc  atts.o [4]
atts_find_end           0x08001d91     0xa0  Code  Lc  atts.o [4]
atts_find_info_req      0x08002345    0x1bc  Code  Lc  atts.o [4]
atts_find_value_by_uuid
                        0x08001eff     0xd2  Code  Lc  atts.o [4]
atts_get_att_chk_perm   0x08001caf     0xe2  Code  Lc  atts.o [4]
atts_get_dest_task      0x08001c51     0x20  Code  Lc  atts.o [4]
atts_get_value          0x08001e31     0xce  Code  Lc  atts.o [4]
atts_handlers           0x08018a1c     0x68  Data  Gb  atts.o [4]
atts_hdl_present_in_prep_data
                        0x08002027     0x38  Code  Lc  atts.o [4]
atts_hdl_value_cfm      0x0800339d     0x3c  Code  Lc  atts.o [4]
atts_l2cc_pdu_recv_handler
                        0x08003465     0x8a  Code  Gb  atts.o [4]
atts_mtu_exc_req        0x080022f9     0x4c  Code  Lc  atts.o [4]
atts_prepare_write_req  0x0800305f    0x128  Code  Lc  atts.o [4]
atts_process_pdu        0x080033d9     0x8c  Code  Gb  atts.o [4]
atts_read_blob_req      0x08002c49    0x10a  Code  Lc  atts.o [4]
atts_read_by_grp_type_req
                        0x08002919    0x244  Code  Lc  atts.o [4]
atts_read_by_type_req   0x080026e7    0x22a  Code  Lc  atts.o [4]
atts_read_mult_req      0x08002d59    0x1b2  Code  Lc  atts.o [4]
atts_read_req           0x08002b65     0xe4  Code  Lc  atts.o [4]
atts_rights             0x08018fec     0x24  Data  Lc  atts.o [4]
atts_send_error         0x0800213d     0x2e  Code  Gb  atts.o [4]
atts_send_event         0x0800216b     0xbe  Code  Gb  atts.o [4]
atts_send_pdu           0x08002135      0x8  Code  Lc  atts.o [4]
atts_store_prep_data    0x0800205f     0xd6  Code  Lc  atts.o [4]
atts_update_elmt        0x08001fd1     0x56  Code  Lc  atts.o [4]
atts_write_cmd          0x08002f0d     0x50  Code  Lc  atts.o [4]
atts_write_req          0x08002f61     0x68  Code  Lc  atts.o [4]
atts_write_rsp_send     0x080022c1     0x38  Code  Gb  atts.o [4]
atts_write_signed       0x08002fc9     0x96  Code  Lc  atts.o [4]
ble_addr                0x08019384     0x14  Data  Gb  main.o [1]
ble_clear_wakeup        0x0800e543     0x2e  Code  Gb  ble_monitor.o [6]
ble_controller_reset    0x0800e429     0x10  Code  Gb  ble_monitor.o [6]
ble_hardware_init       0x0800b3df     0x1c  Code  Gb  Interface.o [1]
ble_hardware_reinit     0x0800b3fb     0x16  Code  Gb  Interface.o [1]
ble_host_init           0x0800b4bd     0x14  Code  Gb  Interface.o [1]
ble_initdata_down       0x0800b411     0x4c  Code  Gb  Interface.o [1]
ble_interface_init      0x0800b3cf     0x10  Code  Gb  Interface.o [1]
ble_monitor_callback    0x0800e50d     0x36  Code  Gb  ble_monitor.o [6]
ble_monitor_wait        0x0800e4c7     0x46  Code  Gb  ble_monitor.o [6]
ble_name                0x08019580      0xc  Data  Gb  main.o [1]
ble_status_monitor      0x0800e439     0x8e  Code  Gb  ble_monitor.o [6]
bt_connect_flag         0x20021f80      0x2  Data  Gb  main.o [1]
bt_data_buf             0x20021198    0x400  Data  Gb  main.o [1]
bt_data_finish_flag     0x20021f7e      0x2  Data  Gb  main.o [1]
bt_data_rxlen           0x20021f7c      0x2  Data  Gb  main.o [1]
bt_event_callback_func  0x0801249d    0x138  Code  Gb  main.o [1]
bt_features_init        0x0800ace5    0x504  Code  Gb  Interface.o [1]
bt_handler              0x0800cdd5      0x8  Code  Gb  n32wb452_ble_api.o [1]
bt_init                 0x20021ce4     0x60  Data  Gb  main.o [1]
bt_packet_buf           0x200219b0    0x100  Data  Gb  main.o [1]
bt_rcv_data             0x0800ce2b      0xa  Code  Gb  n32wb452_ble_api.o [1]
bt_run_thread           0x0800ce23      0x8  Code  Gb  n32wb452_ble_api.o [1]
bt_snd_data             0x0800ce35     0x14  Code  Gb  n32wb452_ble_api.o [1]
bt_total_rxlen          0x20021f83      0x1  Data  Gb  main.o [1]
bt_ware_init            0x0800cddd     0x46  Code  Gb  n32wb452_ble_api.o [1]
buzzer_init             0x08012949     0x2a  Code  Gb  main.o [1]
checkHDC2010Chip        0x0801370f     0x2c  Code  Gb  HDC2010.o [1]
clearMaxHumidity        0x08013703      0xc  Code  Gb  HDC2010.o [1]
clearMaxTemp            0x080136f7      0xc  Code  Gb  HDC2010.o [1]
cmp_abs_time            0x08005d0b     0x1a  Code  Lc  ke_timer.o [4]
cmp_dest_id             0x080065f1     0x10  Code  Lc  ke_task.o [4]
cmp_timer_id            0x08005d25     0x1c  Code  Lc  ke_timer.o [4]
co_btohs                0x0800d01d      0xa  Code  Gb  h4tl.o [4]
co_clz                  0x08009cc7     0x1a  Code  Gb  ke_event.o [4]
co_htobs                0x0800c109      0x4  Code  Gb  smpc_util.o [4]
co_list_extract         0x080053f5     0x48  Code  Gb  co_list.o [4]
co_list_init            0x08005397      0xa  Code  Gb  co_list.o [4]
co_list_insert_before   0x0800543d     0x32  Code  Gb  co_list.o [4]
co_list_is_empty        0x08005387     0x10  Code  Gb  l2cc.o [4]
co_list_pick            0x08005383      0x4  Code  Gb  l2cc.o [4]
co_list_pop_front       0x080053db     0x1a  Code  Gb  co_list.o [4]
co_list_push_back       0x080053a1     0x20  Code  Gb  co_list.o [4]
co_list_push_front      0x080053c1     0x1a  Code  Gb  co_list.o [4]
co_list_size            0x0800546f     0x14  Code  Gb  co_list.o [4]
co_max                  0x08008655      0x8  Code  Gb  gapm_util.o [4]
co_min                  0x08005cad      0x8  Code  Gb  attc.o [4]
[...]
ke_event_set            0x0800788f     0x18  Code  Gb  ke_event.o [4]
ke_free                 0x0800603f     0xd0  Code  Gb  ke_mem.o [4]
ke_handler_search       0x08006627     0x3a  Code  Lc  ke_task.o [4]
ke_init                 0x0800ac0d     0x4c  Code  Gb  ke.o [4]
ke_is_free              0x08006119     0x16  Code  Gb  ke_mem.o [4]
ke_malloc               0x08005f7b     0xc4  Code  Gb  ke_mem.o [4]
ke_mem_init             0x08005f0d     0x6e  Code  Gb  ke_mem.o [4]
ke_mem_is_in_heap       0x08005ee1     0x2c  Code  Lc  ke_mem.o [4]
ke_msg2param            0x080065eb      0x4  Code  Gb  l2cc_pdu.o [4]
ke_msg_alloc            0x08005259     0x42  Code  Gb  ke_msg.o [4]
ke_msg_discard          0x080067d7      0x4  Code  Gb  ke_task.o [4]
ke_msg_forward          0x080052c9     0x1a  Code  Gb  ke_msg.o [4]
ke_msg_free             0x080052e3      0x8  Code  Gb  ke_msg.o [4]
ke_msg_in_queue         0x080052f5     0x18  Code  Gb  ke_msg.o [4]
ke_msg_send             0x0800529b     0x16  Code  Gb  ke_msg.o [4]
ke_msg_send_basic       0x080052b5     0x14  Code  Gb  ke_msg.o [4]
ke_msg_src_id_get       0x080052eb      0xa  Code  Gb  ke_msg.o [4]
ke_param2msg            0x0800612f      0x4  Code  Gb  l2cc_pdu.o [4]
ke_queue_extract        0x08008665     0x4c  Code  Gb  ke_queue.o [4]
ke_queue_insert         0x080086b1     0x3e  Code  Gb  ke_queue.o [4]
ke_queue_pop            0x0800865d      0x8  Code  Gb  ke.o [4]
ke_queue_push           0x0800785b      0x8  Code  Gb  ke_task.o [4]
ke_state_get            0x080067ad     0x2a  Code  Gb  ke_task.o [4]
ke_state_set            0x0800676f     0x3e  Code  Gb  ke_task.o [4]
ke_task_create          0x08006745     0x2a  Code  Gb  ke_task.o [4]
ke_task_env             0x20021df0     0x2c  Data  Lc  ke_task.o [4]
ke_task_handler_get     0x08006661     0x58  Code  Lc  ke_task.o [4]
ke_task_init            0x0800672d     0x18  Code  Gb  ke_task.o [4]
ke_task_msg_flush       0x080067db     0x50  Code  Gb  ke_task.o [4]
ke_task_saved_update    0x08006601     0x26  Code  Lc  ke_task.o [4]
ke_task_schedule        0x080066b9     0x74  Code  Lc  ke_task.o [4]
ke_time                 0x08005cb5      0xe  Code  Lc  ke_timer.o [4]
ke_time_cmp             0x08005cc3     0x16  Code  Lc  ke_timer.o [4]
ke_time_past            0x08005cd9     0x10  Code  Lc  ke_timer.o [4]
ke_timer_active         0x08005e95     0x32  Code  Gb  ke_timer.o [4]
ke_timer_clear          0x08005e2f     0x66  Code  Gb  ke_timer.o [4]
ke_timer_hw_set         0x08005ce9     0x22  Code  Lc  ke_timer.o [4]
ke_timer_init           0x08005d73      0xc  Code  Gb  ke_timer.o [4]
ke_timer_schedule       0x08005d41     0x32  Code  Lc  ke_timer.o [4]
ke_timer_set            0x08005d7f     0xb0  Code  Gb  ke_timer.o [4]
key_gpio_deinit         0x080127c5     0x54  Code  Gb  main.o [1]
key_gpio_init           0x08012781     0x44  Code  Gb  main.o [1]
key_wakeup_setup        0x08012819     0x78  Code  Gb  main.o [1]
l2c_code_conn_param_upd_req_handler
                        0x0800fe67      0x4  Code  Lc  gapc_sig.o [4]
l2c_code_conn_param_upd_req_handler
                        0x0800858f     0x4c  Code  Lc  l2cc_sig.o [4]
l2c_code_conn_param_upd_resp_handler
                        0x0800fe6b     0x54  Code  Lc  gapc_sig.o [4]
l2c_code_conn_param_upd_resp_handler
                        0x080085db     0x26  Code  Lc  l2cc_sig.o [4]
l2c_code_reject_handler
                        0x0800fe09     0x5e  Code  Lc  gapc_sig.o [4]
l2c_code_reject_handler
                        0x0800854d     0x42  Code  Lc  l2cc_sig.o [4]
l2cc_attribute_pkt_format
                        0x080188bc     0x7c  Data  Lc  l2cc_pdu.o [4]
l2cc_cleanup            0x08007a81     0xdc  Code  Gb  l2cc.o [4]
l2cc_cmp_evt_handler    0x0800f799     0x32  Code  Lc  gapc_task.o [4]
l2cc_cmp_evt_handler    0x0801722b     0x54  Code  Lc  gattc_task.o [4]
l2cc_create             0x08007a37     0x4a  Code  Gb  l2cc.o [4]
l2cc_data_send          0x08007c55    0x16a  Code  Gb  l2cc.o [4]
l2cc_dbg_pdu_send_cmd_handler
                        0x0800557d     0x7c  Code  Lc  l2cc_task.o [4]
l2cc_default_handler    0x080196c4      0x8  Data  Gb  l2cc_task.o [4]
l2cc_default_msg_handler
                        0x080057bf      0x4  Code  Lc  l2cc_task.o [4]
l2cc_default_state      0x08018df0     0x38  Data  Gb  l2cc_task.o [4]
l2cc_env                0x20021f78      0x4  Data  Gb  l2cc.o [4]
l2cc_init               0x080079f5     0x42  Code  Gb  l2cc.o [4]
l2cc_lecb_sdu_send_cmd_handler
                        0x08005509     0x74  Code  Lc  l2cc_task.o [4]
l2cc_pdu_alloc          0x080057c3     0x30  Code  Gb  l2cc_task.o [4]
l2cc_pdu_header_check   0x08008361    0x168  Code  Gb  l2cc_pdu.o [4]
l2cc_pdu_pack           0x08007dd9    0x2ce  Code  Gb  l2cc_pdu.o [4]
l2cc_pdu_recv_ind_handler
                        0x0800f33f     0x82  Code  Lc  gapc_task.o [4]
l2cc_pdu_recv_ind_handler
                        0x080056d9     0xe6  Code  Lc  l2cc_task.o [4]
l2cc_pdu_recv_ind_handler
                        0x080171b1     0x7a  Code  Lc  gattc_task.o [4]
l2cc_pdu_send           0x080057f3      0xa  Code  Gb  l2cc_task.o [4]
l2cc_pdu_send_cmd_handler
                        0x0800548d     0x7c  Code  Lc  l2cc_task.o [4]
l2cc_pdu_unpack         0x080080a7    0x2ba  Code  Gb  l2cc_pdu.o [4]
l2cc_security_pkt_format
                        0x08018c90     0x3c  Data  Lc  l2cc_pdu.o [4]
l2cc_send_complete_evt  0x08007ba5     0x80  Code  Gb  l2cc.o [4]
l2cc_send_error_evt     0x08007c25     0x30  Code  Gb  l2cc.o [4]
l2cc_sig_handlers       0x08019280     0x18  Data  Gb  l2cc_sig.o [4]
l2cc_sig_pdu_recv_handler
                        0x08008601     0x50  Code  Gb  l2cc_sig.o [4]
l2cc_sig_send_cmd_reject
                        0x080084d9     0x74  Code  Gb  l2cc_sig.o [4]
l2cc_signaling_pkt_format
                        0x08018a84     0x5c  Data  Lc  l2cc_pdu.o [4]
l2cc_state              0x20021f8c      0x1  Data  Gb  l2cc_task.o [4]
l2cc_update_state       0x08007b5d     0x48  Code  Gb  l2cc.o [4]
l2cm_buffer_acquire     0x08009ced     0x10  Code  Gb  l2cc.o [4]
l2cm_buffer_release     0x08007dc9     0x10  Code  Gb  l2cc_task.o [4]
l2cm_cleanup            0x08007987      0xc  Code  Gb  l2cm.o [4]
l2cm_create             0x0800797d      0xa  Code  Gb  l2cm.o [4]
l2cm_env                0x20021f20      0xc  Data  Gb  l2cm.o [4]
l2cm_get_buffer_size    0x08009ce1      0xc  Code  Gb  l2cc_pdu.o [4]
l2cm_get_nb_buffer_available
                        0x080079a5      0x6  Code  Gb  l2cm.o [4]
l2cm_init               0x0800794f     0x2e  Code  Gb  l2cm.o [4]
l2cm_l2cap_tx_handler   0x080078fd     0x52  Code  Lc  l2cm.o [4]
l2cm_set_link_layer_buff_size
                        0x08007993     0x12  Code  Gb  l2cm.o [4]
l2cm_tx_status          0x080079ab     0x42  Code  Gb  l2cm.o [4]
lcd_attr                0x20021f34      0x8  Data  Gb  lcd_drv.o [1]
lcd_gpio_deint          0x08014613     0x22  Code  Gb  lcd_drv.o [1]
lcd_gpio_init           0x08014575     0x9e  Code  Gb  lcd_drv.o [1]
lcd_init                0x0801489d     0x20  Code  Gb  lcd_drv.o [1]
led_gpio_deinit         0x08012669     0xdc  Code  Gb  main.o [1]
led_gpio_init           0x080125d5     0x94  Code  Gb  main.o [1]
localeconv              0x0800c91b     0x16  Code  Gb  localeconv.o [3]
log_gpio_deinit         0x08012745     0x3c  Code  Gb  main.o [1]
log_init                0x08013f89     0x6a  Code  Gb  log.o [1]
main                    0x08012aef    0x1ee  Code  Gb  main.o [1]
mainboard_enter_stop2   0x08012973     0x6a  Code  Gb  main.o [1]
mainboard_exit_stop2    0x080129dd     0x5a  Code  Gb  main.o [1]
mainboard_module_init   0x08012a37     0x84  Code  Gb  main.o [1]
memchr                  0x0800c161           Code  Gb  memchr.o [7]
nvds_browse_tag         0x0800a975     0x38  Code  Lc  nvds.o [4]
nvds_env                0x20021e90     0x18  Data  Lc  nvds.o [4]
nvds_erase              0x0800a9c1      0xa  Code  Lc  nvds.o [4]
nvds_get                0x0800aa99     0x48  Code  Gb  nvds.o [4]
nvds_init               0x0800aa5f     0x3a  Code  Gb  nvds.o [4]
nvds_init_memory        0x0800a9cb     0x1c  Code  Lc  nvds.o [4]
nvds_is_magic_number_ok
                        0x0800a911     0x28  Code  Lc  nvds.o [4]
nvds_magic_number       0x0801983c      0x4  Data  Lc  nvds.o [4]
nvds_purge              0x0800a9e7     0x78  Code  Lc  nvds.o [4]
nvds_put                0x0800aae1    0x112  Code  Gb  nvds.o [4]
nvds_read               0x0800a9ad      0xa  Code  Lc  nvds.o [4]
nvds_walk_tag           0x0800a939     0x3c  Code  Lc  nvds.o [4]
nvds_write              0x0800a9b7      0xa  Code  Lc  nvds.o [4]
nz8801_io_init          0x0800c95d     0xe2  Code  Gb  Eif_iom.o [6]
obuf                    0x20021d44     0x50  Data  Lc  xfiles.o [3]
overtime_count          0x20021f50      0x4  Data  Gb  bsp_timer.o [1]
platform_reset          0x08008715      0x2  Code  Gb  rwip.o [4]
prf_add_profile         0x080088f5     0xb8  Code  Gb  prf.o [1]
prf_cleanup             0x080089eb     0x44  Code  Gb  prf.o [1]
prf_create              0x080089ad     0x3e  Code  Gb  prf.o [1]
prf_env                 0x20021e78     0x18  Data  Gb  prf.o [1]
prf_env_get             0x08008a2f     0x3a  Code  Gb  prf.o [1]
prf_get_task_from_id    0x08008a87     0x4a  Code  Gb  prf.o [1]
prf_init                0x080087b1    0x144  Code  Gb  prf.o [1]
prf_itf_get             0x08008799     0x18  Code  Lc  prf.o [1]
prf_src_task_get        0x08008a69     0x1e  Code  Gb  prf.o [1]
printf                  0x080086f1     0x24  Code  Gb  printf.o [3]
putchar                 0x080192b1      0xc  Code  Gb  putchar.o [3]
qma7981_int             0x08014059     0x32  Code  Gb  gsensor.o [1]
qma7981_read_raw_xyz    0x0801408b     0x28  Code  Gb  gsensor.o [1]
qma_i2c_gpio_deinit     0x08013af7     0x52  Code  Gb  qma_i2c_drv.o [1]
qma_i2c_gpio_init       0x08013a79     0x7e  Code  Gb  qma_i2c_drv.o [1]
qma_i2c_read_ndata      0x08013d6d     0x1a  Code  Gb  qma_i2c_drv.o [1]
qma_i2c_write_data      0x08013d59     0x14  Code  Gb  qma_i2c_drv.o [1]
rand                    0x0801092d     0xe0  Code  Gb  rand.o [3]
readHDC2010_16bitData   0x080136bb      0xe  Code  Gb  HDC2010.o [1]
readHumidity            0x08013675     0x28  Code  Gb  HDC2010.o [1]
readReg                 0x0801369d      0xc  Code  Gb  HDC2010.o [1]
readTemp                0x08013645     0x30  Code  Gb  HDC2010.o [1]
reset                   0x080136d9     0x1e  Code  Gb  HDC2010.o [1]
rwble_hl_init           0x0800b839     0x1c  Code  Gb  rwble_hl.o [4]
rwble_hl_reset          0x0800b855     0x1c  Code  Gb  rwble_hl.o [4]
rwip_eif_get            0x0800ac65     0x18  Code  Gb  Interface.o [1]
rwip_heap_db            0x20021598    0x20c  Data  Gb  rwip.o [4]
rwip_heap_env           0x20021ab0     0xc8  Data  Gb  rwip.o [4]
rwip_heap_msg           0x200217a4    0x20c  Data  Gb  rwip.o [4]
rwip_heap_non_ret       0x2002038c    0xe0c  Data  Gb  rwip.o [4]
rwip_init               0x08008717     0x56  Code  Gb  rwip.o [4]
rwip_schedule           0x08008781      0x8  Code  Gb  rwip.o [4]
s_AdcHclkPresTable      0x08019478     0x10  Data  Lc  n32wb452_rcc.o [1]
s_AdcPllClkPresTable    0x08019168     0x20  Data  Lc  n32wb452_rcc.o [1]
s_ApbAhbPresTable       0x08019468     0x10  Data  Lc  n32wb452_rcc.o [1]
send_vendor_array       0x0800b1e9    0x186  Code  Gb  Interface.o [1]
send_vendor_bypass_command
                        0x0800b36f     0x42  Code  Gb  Interface.o [1]
smpc_calc_confirm_cont  0x08010767    0x146  Code  Gb  smpc_api.o [4]
smpc_calc_subkeys       0x08006fb9     0x96  Code  Gb  smpc.o [4]
smpc_check_key_distrib  0x08006ba5     0x90  Code  Gb  smpc.o [4]
smpc_check_max_key_size
                        0x08006b71     0x34  Code  Gb  smpc.o [4]
smpc_check_param        0x080097c9     0xb6  Code  Gb  smpc_util.o [4]
smpc_check_repeated_attempts
                        0x08006ad3     0x9e  Code  Gb  smpc.o [4]
smpc_clear_timeout_timer
                        0x08007397     0x44  Code  Gb  smpc.o [4]
smpc_confirm_gen_rand   0x080108ad     0x7a  Code  Gb  smpc_api.o [4]
smpc_construct_enc_info_pdu
                        0x080098bd      0xe  Code  Lc  smpc_util.o [4]
smpc_construct_id_addr_info_pdu
                        0x080098f5     0x1a  Code  Lc  smpc_util.o [4]
smpc_construct_id_info_pdu
                        0x080098e7      0xe  Code  Lc  smpc_util.o [4]
smpc_construct_mst_id_pdu
                        0x080098cb     0x1c  Code  Lc  smpc_util.o [4]
smpc_construct_pair_cfm_pdu
                        0x0800989b      0xe  Code  Lc  smpc_util.o [4]
smpc_construct_pair_fail_pdu
                        0x080098b7      0x6  Code  Lc  smpc_util.o [4]
smpc_construct_pair_rand_pdu
                        0x080098a9      0xe  Code  Lc  smpc_util.o [4]
smpc_construct_pair_req_pdu
                        0x0800987f      0xe  Code  Lc  smpc_util.o [4]
smpc_construct_pair_rsp_pdu
                        0x0800988d      0xe  Code  Lc  smpc_util.o [4]
smpc_construct_pdu      0x08018ccc     0x3c  Data  Gb  smpc_util.o [4]
smpc_construct_sec_req_pdu
                        0x0800991d      0x6  Code  Lc  smpc_util.o [4]
smpc_construct_sign_info_pdu
                        0x0800990f      0xe  Code  Lc  smpc_util.o [4]
smpc_encrypt_cfm        0x08010359     0x44  Code  Gb  smpc_api.o [4]
smpc_encrypt_start_handler
                        0x08010323     0x36  Code  Gb  smpc_api.o [4]
smpc_generate_cfm       0x08006ea1     0xaa  Code  Gb  smpc.o [4]
smpc_generate_ci        0x08006cc1     0x9c  Code  Gb  smpc.o [4]
smpc_generate_e1        0x08006d8d    0x114  Code  Gb  smpc.o [4]
smpc_generate_l         0x08006c55     0x6c  Code  Gb  smpc.o [4]
smpc_generate_rand      0x08006d5d     0x30  Code  Gb  smpc.o [4]
smpc_generate_stk       0x08006f4b     0x6e  Code  Gb  smpc.o [4]
smpc_get_key_sec_prop   0x0800743b    0x116  Code  Gb  smpc.o [4]
smpc_handle_enc_change_evt
                        0x080075a1    0x116  Code  Gb  smpc.o [4]
smpc_is_sec_mode_reached
                        0x08007551     0x48  Code  Gb  smpc.o [4]
smpc_launch_rep_att_timer
                        0x080073db     0x60  Code  Gb  smpc.o [4]
smpc_pair_method        0x08019204     0x1c  Data  Lc  smpc.o [4]
smpc_pairing_csrk_exch  0x080100ab     0x6c  Code  Gb  smpc_api.o [4]
smpc_pairing_end        0x08007309     0x8e  Code  Gb  smpc.o [4]
smpc_pairing_irk_exch   0x08010057     0x54  Code  Gb  smpc_api.o [4]
smpc_pairing_ltk_exch   0x0800ffd3     0x84  Code  Gb  smpc_api.o [4]
smpc_pairing_req_handler
                        0x08010265     0x56  Code  Gb  smpc_api.o [4]
smpc_pairing_rsp        0x08010117    0x14e  Code  Gb  smpc_api.o [4]
smpc_pairing_tk_exch    0x0800ff01     0xd2  Code  Gb  smpc_api.o [4]
smpc_pdu_recv           0x08007773     0x6c  Code  Gb  smpc.o [4]
smpc_pdu_send           0x080076b7     0xbc  Code  Gb  smpc.o [4]
smpc_recv_enc_info_pdu  0x08009b2f     0x3e  Code  Lc  smpc_util.o [4]
smpc_recv_id_addr_info_pdu
                        0x08009c21     0x62  Code  Lc  smpc_util.o [4]
smpc_recv_id_info_pdu   0x08009be3     0x3e  Code  Lc  smpc_util.o [4]
smpc_recv_mst_id_pdu    0x08009b6d     0x76  Code  Lc  smpc_util.o [4]
smpc_recv_pair_cfm_pdu  0x08009a07     0x80  Code  Lc  smpc_util.o [4]
smpc_recv_pair_fail_pdu
                        0x08009ae7     0x48  Code  Lc  smpc_util.o [4]
smpc_recv_pair_rand_pdu
                        0x08009a87     0x60  Code  Lc  smpc_util.o [4]
smpc_recv_pair_req_pdu  0x08009923     0xda  Code  Lc  smpc_util.o [4]
smpc_recv_pair_rsp_pdu  0x080099fd      0xa  Code  Lc  smpc_util.o [4]
smpc_recv_pdu           0x08018d08     0x3c  Data  Gb  smpc_util.o [4]
smpc_recv_sec_req_pdu   0x08009cbd      0xa  Code  Lc  smpc_util.o [4]
smpc_recv_sign_info_pdu
                        0x08009c83     0x36  Code  Lc  smpc_util.o [4]
smpc_security_req_send  0x080102bb     0x68  Code  Gb  smpc_api.o [4]
smpc_send_ltk_req_rsp   0x08006885     0x90  Code  Gb  smpc.o [4]
smpc_send_pairing_ind   0x08006a0b     0xc8  Code  Gb  smpc.o [4]
smpc_send_pairing_req_ind
                        0x08006915     0xf6  Code  Gb  smpc.o [4]
smpc_send_use_enc_block_cmd
                        0x08006841     0x44  Code  Gb  smpc.o [4]
smpc_sign_command       0x0801039d    0x132  Code  Gb  smpc_api.o [4]
smpc_sign_cont          0x080104cf    0x298  Code  Gb  smpc_api.o [4]
smpc_tkdp_rcp_continue  0x08007207    0x102  Code  Gb  smpc.o [4]
smpc_tkdp_rcp_start     0x080071c3     0x44  Code  Gb  smpc.o [4]
smpc_tkdp_send_continue
                        0x08007093    0x130  Code  Gb  smpc.o [4]
smpc_tkdp_send_start    0x0800704f     0x44  Code  Gb  smpc.o [4]
smpc_xor                0x08006c35     0x20  Code  Gb  smpc.o [4]
smpm_check_addr_type    0x08012205     0x18  Code  Lc  smpm_api.o [4]
smpm_gen_rand_addr      0x0801221d     0x1c  Code  Gb  smpm_api.o [4]
smpm_gen_rand_nb        0x08012269      0x8  Code  Gb  smpm_api.o [4]
smpm_resolv_addr        0x08012239     0x28  Code  Gb  smpm_api.o [4]
smpm_send_encrypt_req   0x08012271     0x38  Code  Gb  smpm_api.o [4]
smpm_send_gen_rand_nb_req
                        0x080121ed     0x18  Code  Lc  smpm_api.o [4]
smpm_use_enc_block      0x08012261      0x8  Code  Gb  smpm_api.o [4]
spi_eif_api             0x080193a8     0x10  Data  Gb  Interface.o [1]
spi_env                 0x20021ea8     0x18  Data  Lc  Eif_spi.o [6]
sprintf                 0x08014a01     0x34  Code  Gb  sprintf.o [3]
sta_irq                 0x20020387      0x1  Data  Gb  ble_monitor.o [6]
sta_times               0x20021f89      0x1  Data  Gb  ble_monitor.o [6]
stop2_flag              0x20021f88      0x1  Data  Gb  ble_monitor.o [6]
strchr                  0x0800c111           Code  Gb  strchr.o [7]
strlen                  0x0800c129           Code  Gb  strlen.o [7]
system_1s_cnt           0x20021f58      0x4  Data  Gb  main.o [1]
system_1s_flag          0x20020386      0x1  Data  Gb  main.o [1]
user_att_db             0x08019188     0x20  Data  Gb  user.o [1]
user_att_hdl_get        0x0800b965      0xa  Code  Gb  user.o [1]
user_att_idx_get        0x0800b96f     0x1a  Code  Gb  user.o [1]
user_cleanup            0x0800b94d      0x8  Code  Lc  user.o [1]
user_create             0x0800b945      0x8  Code  Lc  user.o [1]
user_data_notify_req_handler
                        0x08017cbd     0xa0  Code  Lc  user_task.o [1]
user_default_handler    0x0801963c      0x8  Data  Gb  user_task.o [1]
user_default_state      0x08018e5c     0x30  Data  Gb  user_task.o [1]
user_destroy            0x0800b927     0x1e  Code  Lc  user.o [1]
user_enable_req_handler
                        0x08017c75     0x48  Code  Lc  user_task.o [1]
user_exe_operation      0x0800b989     0xfc  Code  Gb  user.o [1]
user_gattc_att_info_req_ind_handler
                        0x08017d5d     0x32  Code  Lc  user_task.o [1]
user_gattc_cmp_evt_handler
                        0x08017eab      0xa  Code  Lc  user_task.o [1]
user_gattc_read_req_ind_handler
                        0x08017e45     0x66  Code  Lc  user_task.o [1]
user_gattc_write_req_ind_handler
                        0x08017d8f     0xb0  Code  Lc  user_task.o [1]
user_init               0x0800b871     0xb6  Code  Lc  user.o [1]
user_itf                0x08019488     0x10  Data  Gb  user.o [1]
user_prf_itf_get        0x0800b955      0x4  Code  Gb  user.o [1]
user_update_ntf_ind_cfg
                        0x0800ba85     0x2e  Code  Gb  user.o [1]
wait_for_status_enable  0x0800ac7d     0x28  Code  Gb  Interface.o [1]
writeReg                0x080136a9     0x12  Code  Gb  HDC2010.o [1]


[1] = D:\linfuliang_work\pro\NS3601\SVN_tmp\SDK_Make\N32WB452\projects\n32wb452_EVAL\examples\BLE\devBoardDemo\EWARM\DevDemo_16bit\Obj
[2] = command line
[3] = dl7M_tlf.a
[4] = host_16bit.a
[5] = m7M_tls.a
[6] = n32wb452_ble_16bit.a
[7] = rt7M_tl.a
[8] = shb_l.a

   86 139 bytes of readonly  code memory
   18 881 bytes of readonly  data memory
  128 652 bytes of readwrite data memory

Errors: none
Warnings: none
