###############################################################################
#
# IAR ELF Linker V7.70.2.11706/W32 for ARM                22/Sep/2021  18:11:24
# Copyright 2007-2016 IAR Systems AB.
#
#    Output file  =  
#        D:\linfuliang_work\pro\NS3601\SVN_tmp\SDK_Make\N32WB452\projects\n32wb452_EVAL\examples\BLE\slave_ota_app\EWARM\ota_app_16bit\Exe\template_project.out
#    Map file     =  
#        D:\linfuliang_work\pro\NS3601\SVN_tmp\SDK_Make\N32WB452\projects\n32wb452_EVAL\examples\BLE\slave_ota_app\EWARM\ota_app_16bit\List\template_project.map
#    Command line =  
#        D:\linfuliang_work\pro\NS3601\SVN_tmp\SDK_Make\N32WB452\projects\n32wb452_EVAL\examples\BLE\slave_ota_app\EWARM\ota_app_16bit\Obj\app.o
#        D:\linfuliang_work\pro\NS3601\SVN_tmp\SDK_Make\N32WB452\projects\n32wb452_EVAL\examples\BLE\slave_ota_app\EWARM\ota_app_16bit\Obj\app_batt.o
#        D:\linfuliang_work\pro\NS3601\SVN_tmp\SDK_Make\N32WB452\projects\n32wb452_EVAL\examples\BLE\slave_ota_app\EWARM\ota_app_16bit\Obj\app_sec.o
#        D:\linfuliang_work\pro\NS3601\SVN_tmp\SDK_Make\N32WB452\projects\n32wb452_EVAL\examples\BLE\slave_ota_app\EWARM\ota_app_16bit\Obj\app_task.o
#        D:\linfuliang_work\pro\NS3601\SVN_tmp\SDK_Make\N32WB452\projects\n32wb452_EVAL\examples\BLE\slave_ota_app\EWARM\ota_app_16bit\Obj\app_user.o
#        D:\linfuliang_work\pro\NS3601\SVN_tmp\SDK_Make\N32WB452\projects\n32wb452_EVAL\examples\BLE\slave_ota_app\EWARM\ota_app_16bit\Obj\bass.o
#        D:\linfuliang_work\pro\NS3601\SVN_tmp\SDK_Make\N32WB452\projects\n32wb452_EVAL\examples\BLE\slave_ota_app\EWARM\ota_app_16bit\Obj\bass_task.o
#        D:\linfuliang_work\pro\NS3601\SVN_tmp\SDK_Make\N32WB452\projects\n32wb452_EVAL\examples\BLE\slave_ota_app\EWARM\ota_app_16bit\Obj\ble_encrypt_interface.o
#        D:\linfuliang_work\pro\NS3601\SVN_tmp\SDK_Make\N32WB452\projects\n32wb452_EVAL\examples\BLE\slave_ota_app\EWARM\ota_app_16bit\Obj\bsp_spi.o
#        D:\linfuliang_work\pro\NS3601\SVN_tmp\SDK_Make\N32WB452\projects\n32wb452_EVAL\examples\BLE\slave_ota_app\EWARM\ota_app_16bit\Obj\bsp_timer.o
#        D:\linfuliang_work\pro\NS3601\SVN_tmp\SDK_Make\N32WB452\projects\n32wb452_EVAL\examples\BLE\slave_ota_app\EWARM\ota_app_16bit\Obj\CRC16.o
#        D:\linfuliang_work\pro\NS3601\SVN_tmp\SDK_Make\N32WB452\projects\n32wb452_EVAL\examples\BLE\slave_ota_app\EWARM\ota_app_16bit\Obj\Eif_debug.o
#        D:\linfuliang_work\pro\NS3601\SVN_tmp\SDK_Make\N32WB452\projects\n32wb452_EVAL\examples\BLE\slave_ota_app\EWARM\ota_app_16bit\Obj\Eif_flash.o
#        D:\linfuliang_work\pro\NS3601\SVN_tmp\SDK_Make\N32WB452\projects\n32wb452_EVAL\examples\BLE\slave_ota_app\EWARM\ota_app_16bit\Obj\Eif_timer.o
#        D:\linfuliang_work\pro\NS3601\SVN_tmp\SDK_Make\N32WB452\projects\n32wb452_EVAL\examples\BLE\slave_ota_app\EWARM\ota_app_16bit\Obj\encrypt_app_interface.o
#        D:\linfuliang_work\pro\NS3601\SVN_tmp\SDK_Make\N32WB452\projects\n32wb452_EVAL\examples\BLE\slave_ota_app\EWARM\ota_app_16bit\Obj\Interface.o
#        D:\linfuliang_work\pro\NS3601\SVN_tmp\SDK_Make\N32WB452\projects\n32wb452_EVAL\examples\BLE\slave_ota_app\EWARM\ota_app_16bit\Obj\log.o
#        D:\linfuliang_work\pro\NS3601\SVN_tmp\SDK_Make\N32WB452\projects\n32wb452_EVAL\examples\BLE\slave_ota_app\EWARM\ota_app_16bit\Obj\main.o
#        D:\linfuliang_work\pro\NS3601\SVN_tmp\SDK_Make\N32WB452\projects\n32wb452_EVAL\examples\BLE\slave_ota_app\EWARM\ota_app_16bit\Obj\misc.o
#        D:\linfuliang_work\pro\NS3601\SVN_tmp\SDK_Make\N32WB452\projects\n32wb452_EVAL\examples\BLE\slave_ota_app\EWARM\ota_app_16bit\Obj\n32wb452_adc.o
#        D:\linfuliang_work\pro\NS3601\SVN_tmp\SDK_Make\N32WB452\projects\n32wb452_EVAL\examples\BLE\slave_ota_app\EWARM\ota_app_16bit\Obj\n32wb452_bkp.o
#        D:\linfuliang_work\pro\NS3601\SVN_tmp\SDK_Make\N32WB452\projects\n32wb452_EVAL\examples\BLE\slave_ota_app\EWARM\ota_app_16bit\Obj\n32wb452_ble_api.o
#        D:\linfuliang_work\pro\NS3601\SVN_tmp\SDK_Make\N32WB452\projects\n32wb452_EVAL\examples\BLE\slave_ota_app\EWARM\ota_app_16bit\Obj\n32wb452_ble_ota_api.o
#        D:\linfuliang_work\pro\NS3601\SVN_tmp\SDK_Make\N32WB452\projects\n32wb452_EVAL\examples\BLE\slave_ota_app\EWARM\ota_app_16bit\Obj\n32wb452_ble_protocol.o
#        D:\linfuliang_work\pro\NS3601\SVN_tmp\SDK_Make\N32WB452\projects\n32wb452_EVAL\examples\BLE\slave_ota_app\EWARM\ota_app_16bit\Obj\n32wb452_data_fifo.o
#        D:\linfuliang_work\pro\NS3601\SVN_tmp\SDK_Make\N32WB452\projects\n32wb452_EVAL\examples\BLE\slave_ota_app\EWARM\ota_app_16bit\Obj\n32wb452_dbg.o
#        D:\linfuliang_work\pro\NS3601\SVN_tmp\SDK_Make\N32WB452\projects\n32wb452_EVAL\examples\BLE\slave_ota_app\EWARM\ota_app_16bit\Obj\n32wb452_exti.o
#        D:\linfuliang_work\pro\NS3601\SVN_tmp\SDK_Make\N32WB452\projects\n32wb452_EVAL\examples\BLE\slave_ota_app\EWARM\ota_app_16bit\Obj\n32wb452_flash.o
#        D:\linfuliang_work\pro\NS3601\SVN_tmp\SDK_Make\N32WB452\projects\n32wb452_EVAL\examples\BLE\slave_ota_app\EWARM\ota_app_16bit\Obj\n32wb452_gpio.o
#        D:\linfuliang_work\pro\NS3601\SVN_tmp\SDK_Make\N32WB452\projects\n32wb452_EVAL\examples\BLE\slave_ota_app\EWARM\ota_app_16bit\Obj\n32wb452_it.o
#        D:\linfuliang_work\pro\NS3601\SVN_tmp\SDK_Make\N32WB452\projects\n32wb452_EVAL\examples\BLE\slave_ota_app\EWARM\ota_app_16bit\Obj\n32wb452_ota_iap.o
#        D:\linfuliang_work\pro\NS3601\SVN_tmp\SDK_Make\N32WB452\projects\n32wb452_EVAL\examples\BLE\slave_ota_app\EWARM\ota_app_16bit\Obj\n32wb452_ota_upgrade.o
#        D:\linfuliang_work\pro\NS3601\SVN_tmp\SDK_Make\N32WB452\projects\n32wb452_EVAL\examples\BLE\slave_ota_app\EWARM\ota_app_16bit\Obj\n32wb452_pwr.o
#        D:\linfuliang_work\pro\NS3601\SVN_tmp\SDK_Make\N32WB452\projects\n32wb452_EVAL\examples\BLE\slave_ota_app\EWARM\ota_app_16bit\Obj\n32wb452_rcc.o
#        D:\linfuliang_work\pro\NS3601\SVN_tmp\SDK_Make\N32WB452\projects\n32wb452_EVAL\examples\BLE\slave_ota_app\EWARM\ota_app_16bit\Obj\n32wb452_rtc.o
#        D:\linfuliang_work\pro\NS3601\SVN_tmp\SDK_Make\N32WB452\projects\n32wb452_EVAL\examples\BLE\slave_ota_app\EWARM\ota_app_16bit\Obj\n32wb452_spi.o
#        D:\linfuliang_work\pro\NS3601\SVN_tmp\SDK_Make\N32WB452\projects\n32wb452_EVAL\examples\BLE\slave_ota_app\EWARM\ota_app_16bit\Obj\n32wb452_tim.o
#        D:\linfuliang_work\pro\NS3601\SVN_tmp\SDK_Make\N32WB452\projects\n32wb452_EVAL\examples\BLE\slave_ota_app\EWARM\ota_app_16bit\Obj\n32wb452_usart.o
#        D:\linfuliang_work\pro\NS3601\SVN_tmp\SDK_Make\N32WB452\projects\n32wb452_EVAL\examples\BLE\slave_ota_app\EWARM\ota_app_16bit\Obj\n32wb452_w25qxx.o
#        D:\linfuliang_work\pro\NS3601\SVN_tmp\SDK_Make\N32WB452\projects\n32wb452_EVAL\examples\BLE\slave_ota_app\EWARM\ota_app_16bit\Obj\prf.o
#        D:\linfuliang_work\pro\NS3601\SVN_tmp\SDK_Make\N32WB452\projects\n32wb452_EVAL\examples\BLE\slave_ota_app\EWARM\ota_app_16bit\Obj\prf_utils.o
#        D:\linfuliang_work\pro\NS3601\SVN_tmp\SDK_Make\N32WB452\projects\n32wb452_EVAL\examples\BLE\slave_ota_app\EWARM\ota_app_16bit\Obj\SecuritySM4.o
#        D:\linfuliang_work\pro\NS3601\SVN_tmp\SDK_Make\N32WB452\projects\n32wb452_EVAL\examples\BLE\slave_ota_app\EWARM\ota_app_16bit\Obj\sha1.o
#        D:\linfuliang_work\pro\NS3601\SVN_tmp\SDK_Make\N32WB452\projects\n32wb452_EVAL\examples\BLE\slave_ota_app\EWARM\ota_app_16bit\Obj\sm4.o
#        D:\linfuliang_work\pro\NS3601\SVN_tmp\SDK_Make\N32WB452\projects\n32wb452_EVAL\examples\BLE\slave_ota_app\EWARM\ota_app_16bit\Obj\startup_n32wb452_EWARM.o
#        D:\linfuliang_work\pro\NS3601\SVN_tmp\SDK_Make\N32WB452\projects\n32wb452_EVAL\examples\BLE\slave_ota_app\EWARM\ota_app_16bit\Obj\system_n32wb452.o
#        D:\linfuliang_work\pro\NS3601\SVN_tmp\SDK_Make\N32WB452\projects\n32wb452_EVAL\examples\BLE\slave_ota_app\EWARM\ota_app_16bit\Obj\user.o
#        D:\linfuliang_work\pro\NS3601\SVN_tmp\SDK_Make\N32WB452\projects\n32wb452_EVAL\examples\BLE\slave_ota_app\EWARM\ota_app_16bit\Obj\user_task.o
#        -o
#        D:\linfuliang_work\pro\NS3601\SVN_tmp\SDK_Make\N32WB452\projects\n32wb452_EVAL\examples\BLE\slave_ota_app\EWARM\ota_app_16bit\Exe\template_project.out
#        --map
#        D:\linfuliang_work\pro\NS3601\SVN_tmp\SDK_Make\N32WB452\projects\n32wb452_EVAL\examples\BLE\slave_ota_app\EWARM\ota_app_16bit\List\template_project.map
#        --config
#        D:\linfuliang_work\pro\NS3601\SVN_tmp\SDK_Make\N32WB452\projects\n32wb452_EVAL\examples\BLE\slave_ota_app\EWARM\n32wb452_ota_app.icf
#        --semihosting
#        D:\linfuliang_work\pro\NS3601\SVN_tmp\SDK_Make\N32WB452\projects\n32wb452_EVAL\examples\BLE\slave_ota_app\EWARM\..\..\..\..\..\..\firmware\n32wb452_ble_driver\lib\IAR\host_16bit.a
#        D:\linfuliang_work\pro\NS3601\SVN_tmp\SDK_Make\N32WB452\projects\n32wb452_EVAL\examples\BLE\slave_ota_app\EWARM\..\..\..\..\..\..\firmware\n32wb452_ble_driver\lib\IAR\n32wb452_ble_16bit.a
#        --entry __iar_program_start --vfe
#
###############################################################################

*******************************************************************************
*** RUNTIME MODEL ATTRIBUTES
***

CppFlavor       = *
__Heap_Handler  = DLMalloc
__SystemLibrary = DLib


*******************************************************************************
*** PLACEMENT SUMMARY
***

"A0":  place at 0x08008000 { ro section .intvec };
"P1":  place in [from 0x00000000 to 0x00000000] |
                [from 0x08008000 to 0x0807ffff] { ro };
"P3":  place in [from 0x00000000 to 0x00000000] |
                [from 0x20000000 to 0x20023fff] {
          block HEAP, rw, block CSTACK, block PROC_STACK };
initialize by copy { rw };

  Section             Kind        Address     Size  Object
  -------             ----        -------     ----  ------
"A0":                                        0x198
  .intvec             ro code  0x08008000    0x198  startup_n32wb452_EWARM.o [1]
                             - 0x08008198    0x198

"P1":                                      0x1831e
  .text               ro code  0x08008198   0x18d0  atts.o [4]
  .text               ro code  0x08009a68    0xd34  attm_db.o [4]
  .text               ro code  0x0800a79c    0x96e  gapc.o [4]
  .text               ro code  0x0800b10a      0xe  Eif_flash.o [1]
  .text               ro code  0x0800b118    0x688  attm.o [4]
  .text               ro code  0x0800b7a0     0xb4  ke_msg.o [4]
  .text               ro code  0x0800b854     0x76  ABImemcpy_unaligned.o [7]
  .text               ro code  0x0800b8ca      0x4  l2cc.o [4]
  .text               ro code  0x0800b8ce     0x10  l2cc.o [4]
  .text               ro code  0x0800b8de     0xec  co_list.o [4]
  .rodata             const    0x0800b9ca      0x2  gapc_task.o [4]
  .text               ro code  0x0800b9cc    0x370  l2cc_task.o [4]
  .text               ro code  0x0800bd3c    0x4b0  gattc.o [4]
  .text               ro code  0x0800c1ec      0x8  attc.o [4]
  .text               ro code  0x0800c1f4    0x22c  ke_timer.o [4]
  .text               ro code  0x0800c420    0x24e  ke_mem.o [4]
  .text               ro code  0x0800c66e      0x4  l2cc_pdu.o [4]
  .rodata             const    0x0800c672      0x2  gapc_task.o [4]
  .text               ro code  0x0800c674    0x444  gapm.o [4]
  .text               ro code  0x0800cab8      0x4  atts.o [4]
  .text               ro code  0x0800cabc     0x62  memcmp_unaligned.o [7]
  .text               ro code  0x0800cb1e      0xc  hci_util.o [4]
  .text               ro code  0x0800cb2a      0x4  l2cc_pdu.o [4]
  .rodata             const    0x0800cb2e      0x2  gapc_task.o [4]
  .text               ro code  0x0800cb30    0x250  ke_task.o [4]
  .text               ro code  0x0800cd80    0xfb4  smpc.o [4]
  .text               ro code  0x0800dd34     0x66  ABImemset.o [7]
  .text               ro code  0x0800dd9a      0x8  ke_task.o [4]
  .rodata             const    0x0800dda2      0x2  gapc_task.o [4]
  .text               ro code  0x0800dda4     0x98  ke_event.o [4]
  .text               ro code  0x0800de3c     0xf8  l2cm.o [4]
  .text               ro code  0x0800df34    0x3d4  l2cc.o [4]
  .text               ro code  0x0800e308     0x10  l2cc_task.o [4]
  .text               ro code  0x0800e318    0x700  l2cc_pdu.o [4]
  .text               ro code  0x0800ea18    0x17c  l2cc_sig.o [4]
  .text               ro code  0x0800eb94      0x8  gapm_util.o [4]
  .text               ro code  0x0800eb9c      0x8  ke.o [4]
  .text               ro code  0x0800eba4     0x8a  ke_queue.o [4]
  .rodata             const    0x0800ec2e      0x2  gapc_task.o [4]
  .text               ro code  0x0800ec30     0x24  printf.o [3]
  .text               ro code  0x0800ec54     0x74  rwip.o [4]
  .text               ro code  0x0800ecc8     0x10  gapm_task.o [4]
  .text               ro code  0x0800ecd8    0x33c  prf.o [1]
  .text               ro code  0x0800f014     0x10  gapm_hci.o [4]
  .text               ro code  0x0800f024     0xca  gattm.o [4]
  .rodata             const    0x0800f0ee      0x2  gapc_task.o [4]
  .text               ro code  0x0800f0f0     0x94  hci.o [4]
  .text               ro code  0x0800f184    0xb84  gapm_util.o [4]
  .text               ro code  0x0800fd08    0x4fe  smpc_util.o [4]
  .text               ro code  0x08010206     0x1a  ke_event.o [4]
  .text               ro code  0x08010220      0xc  l2cc_pdu.o [4]
  .text               ro code  0x0801022c     0x10  l2cc.o [4]
  .text               ro code  0x0801023c    0x4d8  xprintfsmall_nomb.o [3]
  .text               ro code  0x08010714    0x2fc  nvds.o [4]
  .text               ro code  0x08010a10     0x58  ke.o [4]
  .text               ro code  0x08010a68    0x9b0  Interface.o [1]
  .text               ro code  0x08011418    0x368  h4tl.o [4]
  .text               ro code  0x08011780     0x38  rwble_hl.o [4]
  .text               ro code  0x080117b8    0x24a  user.o [1]
  .rodata             const    0x08011a02      0x2  gapm_task.o [4]
  .text               ro code  0x08011a04    0x654  hci_tl.o [4]
  .text               ro code  0x08012058      0x4  smpc_util.o [4]
  .text               ro code  0x0801205c      0x4  smpc_util.o [4]
  .text               ro code  0x08012060     0x16  strchr.o [7]
  .rodata             const    0x08012076      0x2  gapm_task.o [4]
  .text               ro code  0x08012078     0x36  strlen.o [7]
  .rodata             const    0x080120ae      0x2  gapm_task.o [4]
  .text               ro code  0x080120b0     0x58  memchr.o [7]
  .text               ro code  0x08012108    0x1ec  Eif_iom.o [6]
  .text               ro code  0x080122f4      0x6  ABImemclr4.o [7]
  .rodata             const    0x080122fa      0x2  gapm_task.o [4]
  .text               ro code  0x080122fc    0x174  Eif_spi.o [6]
  .text               ro code  0x08012470     0x28  Eif_timer.o [1]
  .text               ro code  0x08012498     0xb4  n32wb452_ble_api.o [1]
  .text               ro code  0x0801254c    0x19c  app.o [1]
  .text               ro code  0x080126e8      0xa  h4tl.o [4]
  .rodata             const    0x080126f2      0x2  gapm_task.o [4]
  .text               ro code  0x080126f4    0x114  hci_msg.o [4]
  .text               ro code  0x08012808    0x33c  hci_util.o [4]
  .text               ro code  0x08012b44    0x3c8  n32wb452_rcc.o [1]
  .text               ro code  0x08012f0c    0x374  n32wb452_gpio.o [1]
  .text               ro code  0x08013280     0xc4  n32wb452_exti.o [1]
  .text               ro code  0x08013344     0x32  ABImemset48.o [7]
  .rodata             const    0x08013376      0x2  gapm_task.o [4]
  .text               ro code  0x08013378     0xf0  n32wb452_bt_drv.o [6]
  .text               ro code  0x08013468    0x624  n32wb452_qspi.o [6]
  .text               ro code  0x08013a8c     0x44  ble_monitor.o [6]
  .text               ro code  0x08013ad0    0x10c  bsp_timer.o [1]
  .text               ro code  0x08013bdc    0x1a0  n32wb452_data_fifo.o [1]
  .text               ro code  0x08013d7c    0x118  app_user.o [1]
  .text               ro code  0x08013e94     0x16  hci_util.o [4]
  .text               ro code  0x08013eaa     0x1a  hci_util.o [4]
  .text               ro code  0x08013ec4     0x90  misc.o [1]
  .text               ro code  0x08013f54    0x2cc  n32wb452_tim.o [1]
  .text               ro code  0x08014220   0x14f4  dlmalloc.o [3]
  .text               ro code  0x08015714      0x6  abort.o [3]
  .rodata             const    0x0801571a      0x2  gapm_task.o [4]
  .text               ro code  0x0801571c     0x2c  xgetmemchunk.o [3]
  .text               ro code  0x08015748     0x14  exit.o [8]
  .text               ro code  0x0801575c   0x11b0  gapc_task.o [4]
  .text               ro code  0x0801690c      0x8  gapc_task.o [4]
  .text               ro code  0x08016914     0xf8  gapc_sig.o [4]
  .text               ro code  0x08016a0c    0xa2c  smpc_api.o [4]
  .text               ro code  0x08017438     0xe0  rand.o [3]
  .text               ro code  0x08017518      0x4  smpc_api.o [4]
  .text               ro code  0x0801751c      0x2  xtls.o [3]
  .rodata             const    0x0801751e      0x2  gapm_task.o [4]
  .rodata             const    0x08017520    0xc80  Interface.o [1]
  .text               ro code  0x080181a0    0xb5c  gapm_hci.o [4]
  .text               ro code  0x08018cfc     0xbc  smpm_api.o [4]
  .text               ro code  0x08018db8    0xac8  gapm_task.o [4]
  .rodata             const    0x08019880    0xa54  Interface.o [1]
  .text               ro code  0x0801a2d4    0x894  n32wb452_ble_protocol.o [1]
  .text               ro code  0x0801ab68     0xdc  ble_encrypt_interface.o [1]
  .text               ro code  0x0801ac44    0x538  n32wb452_ble_ota_api.o [1]
  .text               ro code  0x0801b17c     0x4e  CRC16.o [1]
  .rodata             const    0x0801b1ca      0x2  gapm_task.o [4]
  .text               ro code  0x0801b1cc    0x414  sha1.o [1]
  .text               ro code  0x0801b5e0     0xc2  SecuritySM4.o [1]
  .rodata             const    0x0801b6a2      0x2  l2cc_pdu.o [4]
  .text               ro code  0x0801b6a4    0x3d0  n32wb452_w25qxx.o [1]
  .text               ro code  0x0801ba74    0x220  n32wb452_ota_upgrade.o [1]
  .text               ro code  0x0801bc94    0x57c  main.o [1]
  .text               ro code  0x0801c210     0xfc  bsp_spi.o [1]
  .text               ro code  0x0801c30c     0x42  n32wb452_ota_iap.o [1]
  .rodata             const    0x0801c34e      0x2  l2cc_pdu.o [4]
  .text               ro code  0x0801c350    0x36e  sm4.o [1]
  .rodata             const    0x0801c6be      0x2  l2cc_pdu.o [4]
  .text               ro code  0x0801c6c0    0x1b0  system_n32wb452.o [1]
  .text               ro code  0x0801c870     0xd0  log.o [1]
  .text               ro code  0x0801c940     0x3c  n32wb452_flash.o [1]
  .text               ro code  0x0801c97c     0xd8  n32wb452_spi.o [1]
  .text               ro code  0x0801ca54     0xe6  n32wb452_usart.o [1]
  .rodata             const    0x0801cb3a      0x2  hci_msg.o [4]
  .text               ro code  0x0801cb3c    0x824  gapc_hci.o [4]
  .text               ro code  0x0801d360    0x604  gattc_task.o [4]
  .text               ro code  0x0801d964     0xf8  attc.o [4]
  .text               ro code  0x0801da5c    0x470  app_task.o [1]
  .text               ro code  0x0801decc    0x392  app_sec.o [1]
  .rodata             const    0x0801e25e      0x2  hci_msg.o [4]
  .text               ro code  0x0801e260    0x2ca  user_task.o [1]
  .rodata             const    0x0801e52a      0x1  l2cc_pdu.o [4]
  .rodata             const    0x0801e52c    0x228  hci_msg.o [4]
  .rodata             const    0x0801e754    0x1dc  Interface.o [1]
  .rodata             const    0x0801e930    0x108  gapm_hci.o [4]
  .rodata             const    0x0801ea38    0x100  Interface.o [1]
  .rodata             const    0x0801eb38    0x100  sm4.o [1]
  .rodata             const    0x0801ec38    0x100  gapc_task.o [4]
  .text               ro code  0x0801ed38     0xce  packbits_init.o [7]
  .rodata             const    0x0801ee08     0xc8  gapm_task.o [4]
  .rodata             const    0x0801eed0     0xbc  Interface.o [1]
  .rodata             const    0x0801ef8c     0x90  app_task.o [1]
  .rodata             const    0x0801f01c     0x80  sm4.o [1]
  .rodata             const    0x0801f09c     0x7c  l2cc_pdu.o [4]
  .rodata             const    0x0801f118     0x78  hci_msg.o [4]
  .text               ro code  0x0801f190     0x6c  n32wb452_it.o [1]
  .rodata             const    0x0801f1fc     0x68  atts.o [4]
  .rodata             const    0x0801f264     0x5c  l2cc_pdu.o [4]
  .rodata             const    0x0801f2c0     0x58  gattc_task.o [4]
  .rodata             const    0x0801f318     0x48  gapm.o [4]
  .rodata             const    0x0801f360     0x48  hci_msg.o [4]
  .rodata             const    0x0801f3a8     0x48  hci_msg.o [4]
  .text               ro code  0x0801f3f0     0x40  zero_init3.o [7]
  .rodata             const    0x0801f430     0x3c  n32wb452_ble_protocol.o [1]
  .rodata             const    0x0801f46c     0x3c  l2cc_pdu.o [4]
  .rodata             const    0x0801f4a8     0x3c  smpc_util.o [4]
  .rodata             const    0x0801f4e4     0x3c  smpc_util.o [4]
  .rodata             const    0x0801f520     0x3c  hci_msg.o [4]
  .rodata             const    0x0801f55c     0x38  user.o [1]
  .rodata             const    0x0801f594     0x38  gapc_hci.o [4]
  .rodata             const    0x0801f5cc     0x38  l2cc_task.o [4]
  .rodata             const    0x0801f604     0x34  n32wb452_it.o [1]
  .rodata             const    0x0801f638     0x30  user_task.o [1]
  .rodata             const    0x0801f668     0x30  hci_msg.o [4]
  .rodata             const    0x0801f698     0x28  app_sec.o [1]
  .rodata             const    0x0801f6c0     0x28  n32wb452_w25qxx.o [1]
  .rodata             const    0x0801f6e8     0x28  gapc_hci.o [4]
  .rodata             const    0x0801f710     0x28  gapc_hci.o [4]
  .text               ro code  0x0801f738     0x28  data_init.o [7]
  .rodata             const    0x0801f760     0x24  n32wb452_ble_ota_api.o [1]
  .rodata             const    0x0801f784     0x24  n32wb452_ble_protocol.o [1]
  .rodata             const    0x0801f7a8     0x24  n32wb452_ble_protocol.o [1]
  .rodata             const    0x0801f7cc     0x24  n32wb452_it.o [1]
  .rodata             const    0x0801f7f0     0x24  n32wb452_it.o [1]
  .rodata             const    0x0801f814     0x24  n32wb452_it.o [1]
  .rodata             const    0x0801f838     0x24  n32wb452_it.o [1]
  .rodata             const    0x0801f85c     0x24  atts.o [4]
  .rodata             const    0x0801f880     0x24  hci_msg.o [4]
  .rodata             const    0x0801f8a4     0x24  hci_msg.o [4]
  .text               ro code  0x0801f8c8     0x22  fpinit_M.o [5]
  .iar.init_table     const    0x0801f8ec     0x2c  - Linker created -
  .rodata             const    0x0801f918     0x20  Interface.o [1]
  .rodata             const    0x0801f938     0x20  Interface.o [1]
  .rodata             const    0x0801f958     0x20  Interface.o [1]
  .rodata             const    0x0801f978     0x20  Interface.o [1]
  .rodata             const    0x0801f998     0x20  n32wb452_ble_ota_api.o [1]
  .rodata             const    0x0801f9b8     0x20  n32wb452_ble_ota_api.o [1]
  .rodata             const    0x0801f9d8     0x20  n32wb452_ble_protocol.o [1]
  .rodata             const    0x0801f9f8     0x20  n32wb452_ble_protocol.o [1]
  .rodata             const    0x0801fa18     0x20  n32wb452_rcc.o [1]
  .rodata             const    0x0801fa38     0x20  n32wb452_w25qxx.o [1]
  .rodata             const    0x0801fa58     0x20  gattm.o [4]
  .rodata             const    0x0801fa78     0x20  gapc_hci.o [4]
  .rodata             const    0x0801fa98     0x1c  n32wb452_ble_ota_api.o [1]
  .rodata             const    0x0801fab4     0x1c  n32wb452_ble_ota_api.o [1]
  .rodata             const    0x0801fad0     0x1c  n32wb452_ble_ota_api.o [1]
  .rodata             const    0x0801faec     0x1c  n32wb452_ble_protocol.o [1]
  .rodata             const    0x0801fb08     0x1c  n32wb452_ble_protocol.o [1]
  .rodata             const    0x0801fb24     0x1c  n32wb452_ota_upgrade.o [1]
  .rodata             const    0x0801fb40     0x1c  n32wb452_ota_upgrade.o [1]
  .rodata             const    0x0801fb5c     0x1c  smpc.o [4]
  .text               ro code  0x0801fb78     0x1a  cmain.o [7]
  .text               ro code  0x0801fb92      0x4  low_level_init.o [3]
  .text               ro code  0x0801fb96      0x4  exit.o [3]
  .text               ro code  0x0801fb9c      0xa  cexit.o [7]
  .rodata             const    0x0801fba8     0x18  main.o [1]
  .rodata             const    0x0801fbc0     0x18  n32wb452_ble_ota_api.o [1]
  .rodata             const    0x0801fbd8     0x18  n32wb452_ble_ota_api.o [1]
  .rodata             const    0x0801fbf0     0x18  n32wb452_ble_ota_api.o [1]
  .rodata             const    0x0801fc08     0x18  n32wb452_ble_protocol.o [1]
  .rodata             const    0x0801fc20     0x18  n32wb452_ble_protocol.o [1]
  .rodata             const    0x0801fc38     0x18  user_task.o [1]
  .rodata             const    0x0801fc50     0x18  user_task.o [1]
  .rodata             const    0x0801fc68     0x18  gapc_sig.o [4]
  .rodata             const    0x0801fc80     0x18  l2cc_sig.o [4]
  .text               ro code  0x0801fc98     0x16  xprout.o [3]
  .text               ro code  0x0801fcb0      0xc  putchar.o [3]
  .rodata             const    0x0801fcbc     0x14  Interface.o [1]
  .rodata             const    0x0801fcd0     0x14  main.o [1]
  .rodata             const    0x0801fce4     0x14  main.o [1]
  .rodata             const    0x0801fcf8     0x14  main.o [1]
  .rodata             const    0x0801fd0c     0x14  main.o [1]
  .rodata             const    0x0801fd20     0x14  main.o [1]
  .rodata             const    0x0801fd34     0x14  main.o [1]
  .rodata             const    0x0801fd48     0x14  n32wb452_ble_ota_api.o [1]
  .rodata             const    0x0801fd5c     0x14  n32wb452_ble_ota_api.o [1]
  .rodata             const    0x0801fd70     0x14  n32wb452_ble_ota_api.o [1]
  .rodata             const    0x0801fd84     0x14  n32wb452_ble_protocol.o [1]
  .rodata             const    0x0801fd98     0x14  n32wb452_ble_protocol.o [1]
  .rodata             const    0x0801fdac     0x14  n32wb452_ble_protocol.o [1]
  .rodata             const    0x0801fdc0     0x14  n32wb452_ble_protocol.o [1]
  .rodata             const    0x0801fdd4     0x14  n32wb452_ble_protocol.o [1]
  .rodata             const    0x0801fde8     0x14  n32wb452_ble_protocol.o [1]
  .rodata             const    0x0801fdfc     0x14  n32wb452_ota_upgrade.o [1]
  .rodata             const    0x0801fe10     0x10  app.o [1]
  .rodata             const    0x0801fe20     0x10  Interface.o [1]
  .rodata             const    0x0801fe30     0x10  main.o [1]
  .rodata             const    0x0801fe40     0x10  main.o [1]
  .rodata             const    0x0801fe50     0x10  main.o [1]
  .rodata             const    0x0801fe60     0x10  main.o [1]
  .rodata             const    0x0801fe70     0x10  n32wb452_ble_ota_api.o [1]
  .rodata             const    0x0801fe80     0x10  n32wb452_ble_protocol.o [1]
  .rodata             const    0x0801fe90     0x10  n32wb452_ble_protocol.o [1]
  .rodata             const    0x0801fea0     0x10  n32wb452_it.o [1]
  .rodata             const    0x0801feb0     0x10  n32wb452_rcc.o [1]
  .rodata             const    0x0801fec0     0x10  n32wb452_rcc.o [1]
  .rodata             const    0x0801fed0     0x10  sha1.o [1]
  .rodata             const    0x0801fee0     0x10  sm4.o [1]
  .rodata             const    0x0801fef0     0x10  user.o [1]
  .rodata             const    0x0801ff00     0x10  gapm.o [4]
  .rodata             const    0x0801ff10     0x10  gattc.o [4]
  .rodata             const    0x0801ff20     0x10  attm.o [4]
  .rodata             const    0x0801ff30     0x10  attm.o [4]
  .rodata             const    0x0801ff40     0x10  attm.o [4]
  .rodata             const    0x0801ff50     0x10  gapc.o [4]
  .rodata             const    0x0801ff60     0x10  gattm.o [4]
  .rodata             const    0x0801ff70     0x10  smpc.o [4]
  .rodata             const    0x0801ff80     0x10  gapm_hci.o [4]
  .rodata             const    0x0801ff90     0x10  l2cc.o [4]
  .rodata             const    0x0801ffa0     0x10  hci_msg.o [4]
  .rodata             const    0x0801ffb0     0x10  hci_msg.o [4]
  .text               ro code  0x0801ffc0     0x10  startup_n32wb452_EWARM.o [1]
  .rodata             const    0x0801ffd0      0xc  main.o [1]
  .rodata             const    0x0801ffdc      0xc  n32wb452_ble_api.o [1]
  .rodata             const    0x0801ffe8      0xc  n32wb452_it.o [1]
  .rodata             const    0x0801fff4      0xc  gapc_task.o [4]
  .rodata             const    0x08020000      0xc  hci_msg.o [4]
  .rodata             const    0x0802000c      0xc  hci_msg.o [4]
  .rodata             const    0x08020018      0xc  hci_msg.o [4]
  .rodata             const    0x08020024      0xc  hci_msg.o [4]
  .text               ro code  0x08020030      0xc  cstartup_M.o [7]
  .rodata             const    0x0802003c      0x8  app_sec.o [1]
  .rodata             const    0x08020044      0x8  app_task.o [1]
  .rodata             const    0x0802004c      0x8  app_user.o [1]
  .rodata             const    0x08020054      0x8  app_user.o [1]
  .rodata             const    0x0802005c      0x8  Interface.o [1]
  .rodata             const    0x08020064      0x8  Interface.o [1]
  .rodata             const    0x0802006c      0x8  Interface.o [1]
  .rodata             const    0x08020074      0x8  Interface.o [1]
  .rodata             const    0x0802007c      0x8  Interface.o [1]
  .rodata             const    0x08020084      0x8  n32wb452_ble_ota_api.o [1]
  .rodata             const    0x0802008c      0x8  n32wb452_ble_protocol.o [1]
  .rodata             const    0x08020094      0x8  n32wb452_ble_protocol.o [1]
  .rodata             const    0x0802009c      0x8  n32wb452_w25qxx.o [1]
  .rodata             const    0x080200a4      0x8  n32wb452_w25qxx.o [1]
  .rodata             const    0x080200ac      0x8  n32wb452_w25qxx.o [1]
  .rodata             const    0x080200b4      0x8  n32wb452_w25qxx.o [1]
  .rodata             const    0x080200bc      0x8  n32wb452_w25qxx.o [1]
  .rodata             const    0x080200c4      0x8  n32wb452_w25qxx.o [1]
  .rodata             const    0x080200cc      0x8  user_task.o [1]
  .rodata             const    0x080200d4      0x8  gapc_task.o [4]
  .rodata             const    0x080200dc      0x8  Eif_spi.o [6]
  .rodata             const    0x080200e4      0x8  attm.o [4]
  .rodata             const    0x080200ec      0x8  attm.o [4]
  .rodata             const    0x080200f4      0x8  attm.o [4]
  .rodata             const    0x080200fc      0x8  attm.o [4]
  .rodata             const    0x08020104      0x8  attm.o [4]
  .rodata             const    0x0802010c      0x8  h4tl.o [4]
  .rodata             const    0x08020114      0x8  ke_mem.o [4]
  .rodata             const    0x0802011c      0x8  gapm_task.o [4]
  .rodata             const    0x08020124      0x8  gapm_task.o [4]
  .rodata             const    0x0802012c      0x8  gapm_task.o [4]
  .rodata             const    0x08020134      0x8  gapm_task.o [4]
  .rodata             const    0x0802013c      0x8  gapm_task.o [4]
  .rodata             const    0x08020144      0x8  hci.o [4]
  .rodata             const    0x0802014c      0x8  hci.o [4]
  .rodata             const    0x08020154      0x8  l2cc_task.o [4]
  .rodata             const    0x0802015c      0x8  atts.o [4]
  .rodata             const    0x08020164      0x8  atts.o [4]
  .rodata             const    0x0802016c      0x8  atts.o [4]
  .rodata             const    0x08020174      0x8  atts.o [4]
  .rodata             const    0x0802017c      0x8  atts.o [4]
  .rodata             const    0x08020184      0x8  atts.o [4]
  .rodata             const    0x0802018c      0x8  atts.o [4]
  .rodata             const    0x08020194      0x8  atts.o [4]
  .rodata             const    0x0802019c      0x8  atts.o [4]
  .rodata             const    0x080201a4      0x8  atts.o [4]
  .rodata             const    0x080201ac      0x8  atts.o [4]
  .rodata             const    0x080201b4      0x8  atts.o [4]
  .rodata             const    0x080201bc      0x8  atts.o [4]
  .rodata             const    0x080201c4      0x8  atts.o [4]
  .rodata             const    0x080201cc      0x8  gattc_task.o [4]
  .rodata             const    0x080201d4      0x8  gapm_util.o [4]
  .rodata             const    0x080201dc      0x8  gapm_util.o [4]
  .rodata             const    0x080201e4      0x8  gattm_task.o [4]
  .rodata             const    0x080201ec      0x8  gattm_task.o [4]
  .rodata             const    0x080201f4      0x8  l2cc_pdu.o [4]
  .rodata             const    0x080201fc      0x8  l2cc_pdu.o [4]
  .rodata             const    0x08020204      0x8  l2cc_pdu.o [4]
  .rodata             const    0x0802020c      0x8  l2cc_pdu.o [4]
  .rodata             const    0x08020214      0x8  l2cc_pdu.o [4]
  .rodata             const    0x0802021c      0x8  l2cc_pdu.o [4]
  .rodata             const    0x08020224      0x8  l2cc_pdu.o [4]
  .rodata             const    0x0802022c      0x8  attc.o [4]
  .rodata             const    0x08020234      0x8  hci_msg.o [4]
  .rodata             const    0x0802023c      0x8  hci_msg.o [4]
  .rodata             const    0x08020244      0x8  hci_msg.o [4]
  .rodata             const    0x0802024c      0x8  hci_msg.o [4]
  .rodata             const    0x08020254      0x8  hci_msg.o [4]
  .rodata             const    0x0802025c      0x8  hci_msg.o [4]
  .rodata             const    0x08020264      0x8  hci_msg.o [4]
  .rodata             const    0x0802026c      0x8  hci_msg.o [4]
  .rodata             const    0x08020274      0x8  hci_msg.o [4]
  .rodata             const    0x0802027c      0x8  hci_msg.o [4]
  .rodata             const    0x08020284      0x8  hci_msg.o [4]
  .rodata             const    0x0802028c      0x8  hci_msg.o [4]
  .rodata             const    0x08020294      0x8  hci_msg.o [4]
  .rodata             const    0x0802029c      0x8  hci_msg.o [4]
  .rodata             const    0x080202a4      0x8  hci_msg.o [4]
  .rodata             const    0x080202ac      0x8  hci_msg.o [4]
  .rodata             const    0x080202b4      0x8  hci_msg.o [4]
  .rodata             const    0x080202bc      0x8  hci_msg.o [4]
  .rodata             const    0x080202c4      0x4  app.o [1]
  .rodata             const    0x080202c8      0x4  gapc_task.o [4]
  .rodata             const    0x080202cc      0x4  nvds.o [4]
  .rodata             const    0x080202d0      0x4  gapm_task.o [4]
  .rodata             const    0x080202d4      0x4  gattm.o [4]
  .rodata             const    0x080202d8      0x4  gattc_task.o [4]
  .rodata             const    0x080202dc      0x4  gattc_task.o [4]
  .rodata             const    0x080202e0      0x4  l2cc_pdu.o [4]
  .rodata             const    0x080202e4      0x4  l2cc_pdu.o [4]
  .rodata             const    0x080202e8      0x4  l2cc_pdu.o [4]
  .rodata             const    0x080202ec      0x4  l2cc_pdu.o [4]
  .rodata             const    0x080202f0      0x4  l2cc_pdu.o [4]
  .rodata             const    0x080202f4      0x4  l2cc_pdu.o [4]
  .rodata             const    0x080202f8      0x4  l2cc_pdu.o [4]
  .rodata             const    0x080202fc      0x4  l2cc_pdu.o [4]
  .rodata             const    0x08020300      0x4  l2cc_pdu.o [4]
  .rodata             const    0x08020304      0x4  hci_msg.o [4]
  .rodata             const    0x08020308      0x4  hci_msg.o [4]
  .rodata             const    0x0802030c      0x4  hci_msg.o [4]
  .rodata             const    0x08020310      0x4  hci_msg.o [4]
  .rodata             const    0x08020314      0x4  hci_msg.o [4]
  .rodata             const    0x08020318      0x4  hci_msg.o [4]
  .rodata             const    0x0802031c      0x4  hci_msg.o [4]
  .rodata             const    0x08020320      0x4  hci_msg.o [4]
  .rodata             const    0x08020324      0x4  hci_msg.o [4]
  .rodata             const    0x08020328      0x4  hci_msg.o [4]
  .rodata             const    0x0802032c      0x4  hci_msg.o [4]
  .rodata             const    0x08020330      0x4  hci_msg.o [4]
  .rodata             const    0x08020334      0x4  hci_msg.o [4]
  .rodata             const    0x08020338      0x4  hci_msg.o [4]
  .text               ro code  0x0802033c      0x4  startup_n32wb452_EWARM.o [1]
  .text               ro code  0x08020340      0x4  startup_n32wb452_EWARM.o [1]
  .text               ro code  0x08020344      0x4  startup_n32wb452_EWARM.o [1]
  .text               ro code  0x08020348      0x4  startup_n32wb452_EWARM.o [1]
  .text               ro code  0x0802034c      0x4  startup_n32wb452_EWARM.o [1]
  .text               ro code  0x08020350      0x4  startup_n32wb452_EWARM.o [1]
  .text               ro code  0x08020354      0x4  startup_n32wb452_EWARM.o [1]
  .text               ro code  0x08020358      0x4  startup_n32wb452_EWARM.o [1]
  .text               ro code  0x0802035c      0x4  startup_n32wb452_EWARM.o [1]
  .text               ro code  0x08020360      0x4  startup_n32wb452_EWARM.o [1]
  .text               ro code  0x08020364      0x4  startup_n32wb452_EWARM.o [1]
  .text               ro code  0x08020368      0x4  startup_n32wb452_EWARM.o [1]
  .text               ro code  0x0802036c      0x4  startup_n32wb452_EWARM.o [1]
  .text               ro code  0x08020370      0x4  startup_n32wb452_EWARM.o [1]
  .text               ro code  0x08020374      0x4  startup_n32wb452_EWARM.o [1]
  .text               ro code  0x08020378      0x4  startup_n32wb452_EWARM.o [1]
  .text               ro code  0x0802037c      0x4  startup_n32wb452_EWARM.o [1]
  .text               ro code  0x08020380      0x4  startup_n32wb452_EWARM.o [1]
  .text               ro code  0x08020384      0x4  startup_n32wb452_EWARM.o [1]
  .text               ro code  0x08020388      0x4  startup_n32wb452_EWARM.o [1]
  .text               ro code  0x0802038c      0x4  startup_n32wb452_EWARM.o [1]
  .text               ro code  0x08020390      0x4  startup_n32wb452_EWARM.o [1]
  .text               ro code  0x08020394      0x4  startup_n32wb452_EWARM.o [1]
  .text               ro code  0x08020398      0x4  startup_n32wb452_EWARM.o [1]
  .text               ro code  0x0802039c      0x4  startup_n32wb452_EWARM.o [1]
  .text               ro code  0x080203a0      0x4  startup_n32wb452_EWARM.o [1]
  .text               ro code  0x080203a4      0x4  startup_n32wb452_EWARM.o [1]
  .text               ro code  0x080203a8      0x4  startup_n32wb452_EWARM.o [1]
  .text               ro code  0x080203ac      0x4  startup_n32wb452_EWARM.o [1]
  .text               ro code  0x080203b0      0x4  startup_n32wb452_EWARM.o [1]
  .text               ro code  0x080203b4      0x4  startup_n32wb452_EWARM.o [1]
  .text               ro code  0x080203b8      0x4  startup_n32wb452_EWARM.o [1]
  .text               ro code  0x080203bc      0x4  startup_n32wb452_EWARM.o [1]
  .text               ro code  0x080203c0      0x4  startup_n32wb452_EWARM.o [1]
  .text               ro code  0x080203c4      0x4  startup_n32wb452_EWARM.o [1]
  .text               ro code  0x080203c8      0x4  startup_n32wb452_EWARM.o [1]
  .text               ro code  0x080203cc      0x4  startup_n32wb452_EWARM.o [1]
  .text               ro code  0x080203d0      0x4  startup_n32wb452_EWARM.o [1]
  .text               ro code  0x080203d4      0x4  startup_n32wb452_EWARM.o [1]
  .text               ro code  0x080203d8      0x4  startup_n32wb452_EWARM.o [1]
  .text               ro code  0x080203dc      0x4  startup_n32wb452_EWARM.o [1]
  .text               ro code  0x080203e0      0x4  startup_n32wb452_EWARM.o [1]
  .text               ro code  0x080203e4      0x4  startup_n32wb452_EWARM.o [1]
  .text               ro code  0x080203e8      0x4  startup_n32wb452_EWARM.o [1]
  .text               ro code  0x080203ec      0x4  startup_n32wb452_EWARM.o [1]
  .text               ro code  0x080203f0      0x4  startup_n32wb452_EWARM.o [1]
  .text               ro code  0x080203f4      0x4  startup_n32wb452_EWARM.o [1]
  .text               ro code  0x080203f8      0x4  startup_n32wb452_EWARM.o [1]
  .text               ro code  0x080203fc      0x4  startup_n32wb452_EWARM.o [1]
  .text               ro code  0x08020400      0x4  startup_n32wb452_EWARM.o [1]
  .text               ro code  0x08020404      0x4  startup_n32wb452_EWARM.o [1]
  .text               ro code  0x08020408      0x4  startup_n32wb452_EWARM.o [1]
  .text               ro code  0x0802040c      0x4  startup_n32wb452_EWARM.o [1]
  .text               ro code  0x08020410      0x4  startup_n32wb452_EWARM.o [1]
  .text               ro code  0x08020414      0x4  startup_n32wb452_EWARM.o [1]
  .text               ro code  0x08020418      0x4  startup_n32wb452_EWARM.o [1]
  .text               ro code  0x0802041c      0x4  startup_n32wb452_EWARM.o [1]
  .text               ro code  0x08020420      0x4  startup_n32wb452_EWARM.o [1]
  .text               ro code  0x08020424      0x4  startup_n32wb452_EWARM.o [1]
  .text               ro code  0x08020428      0x4  startup_n32wb452_EWARM.o [1]
  .text               ro code  0x0802042c      0x4  startup_n32wb452_EWARM.o [1]
  .text               ro code  0x08020430      0x4  startup_n32wb452_EWARM.o [1]
  .text               ro code  0x08020434      0x4  startup_n32wb452_EWARM.o [1]
  .text               ro code  0x08020438      0x4  startup_n32wb452_EWARM.o [1]
  .text               ro code  0x0802043c      0x4  startup_n32wb452_EWARM.o [1]
  .text               ro code  0x08020440      0x4  startup_n32wb452_EWARM.o [1]
  .text               ro code  0x08020444      0x4  startup_n32wb452_EWARM.o [1]
  .text               ro code  0x08020448      0x4  startup_n32wb452_EWARM.o [1]
  .text               ro code  0x0802044c      0x4  startup_n32wb452_EWARM.o [1]
  .text               ro code  0x08020450      0x4  startup_n32wb452_EWARM.o [1]
  .text               ro code  0x08020454      0x4  startup_n32wb452_EWARM.o [1]
  .text               ro code  0x08020458      0x4  startup_n32wb452_EWARM.o [1]
  .text               ro code  0x0802045c      0x4  startup_n32wb452_EWARM.o [1]
  .text               ro code  0x08020460      0x4  startup_n32wb452_EWARM.o [1]
  .text               ro code  0x08020464      0x4  startup_n32wb452_EWARM.o [1]
  .text               ro code  0x08020468      0x4  startup_n32wb452_EWARM.o [1]
  .text               ro code  0x0802046c      0x4  startup_n32wb452_EWARM.o [1]
  .text               ro code  0x08020470      0x4  gattm_task.o [4]
  .rodata             const    0x08020474      0x0  zero_init3.o [7]
  .rodata             const    0x08020474      0x0  packbits_init.o [7]
  Initializer bytes   const    0x08020474     0x42  <for P3 s0>
                             - 0x080204b6  0x1831e

"P3", part 1 of 3:                           0x2ec
  P3 s0                        0x20000000    0x2ec  <Init block>
    .data             inited   0x20000000    0x218  n32wb452_data_fifo.o [1]
    __DLIB_PERTHREAD  inited   0x20000218     0x8c  rand.o [3]
    .data             inited   0x200002a4     0x40  xfiles.o [3]
    .data             inited   0x200002e4      0x4  system_n32wb452.o [1]
    .data             inited   0x200002e8      0x2  n32wb452_w25qxx.o [1]
    .data             inited   0x200002ea      0x1  n32wb452_ble_protocol.o [1]
    .data             inited   0x200002eb      0x1  ble_monitor.o [6]
                             - 0x200002ec    0x2ec

"P3", part 2 of 3:                          0x2e34
  .bss                zero     0x200002ec   0x1000  n32wb452_w25qxx.o [1]
  .bss                zero     0x200012ec    0xe0c  rwip.o [4]
  .bss                zero     0x200020f8    0x404  main.o [1]
  .bss                zero     0x200024fc    0x20c  rwip.o [4]
  .bss                zero     0x20002708    0x20c  rwip.o [4]
  .bss                zero     0x20002914    0x200  main.o [1]
  .bss                zero     0x20002b14    0x1d8  dlmalloc.o [3]
  .bss                zero     0x20002cec     0xc8  rwip.o [4]
  .bss                zero     0x20002db4     0x9c  app.o [1]
  .bss                zero     0x20002e50     0x60  main.o [1]
  .bss                zero     0x20002eb0     0x50  xfiles.o [3]
  .bss                zero     0x20002f00     0x30  ke.o [4]
  .bss                zero     0x20002f30     0x2c  gapm.o [4]
  .bss                zero     0x20002f5c     0x2c  ke_task.o [4]
  .bss                zero     0x20002f88     0x24  n32wb452_ble_ota_api.o [1]
  .bss                zero     0x20002fac     0x20  Interface.o [1]
  .bss                zero     0x20002fcc     0x20  gattm.o [4]
  .bss                zero     0x20002fec     0x18  prf.o [1]
  .bss                zero     0x20003004     0x18  nvds.o [4]
  .bss                zero     0x2000301c     0x18  Eif_spi.o [6]
  .bss                zero     0x20003034     0x18  hci_tl.o [4]
  .bss                zero     0x2000304c     0x18  dlmalloc.o [3]
  .bss                zero     0x20003064     0x14  main.o [1]
  .bss                zero     0x20003078     0x14  ke_event.o [4]
  .bss                zero     0x2000308c     0x14  h4tl.o [4]
  .bss                zero     0x200030a0     0x14  hci.o [4]
  .bss                zero     0x200030b4     0x10  ble_encrypt_interface.o [1]
  .bss                zero     0x200030c4      0xc  app_user.o [1]
  .bss                zero     0x200030d0      0xc  l2cm.o [4]
  .bss                zero     0x200030dc      0x4  app_sec.o [1]
  .bss                zero     0x200030e0      0x4  bsp_timer.o [1]
  .bss                zero     0x200030e4      0x4  log.o [1]
  .bss                zero     0x200030e8      0x4  main.o [1]
  .bss                zero     0x200030ec      0x4  n32wb452_ble_api.o [1]
  .bss                zero     0x200030f0      0x4  n32wb452_ble_api.o [1]
  .bss                zero     0x200030f4      0x4  n32wb452_ble_api.o [1]
  .bss                zero     0x200030f8      0x4  n32wb452_ble_api.o [1]
  .bss                zero     0x200030fc      0x4  gattc.o [4]
  .bss                zero     0x20003100      0x4  gapc.o [4]
  .bss                zero     0x20003104      0x4  l2cc.o [4]
  .bss                zero     0x20003108      0x4  xgetmemchunk.o [3]
  .bss                zero     0x2000310c      0x2  main.o [1]
  .bss                zero     0x2000310e      0x2  main.o [1]
  .bss                zero     0x20003110      0x1  app_task.o [1]
  .bss                zero     0x20003111      0x1  main.o [1]
  .bss                zero     0x20003112      0x1  main.o [1]
  .bss                zero     0x20003113      0x1  main.o [1]
  .bss                zero     0x20003114      0x1  main.o [1]
  .bss                zero     0x20003115      0x1  n32wb452_ble_protocol.o [1]
  .bss                zero     0x20003116      0x1  n32wb452_ble_protocol.o [1]
  .bss                zero     0x20003117      0x1  n32wb452_ble_protocol.o [1]
  .bss                zero     0x20003118      0x1  gapc_task.o [4]
  .bss                zero     0x20003119      0x1  gapm_task.o [4]
  .bss                zero     0x2000311a      0x1  l2cc_task.o [4]
  .bss                zero     0x2000311b      0x1  gattc_task.o [4]
  .bss                zero     0x2000311c      0x1  ble_monitor.o [6]
  .bss                zero     0x2000311d      0x1  ble_monitor.o [6]
  .bss                zero     0x2000311e      0x1  ble_monitor.o [6]
  .bss                zero     0x2000311f      0x1  gattm_task.o [4]
                             - 0x20003120   0x2e34

"P3", part 3 of 3:                          0x1700
  HEAP                         0x20003120    0x200  <Block>
    HEAP              uninit   0x20003120    0x200  <Block tail>
  CSTACK                       0x20003320   0x1500  <Block>
    CSTACK            uninit   0x20003320   0x1500  <Block tail>
                             - 0x20004820   0x1700


*******************************************************************************
*** INIT TABLE
***

          Address     Size
          -------     ----
Zero (__iar_zero_init3)
    1 destination range, total size 0x2e34:
          0x200002ec  0x2e34

Copy/packbits (__iar_packbits_init3)
    1 source range, total size 0x42 (8% of destination):
          0x08020474    0x42
    1 destination range, total size 0x2ec:
          0x20000000   0x2ec



*******************************************************************************
*** MODULE SUMMARY
***

    Module                    ro code  ro data  rw data
    ------                    -------  -------  -------
D:\linfuliang_work\pro\NS3601\SVN_tmp\SDK_Make\N32WB452\projects\n32wb452_EVAL\examples\BLE\slave_ota_app\EWARM\ota_app_16bit\Obj: [1]
    CRC16.o                        78
    Eif_flash.o                    14
    Eif_timer.o                    40
    Interface.o                 2 480    6 968       32
    SecuritySM4.o                 194
    app.o                         412       20      156
    app_sec.o                     914       48        4
    app_task.o                  1 136      152        1
    app_user.o                    280       16       12
    ble_encrypt_interface.o       220                16
    bsp_spi.o                     252
    bsp_timer.o                   268                 4
    log.o                         208                 4
    main.o                      1 404      220    1 668
    misc.o                        144
    n32wb452_ble_api.o            180       12       16
    n32wb452_ble_ota_api.o      1 336      340       36
    n32wb452_ble_protocol.o     2 196      468        4
    n32wb452_data_fifo.o          416       47      536
    n32wb452_exti.o               196
    n32wb452_flash.o               60
    n32wb452_gpio.o               884
    n32wb452_it.o                 108      224
    n32wb452_ota_iap.o             66
    n32wb452_ota_upgrade.o        544       76
    n32wb452_rcc.o                968       64
    n32wb452_spi.o                216
    n32wb452_tim.o                716
    n32wb452_usart.o              230
    n32wb452_w25qxx.o             976      120    4 098
    prf.o                         828                24
    sha1.o                      1 044       16
    sm4.o                         878      400
    startup_n32wb452_EWARM.o      732
    system_n32wb452.o             432                 4
    user.o                        586       72
    user_task.o                   714      104
    ---------------------------------------------------
    Total:                     22 350    9 367    6 615

command line: [2]
    ---------------------------------------------------
    Total:

dl7M_tlf.a: [3]
    abort.o                         6
    dlmalloc.o                  5 364               496
    exit.o                          4
    low_level_init.o                4
    printf.o                       36
    putchar.o                      12
    rand.o                        224       12      140
    xfiles.o                                 6      144
    xgetmemchunk.o                 44                 4
    xprintfsmall_nomb.o         1 240
    xprout.o                       22
    xtls.o                          2
    ---------------------------------------------------
    Total:                      6 958       18      784

host_16bit.a: [4]
    attc.o                        256        8
    attm.o                      1 672       88
    attm_db.o                   3 380
    atts.o                      6 356      252
    co_list.o                     236
    gapc.o                      2 414       16        4
    gapc_hci.o                  2 084      168
    gapc_sig.o                    248       24
    gapc_task.o                 4 536      292        1
    gapm.o                      1 092       88       44
    gapm_hci.o                  2 924      280
    gapm_task.o                 2 776      262        1
    gapm_util.o                 2 956       16
    gattc.o                     1 200       16        4
    gattc_task.o                1 540      104        1
    gattm.o                       202       52       32
    gattm_task.o                    4       16        1
    h4tl.o                        882        8       20
    hci.o                         148       16       20
    hci_msg.o                     276    1 280
    hci_tl.o                    1 620                24
    hci_util.o                    888
    ke.o                           96                48
    ke_event.o                    178                20
    ke_mem.o                      590        8
    ke_msg.o                      180
    ke_queue.o                    138
    ke_task.o                     600                44
    ke_timer.o                    556
    l2cc.o                      1 016       16        4
    l2cc_pdu.o                  1 812      375
    l2cc_sig.o                    380       24
    l2cc_task.o                   896       64        1
    l2cm.o                        248                12
    nvds.o                        764        4       24
    rwble_hl.o                     56
    rwip.o                        116             4 844
    smpc.o                      4 020       44
    smpc_api.o                  2 608
    smpc_util.o                 1 286      120
    smpm_api.o                    188
    ---------------------------------------------------
    Total:                     53 418    3 641    5 149

m7M_tls.a: [5]
    fpinit_M.o                     34
    ---------------------------------------------------
    Total:                         34

n32wb452_ble_16bit.a: [6]
    Eif_iom.o                     492
    Eif_spi.o                     372        8       24
    ble_monitor.o                  68        1        4
    n32wb452_bt_drv.o             240
    n32wb452_qspi.o             1 572
    ---------------------------------------------------
    Total:                      2 744        9       28

rt7M_tl.a: [7]
    ABImemclr4.o                    6
    ABImemcpy_unaligned.o         118
    ABImemset.o                   102
    ABImemset48.o                  50
    cexit.o                        10
    cmain.o                        26
    cstartup_M.o                   12
    data_init.o                    40
    memchr.o                       88
    memcmp_unaligned.o             98
    packbits_init.o               206
    strchr.o                       22
    strlen.o                       54
    zero_init3.o                   64
    ---------------------------------------------------
    Total:                        896

shb_l.a: [8]
    exit.o                         20
    ---------------------------------------------------
    Total:                         20

    Gaps                            4        7
    Linker created                          44    5 888
-------------------------------------------------------
    Grand Total:               86 424   13 086   18 464


*******************************************************************************
*** ENTRY LIST
***

Entry                      Address    Size  Type      Object
-----                      -------    ----  ----      ------
.iar.init_table$$Base   0x0801f8ec           --   Gb  - Linker created -
.iar.init_table$$Limit  0x0801f918           --   Gb  - Linker created -
?main                   0x0801fb79          Code  Gb  cmain.o [7]
APP_BtRcvDataBuffer     0x20000000   0x218  Data  Gb  n32wb452_data_fifo.o [1]
BT_get_version          0x08012527    0x14  Code  Gb  n32wb452_ble_api.o [1]
BT_handle               0x0801251f     0x8  Code  Gb  n32wb452_ble_api.o [1]
BT_init                 0x08012515     0xa  Code  Gb  n32wb452_ble_api.o [1]
BusFault_Handler        0x0801f1f3     0x2  Code  Gb  n32wb452_it.o [1]
CK                      0x0801f01c    0x80  Data  Lc  sm4.o [1]
CSTACK$$Base            0x20003320           --   Gb  - Linker created -
CSTACK$$Limit           0x20004820           --   Gb  - Linker created -
CopyArray               0x08019880   0xa54  Data  Gb  Interface.o [1]
DebugMon_Handler        0x0801f1f9     0x2  Code  Gb  n32wb452_it.o [1]
EXTI15_10_IRQHandler    0x0801bcc3    0x32  Code  Gb  main.o [1]
EXTI_ClrITPendBit       0x08013329     0x6  Code  Gb  n32wb452_exti.o [1]
EXTI_GetITStatus        0x08013307    0x22  Code  Gb  n32wb452_exti.o [1]
EXTI_InitPeripheral     0x08013281    0x86  Code  Gb  n32wb452_exti.o [1]
EXTI_NZ8801_STAIRQ_Default
                        0x080121eb    0x28  Code  Gb  Eif_iom.o [6]
FK                      0x0801fee0    0x10  Data  Lc  sm4.o [1]
FLASH_PrefetchBufSet    0x0801c957    0x20  Code  Gb  n32wb452_flash.o [1]
FLASH_SetLatency        0x0801c941    0x16  Code  Gb  n32wb452_flash.o [1]
GPIO_ConfigEXTILine     0x08013217    0x4e  Code  Gb  n32wb452_gpio.o [1]
GPIO_ConfigPinRemap     0x08013001   0x216  Code  Gb  n32wb452_gpio.o [1]
GPIO_InitPeripheral     0x08012f0d    0xc0  Code  Gb  n32wb452_gpio.o [1]
GPIO_ReadInputDataBit   0x08012fcd    0x16  Code  Gb  n32wb452_gpio.o [1]
GPIO_ResetBits          0x08012fe9     0x6  Code  Gb  n32wb452_gpio.o [1]
GPIO_SetBits            0x08012fe3     0x6  Code  Gb  n32wb452_gpio.o [1]
GPIO_WriteBit           0x08012fef    0x12  Code  Gb  n32wb452_gpio.o [1]
HEAP$$Base              0x20003120           --   Gb  - Linker created -
HEAP$$Limit             0x20003320           --   Gb  - Linker created -
HardFault_Handler       0x0801f193    0x40  Code  Gb  n32wb452_it.o [1]
InStream_StepRegion     0x0801ed39    0x14  Code  Lc  packbits_init.o [7]
IsAscii                 0x08010ad7    0x12  Code  Gb  Interface.o [1]
LoadInt                 0x080105c5    0x4c  Code  Lc  xprintfsmall_nomb.o [3]
MemManage_Handler       0x0801f1f1     0x2  Code  Gb  n32wb452_it.o [1]
NMI_Handler             0x0801f191     0x2  Code  Gb  n32wb452_it.o [1]
NVIC_Init               0x08013ecf    0x5e  Code  Gb  misc.o [1]
NVIC_PriorityGroupConfig
                        0x08013ec5     0xa  Code  Gb  misc.o [1]
NVIC_SetVectorTable     0x08013f2d     0xc  Code  Gb  misc.o [1]
NvdsArray               0x0801eed0    0xbc  Data  Gb  Interface.o [1]
PatchArray              0x08017520   0xc80  Data  Gb  Interface.o [1]
QSPI_Cmd                0x080137b9    0x3a  Code  Gb  n32wb452_qspi.o [6]
QSPI_DeInit             0x08013a0f    0x18  Code  Gb  n32wb452_qspi.o [6]
QSPI_GPIO               0x080135ed   0x1cc  Code  Gb  n32wb452_qspi.o [6]
QSPI_ReadWriteByte      0x08013379    0x3c  Code  Gb  n32wb452_bt_drv.o [6]
QSPI_SingleGpioConfig   0x080135d3    0x1a  Code  Lc  n32wb452_qspi.o [6]
QspiConfigInit          0x0801348b   0x148  Code  Gb  n32wb452_qspi.o [6]
QspiInit                0x080137f3   0x21c  Code  Gb  n32wb452_qspi.o [6]
Qspi_GetStatus          0x08013469    0x16  Code  Gb  n32wb452_qspi.o [6]
Qspi_ReceiveData        0x08013485     0x6  Code  Gb  n32wb452_qspi.o [6]
Qspi_TransmitData       0x0801347f     0x6  Code  Gb  n32wb452_qspi.o [6]
RCC_ConfigHclk          0x08012c8d    0x16  Code  Gb  n32wb452_rcc.o [1]
RCC_ConfigHse           0x08012bbb    0x54  Code  Gb  n32wb452_rcc.o [1]
RCC_ConfigPclk1         0x08012ca3    0x16  Code  Gb  n32wb452_rcc.o [1]
RCC_ConfigPclk2         0x08012cb9    0x18  Code  Gb  n32wb452_rcc.o [1]
RCC_ConfigPll           0x08012c47    0x1a  Code  Gb  n32wb452_rcc.o [1]
RCC_ConfigSysclk        0x08012c6b    0x16  Code  Gb  n32wb452_rcc.o [1]
RCC_Configuration       0x0801bcf5    0x1c  Code  Gb  main.o [1]
RCC_DeInit              0x08012b45    0x76  Code  Gb  n32wb452_rcc.o [1]
RCC_EnableAHBPeriphClk  0x08012dad    0x20  Code  Gb  n32wb452_rcc.o [1]
RCC_EnableAHBPeriphReset
                        0x08012e0d    0x20  Code  Gb  n32wb452_rcc.o [1]
RCC_EnableAPB1PeriphClk
                        0x08012ded    0x20  Code  Gb  n32wb452_rcc.o [1]
RCC_EnableAPB1PeriphReset
                        0x08012e4d    0x20  Code  Gb  n32wb452_rcc.o [1]
RCC_EnableAPB2PeriphClk
                        0x08012dcd    0x20  Code  Gb  n32wb452_rcc.o [1]
RCC_EnableAPB2PeriphReset
                        0x08012e2d    0x20  Code  Gb  n32wb452_rcc.o [1]
RCC_EnablePll           0x08012c61     0xa  Code  Gb  n32wb452_rcc.o [1]
RCC_GetClocksFreqValue  0x08012cd1    0xdc  Code  Gb  n32wb452_rcc.o [1]
RCC_GetFlagStatus       0x08012e6d    0x3e  Code  Gb  n32wb452_rcc.o [1]
RCC_GetSysclkSrc        0x08012c81     0xc  Code  Gb  n32wb452_rcc.o [1]
RCC_WaitHseStable       0x08012c0f    0x38  Code  Gb  n32wb452_rcc.o [1]
RamcodeArray            0x0801e754   0x1dc  Data  Gb  Interface.o [1]
Region$$Table$$Base     0x0801f8ec           --   Gb  - Linker created -
Region$$Table$$Limit    0x0801f918           --   Gb  - Linker created -
SHA1Input               0x0801b26b    0x82  Code  Gb  sha1.o [1]
SHA1PadMessage          0x0801b4dd    0xc4  Code  Gb  sha1.o [1]
SHA1ProcessMessageBlock
                        0x0801b2ed   0x1d8  Code  Gb  sha1.o [1]
SHA1Reset               0x0801b1cd    0x34  Code  Gb  sha1.o [1]
SHA1Result              0x0801b201    0x6a  Code  Gb  sha1.o [1]
SPI3_ReadWriteByte      0x0801c2b1    0x52  Code  Gb  bsp_spi.o [1]
SPI_Configuration       0x0801c211    0x8e  Code  Gb  bsp_spi.o [1]
SPI_DisConfiguration    0x0801c29f    0x12  Code  Gb  bsp_spi.o [1]
SPI_Enable              0x0801ca1d    0x1c  Code  Gb  n32wb452_spi.o [1]
SPI_I2S_DeInit          0x0801c97d    0x56  Code  Gb  n32wb452_spi.o [1]
SPI_I2S_GetStatus       0x0801ca41    0x14  Code  Gb  n32wb452_spi.o [1]
SPI_I2S_ReceiveData     0x0801ca3d     0x4  Code  Gb  n32wb452_spi.o [1]
SPI_I2S_TransmitData    0x0801ca39     0x4  Code  Gb  n32wb452_spi.o [1]
SPI_Init                0x0801c9d3    0x3e  Code  Gb  n32wb452_spi.o [1]
SVC_Handler             0x0801f1f7     0x2  Code  Gb  n32wb452_it.o [1]
SboxTable               0x0801eb38   0x100  Data  Lc  sm4.o [1]
SetSysClock             0x0801c75d    0xd0  Code  Lc  system_n32wb452.o [1]
SetSysClock_HSE_PLL     0x0801bf93    0x7a  Code  Gb  main.o [1]
SysTick_Handler         0x0801f1fb     0x2  Code  Gb  n32wb452_it.o [1]
SystemCoreClock         0x200002e4     0x4  Data  Gb  system_n32wb452.o [1]
SystemInit              0x0801c6c1    0x9c  Code  Gb  system_n32wb452.o [1]
TASK_DESC_APP           0x0801fe10    0x10  Data  Lc  app.o [1]
TASK_DESC_GAPC          0x0801ff50    0x10  Data  Lc  gapc.o [4]
TASK_DESC_GAPM          0x0801ff00    0x10  Data  Lc  gapm.o [4]
TASK_DESC_GATTC         0x0801ff10    0x10  Data  Lc  gattc.o [4]
TASK_DESC_GATTM         0x0801ff60    0x10  Data  Lc  gattm.o [4]
TASK_DESC_L2CC          0x0801ff90    0x10  Data  Lc  l2cc.o [4]
TIM3_IRQHandler         0x08013b87    0x44  Code  Gb  bsp_timer.o [1]
TIM3_IRQ_enable         0x08013b39    0x3e  Code  Gb  bsp_timer.o [1]
TIM3_config             0x08013ad1    0x68  Code  Gb  bsp_timer.o [1]
TIM3_get_time           0x08013bcb     0xa  Code  Gb  bsp_timer.o [1]
TIM3_set_timeout        0x08013b77    0x10  Code  Gb  bsp_timer.o [1]
TIM6_IRQHandler         0x0801bd11    0x4e  Code  Gb  main.o [1]
TIM6_deinit             0x0801bdd9    0x16  Code  Gb  main.o [1]
TIM6_init               0x0801bd5f    0x7a  Code  Gb  main.o [1]
TIM_ClrIntPendingBit    0x08014211     0xa  Code  Gb  n32wb452_tim.o [1]
TIM_ConfigInt           0x080141bf    0x18  Code  Gb  n32wb452_tim.o [1]
TIM_DeInit              0x08013f55    0xd8  Code  Gb  n32wb452_tim.o [1]
TIM_Enable              0x080141a5    0x1a  Code  Gb  n32wb452_tim.o [1]
TIM_GetIntStatus        0x080141ed    0x24  Code  Gb  n32wb452_tim.o [1]
TIM_InitTimeBase        0x0801402d   0x172  Code  Gb  n32wb452_tim.o [1]
USART_Enable            0x0801cafd    0x1c  Code  Gb  n32wb452_usart.o [1]
USART_GetFlagStatus     0x0801cb21    0x1a  Code  Gb  n32wb452_usart.o [1]
USART_Init              0x0801ca55    0x9a  Code  Gb  n32wb452_usart.o [1]
USART_SendData          0x0801cb19     0x8  Code  Gb  n32wb452_usart.o [1]
UsageFault_Handler      0x0801f1f5     0x2  Code  Gb  n32wb452_it.o [1]
W25QXX_BUFFER           0x200002ec  0x1000  Data  Lc  n32wb452_w25qxx.o [1]
W25QXX_Erase_Sector     0x0801b9ff    0x4c  Code  Gb  n32wb452_w25qxx.o [1]
W25QXX_Init             0x0801b6a5    0xbe  Code  Gb  n32wb452_w25qxx.o [1]
W25QXX_Read             0x0801b813    0x5a  Code  Gb  n32wb452_w25qxx.o [1]
W25QXX_ReadID           0x0801b7bb    0x58  Code  Gb  n32wb452_w25qxx.o [1]
W25QXX_ReadSR           0x0801b763    0x36  Code  Gb  n32wb452_w25qxx.o [1]
W25QXX_TYPE             0x200002e8     0x2  Data  Gb  n32wb452_w25qxx.o [1]
W25QXX_Wait_Busy        0x0801ba4b     0xc  Code  Gb  n32wb452_w25qxx.o [1]
W25QXX_Write            0x0801b923    0xdc  Code  Gb  n32wb452_w25qxx.o [1]
W25QXX_Write_Enable     0x0801b799    0x22  Code  Gb  n32wb452_w25qxx.o [1]
W25QXX_Write_NoCheck    0x0801b8cf    0x54  Code  Gb  n32wb452_w25qxx.o [1]
W25QXX_Write_Page       0x0801b86d    0x62  Code  Gb  n32wb452_w25qxx.o [1]
_LitobSmallNoMb         0x08010611    0xce  Code  Lc  xprintfsmall_nomb.o [3]
_PrintfSmallNoMb        0x0801023d   0x382  Code  Gb  xprintfsmall_nomb.o [3]
_Prout                  0x0801fc99    0x16  Code  Gb  xprout.o [3]
_PutcharsSmallNoMb      0x080106df    0x2e  Code  Lc  xprintfsmall_nomb.o [3]
_Rand_idx               0x20000220     0x4  Data  Lc  rand.o [3]
_Rand_rv                0x20000224    0x80  Data  Lc  rand.o [3]
_Randinit               0x20000218     0x1  Data  Gb  rand.o [3]
_Randseed               0x2000021c     0x4  Data  Gb  rand.o [3]
__NVIC_SystemReset      0x0801c30d    0x1c  Code  Lc  n32wb452_ota_iap.o [1]
__aeabi_memclr4         0x080122f5          Code  Gb  ABImemclr4.o [7]
__aeabi_memset          0x0800dd35          Code  Gb  ABImemset.o [7]
__cmain                 0x0801fb79          Code  Gb  cmain.o [7]
__data_GetMemChunk      0x0801571d    0x2c  Code  Gb  xgetmemchunk.o [3]
__data_GetMemChunk::start
                        0x20003108     0x4  Data  Lc  xgetmemchunk.o [3]
__exit                  0x08015749    0x14  Code  Gb  exit.o [8]
__iar_Memchr            0x080120b1          Code  Gb  memchr.o [7]
__iar_Memset            0x0800dd35          Code  Gb  ABImemset.o [7]
__iar_Memset4_word      0x08013345          Code  Gb  ABImemset48.o [7]
__iar_Memset8_word      0x08013345          Code  Gb  ABImemset48.o [7]
__iar_Memset_word       0x0800dd3d          Code  Gb  ABImemset.o [7]
__iar_Stdout            0x200002a4    0x40  Data  Gb  xfiles.o [3]
__iar_Strchr            0x08012061          Code  Gb  strchr.o [7]
__iar_data_init3        0x0801f739    0x28  Code  Gb  data_init.o [7]
__iar_dlfree            0x080151f3   0x51a  Code  Gb  dlmalloc.o [3]
__iar_dlib_perthread_access
                        0x0801751d     0x2  Code  Gb  xtls.o [3]
__iar_dlmalloc          0x08014f3d   0x2aa  Code  Gb  dlmalloc.o [3]
__iar_init_vfp          0x0801f8c9          Code  Gb  fpinit_M.o [5]
__iar_packbits_init3    0x0801ed4d    0xba  Code  Gb  packbits_init.o [7]
__iar_program_start     0x08020031          Code  Gb  cstartup_M.o [7]
__iar_unaligned___aeabi_memcpy
                        0x0800b855          Code  Gb  ABImemcpy_unaligned.o [7]
__iar_unaligned___aeabi_memcpy4
                        0x0800b875          Code  Gb  ABImemcpy_unaligned.o [7]
__iar_unaligned___aeabi_memcpy8
                        0x0800b875          Code  Gb  ABImemcpy_unaligned.o [7]
__iar_unaligned_memcmp  0x0800cabd          Code  Gb  memcmp_unaligned.o [7]
__iar_zero_init3        0x0801f3f1    0x40  Code  Gb  zero_init3.o [7]
__low_level_init        0x0801fb93     0x4  Code  Gb  low_level_init.o [3]
__vector_table          0x08008000          Data  Gb  startup_n32wb452_EWARM.o [1]
_call_main              0x0801fb85          Code  Gb  cmain.o [7]
_exit                   0x0801fb9d          Code  Gb  cexit.o [7]
_gm_                    0x20002b14   0x1d8  Data  Lc  dlmalloc.o [3]
_main                   0x0801fb8f          Code  Gb  cmain.o [7]
abort                   0x08015715     0x6  Code  Gb  abort.o [3]
add_users               0x08013d99    0x3e  Code  Gb  app_user.o [1]
app_default_feature_init
                        0x0801254d     0x8  Code  Gb  app.o [1]
app_env                 0x20002db4    0x9c  Data  Gb  app.o [1]
app_sec_env             0x200030dc     0x4  Data  Gb  app_sec.o [1]
app_sec_msg_dflt_handler
                        0x0801decd     0x4  Code  Lc  app_sec.o [1]
app_sec_msg_handler_list
                        0x0801f698    0x28  Data  Gb  app_sec.o [1]
app_sec_send_security_req
                        0x0801ded1    0x2c  Code  Gb  app_sec.o [1]
app_sec_table_handler   0x0802003c     0x8  Data  Gb  app_sec.o [1]
app_user_add_users      0x08013dd7     0xa  Code  Gb  app_user.o [1]
app_user_data_notify    0x08013e2f    0x58  Code  Gb  app_user.o [1]
app_user_env            0x200030c4     0xc  Data  Gb  app_user.o [1]
app_user_init           0x08013d7d    0x1c  Code  Gb  app_user.o [1]
app_user_msg_handler    0x08013e91     0x4  Code  Lc  app_user.o [1]
app_user_msg_handler_list
                        0x0802004c     0x8  Data  Gb  app_user.o [1]
app_user_table_handler  0x08020054     0x8  Data  Gb  app_user.o [1]
appm_add_svc            0x08012583    0x30  Code  Gb  app.o [1]
appm_add_svc_func_list  0x080202c4     0x4  Data  Lc  app.o [1]
appm_adv_timeout_handler
                        0x0801daaf     0xa  Code  Lc  app_task.o [1]
appm_default_handler    0x08020044     0x8  Data  Gb  app_task.o [1]
appm_default_state      0x0801ef8c    0x90  Data  Gb  app_task.o [1]
appm_disconnect         0x080125b3    0x2a  Code  Gb  app.o [1]
appm_gapc_cmp_evt_handler
                        0x0801dd75     0xa  Code  Lc  app_task.o [1]
appm_gapc_param_updated_req_ind_handler
                        0x0801dd7f    0x34  Code  Lc  app_task.o [1]
appm_gapm_cmp_evt_handler
                        0x0801dad5   0x168  Code  Lc  app_task.o [1]
appm_gapm_gen_rand_nb_ind_handler
                        0x0801de3d    0x30  Code  Lc  app_task.o [1]
appm_get_dev_name       0x080126a9    0x1a  Code  Gb  app.o [1]
appm_get_handler        0x0801da5d    0x52  Code  Lc  app_task.o [1]
appm_init               0x08012555    0x2e  Code  Gb  app.o [1]
appm_msg_handler        0x0801dded    0x50  Code  Lc  app_task.o [1]
appm_start_advertising  0x080125dd    0xa0  Code  Gb  app.o [1]
appm_state              0x20003110     0x1  Data  Gb  app_task.o [1]
appm_stop_advertising   0x0801267d    0x2c  Code  Gb  app.o [1]
attc_exc_mtu_rsp_handler
                        0x0801d9af    0x4a  Code  Lc  attc.o [4]
attc_handlers           0x0802022c     0x8  Data  Gb  attc.o [4]
attc_l2cc_pdu_recv_handler
                        0x0801d9f9    0x5e  Code  Gb  attc.o [4]
attc_send_att_req       0x0801d965    0x4a  Code  Gb  attc.o [4]
attm_att_set_value      0x0800b3f1    0xec  Code  Gb  attm.o [4]
attm_att_update_perm    0x0800b6ad    0x7c  Code  Gb  attm.o [4]
attm_convert_to128      0x0800b20d    0x4c  Code  Gb  attm.o [4]
attm_get_value          0x0800b4dd   0x1d0  Code  Gb  attm.o [4]
attm_init               0x0800b74b    0x1c  Code  Gb  attm.o [4]
attm_is_bt16_uuid       0x0800b1ad    0x30  Code  Gb  attm.o [4]
attm_is_bt32_uuid       0x0800b1dd    0x30  Code  Gb  attm.o [4]
attm_svc_create_db      0x0800b259   0x198  Code  Gb  attm.o [4]
attm_svc_get_permission
                        0x0800b729    0x22  Code  Gb  attm.o [4]
attm_uuid16_comp        0x0800b19f     0xe  Code  Gb  attm.o [4]
attm_uuid_comp          0x0800b121    0x7e  Code  Gb  attm.o [4]
attmdb_add_service      0x0800a23d    0x58  Code  Gb  attm_db.o [4]
attmdb_att_get_permission
                        0x0800a639   0x164  Code  Gb  attm_db.o [4]
attmdb_destroy          0x0800a295    0x22  Code  Gb  attm_db.o [4]
attmdb_get_attribute    0x0800a325    0x44  Code  Gb  attm_db.o [4]
attmdb_get_max_len      0x0800a463    0x82  Code  Gb  attm_db.o [4]
attmdb_get_next_att     0x0800a369    0x9c  Code  Gb  attm_db.o [4]
attmdb_get_service      0x0800a2b7    0x6e  Code  Gb  attm_db.o [4]
attmdb_get_uuid         0x0800a4e5   0x154  Code  Gb  attm_db.o [4]
attmdb_perm2prop        0x0800b119     0x8  Code  Lc  attm.o [4]
attmdb_svc_calc_len     0x08009a69   0x384  Code  Lc  attm_db.o [4]
attmdb_svc_check_hdl    0x0800a1c1    0x7c  Code  Gb  attm_db.o [4]
attmdb_svc_init         0x08009ded   0x398  Code  Lc  attm_db.o [4]
attmdb_svc_insert       0x0800a185    0x3c  Code  Lc  attm_db.o [4]
attmdb_uuid16_comp      0x0800a409    0x5a  Code  Gb  attm_db.o [4]
atts_check_length_and_offset
                        0x080081b9    0x3e  Code  Lc  atts.o [4]
atts_clear_prep_data    0x08008771    0x30  Code  Gb  atts.o [4]
atts_clear_read_cache   0x080087d1    0x38  Code  Gb  atts.o [4]
atts_clear_rsp_data     0x080087a1    0x30  Code  Gb  atts.o [4]
atts_execute_write_req  0x080096d9   0x20c  Code  Lc  atts.o [4]
atts_find_by_type_req   0x08008a49   0x1e6  Code  Lc  atts.o [4]
atts_find_end           0x080082d9    0xa0  Code  Lc  atts.o [4]
atts_find_info_req      0x0800888d   0x1bc  Code  Lc  atts.o [4]
atts_find_value_by_uuid
                        0x08008447    0xd2  Code  Lc  atts.o [4]
atts_get_att_chk_perm   0x080081f7    0xe2  Code  Lc  atts.o [4]
atts_get_dest_task      0x08008199    0x20  Code  Lc  atts.o [4]
atts_get_value          0x08008379    0xce  Code  Lc  atts.o [4]
atts_handlers           0x0801f1fc    0x68  Data  Gb  atts.o [4]
atts_hdl_present_in_prep_data
                        0x0800856f    0x38  Code  Lc  atts.o [4]
atts_hdl_value_cfm      0x080098e5    0x3c  Code  Lc  atts.o [4]
atts_l2cc_pdu_recv_handler
                        0x080099ad    0x8a  Code  Gb  atts.o [4]
atts_mtu_exc_req        0x08008841    0x4c  Code  Lc  atts.o [4]
atts_prepare_write_req  0x080095a7   0x128  Code  Lc  atts.o [4]
atts_process_pdu        0x08009921    0x8c  Code  Gb  atts.o [4]
atts_read_blob_req      0x08009191   0x10a  Code  Lc  atts.o [4]
atts_read_by_grp_type_req
                        0x08008e61   0x244  Code  Lc  atts.o [4]
atts_read_by_type_req   0x08008c2f   0x22a  Code  Lc  atts.o [4]
atts_read_mult_req      0x080092a1   0x1b2  Code  Lc  atts.o [4]
atts_read_req           0x080090ad    0xe4  Code  Lc  atts.o [4]
atts_rights             0x0801f85c    0x24  Data  Lc  atts.o [4]
atts_send_error         0x08008685    0x2e  Code  Gb  atts.o [4]
atts_send_event         0x080086b3    0xbe  Code  Gb  atts.o [4]
atts_send_pdu           0x0800867d     0x8  Code  Lc  atts.o [4]
atts_store_prep_data    0x080085a7    0xd6  Code  Lc  atts.o [4]
atts_update_elmt        0x08008519    0x56  Code  Lc  atts.o [4]
atts_write_cmd          0x08009455    0x50  Code  Lc  atts.o [4]
atts_write_req          0x080094a9    0x68  Code  Lc  atts.o [4]
atts_write_rsp_send     0x08008809    0x38  Code  Gb  atts.o [4]
atts_write_signed       0x08009511    0x96  Code  Lc  atts.o [4]
ble_addr                0x0801fd20    0x14  Data  Gb  main.o [1]
ble_clear_wakeup        0x08013a8d    0x2e  Code  Gb  ble_monitor.o [6]
ble_comm_frame_data_to_bigmode
                        0x0801a875    0x1e  Code  Gb  n32wb452_ble_protocol.o [1]
ble_comm_get_upgrade_file_done_ack_resq
                        0x0801a751     0x2  Code  Gb  n32wb452_ble_protocol.o [1]
ble_comm_get_upgrade_file_done_req
                        0x0801a6fb    0x56  Code  Gb  n32wb452_ble_protocol.o [1]
ble_comm_upgrade_file_req
                        0x0801a6c9    0x16  Code  Gb  n32wb452_ble_protocol.o [1]
ble_comm_upgrade_file_resp
                        0x0801a6df    0x1c  Code  Gb  n32wb452_ble_protocol.o [1]
ble_communication_parse
                        0x0801a893   0x1be  Code  Gb  n32wb452_ble_protocol.o [1]
ble_decrypt_data        0x0801ac2d    0x14  Code  Gb  ble_encrypt_interface.o [1]
ble_encrypt_authenticate_to_get_session_key
                        0x0801ab69    0xae  Code  Gb  ble_encrypt_interface.o [1]
ble_encrypt_data        0x0801ac17    0x16  Code  Gb  ble_encrypt_interface.o [1]
ble_get_battery_info    0x0801a539    0x18  Code  Gb  n32wb452_ble_protocol.o [1]
ble_get_version         0x0801a551    0xc2  Code  Gb  n32wb452_ble_protocol.o [1]
ble_hardware_init       0x08011329    0x1c  Code  Gb  Interface.o [1]
ble_hardware_reinit     0x08011345    0x16  Code  Gb  Interface.o [1]
ble_host_authenticate   0x0801a455    0xe4  Code  Gb  n32wb452_ble_protocol.o [1]
ble_host_init           0x08011405    0x14  Code  Gb  Interface.o [1]
ble_initdata_down       0x0801135b    0x4c  Code  Gb  Interface.o [1]
ble_interface_init      0x08011319    0x10  Code  Gb  Interface.o [1]
ble_name                0x0801ffd0     0xc  Data  Gb  main.o [1]
ble_new_fw_ready_notice
                        0x0801a613    0xa8  Code  Gb  n32wb452_ble_protocol.o [1]
ble_nodified_host_process
                        0x0801aabb    0x52  Code  Gb  n32wb452_ble_protocol.o [1]
ble_ota_download_upgrade_file
                        0x0801b009    0xae  Code  Gb  n32wb452_ble_ota_api.o [1]
ble_ota_download_upgrade_file_block
                        0x0801aff7    0x12  Code  Gb  n32wb452_ble_ota_api.o [1]
ble_ota_download_upgrade_file_done
                        0x0801b0b7    0x12  Code  Gb  n32wb452_ble_ota_api.o [1]
ble_ota_enter_upgrade   0x0801b0c9    0x34  Code  Gb  n32wb452_ble_ota_api.o [1]
ble_ota_get_current_upfrade_file_info
                        0x0801af7b    0x7c  Code  Gb  n32wb452_ble_ota_api.o [1]
ble_ota_get_err_code    0x0801adc5     0xa  Code  Gb  n32wb452_ble_ota_api.o [1]
ble_ota_init            0x0801ac45    0xb8  Code  Gb  n32wb452_ble_ota_api.o [1]
ble_ota_param           0x20002f88    0x24  Data  Gb  n32wb452_ble_ota_api.o [1]
ble_ota_process         0x0801b0fd    0x32  Code  Gb  n32wb452_ble_ota_api.o [1]
ble_ota_system_info_check
                        0x0801acfd    0x5a  Code  Gb  n32wb452_ble_ota_api.o [1]
ble_ota_upgrade_fw_process
                        0x0801adcf    0xd8  Code  Gb  n32wb452_ble_ota_api.o [1]
ble_ota_upgrade_info    0x0801af5f    0x1c  Code  Gb  n32wb452_ble_ota_api.o [1]
ble_ota_upgrade_info_check
                        0x0801ad57    0x6e  Code  Gb  n32wb452_ble_ota_api.o [1]
ble_ota_upgrade_info_update
                        0x0801aeb1    0xae  Code  Gb  n32wb452_ble_ota_api.o [1]
ble_packet_parse        0x0801aa51    0x6a  Code  Gb  n32wb452_ble_protocol.o [1]
ble_packet_reply_frame  0x0801a753   0x122  Code  Gb  n32wb452_ble_protocol.o [1]
ble_rx_data             0x200020f8   0x404  Data  Gb  main.o [1]
ble_send_packet         0x0801a351   0x104  Code  Gb  n32wb452_ble_protocol.o [1]
ble_send_packet::tx_cnt
                        0x20003116     0x1  Data  Lc  n32wb452_ble_protocol.o [1]
ble_send_packet::tx_curr_pos
                        0x20003117     0x1  Data  Lc  n32wb452_ble_protocol.o [1]
ble_send_packet::tx_frame_num
                        0x20003115     0x1  Data  Lc  n32wb452_ble_protocol.o [1]
ble_tx_buff             0x20002914   0x200  Data  Gb  main.o [1]
ble_tx_len              0x2000310c     0x2  Data  Gb  main.o [1]
bt_connect_flag         0x2000310e     0x2  Data  Gb  main.o [1]
bt_disconnect           0x0801250d     0x8  Code  Gb  n32wb452_ble_api.o [1]
bt_event_callback_func  0x0801bdef    0xcc  Code  Gb  main.o [1]
bt_features_init        0x08010ae9   0x64a  Code  Gb  Interface.o [1]
bt_handler              0x08012499     0x8  Code  Gb  n32wb452_ble_api.o [1]
bt_init                 0x20002e50    0x60  Data  Gb  main.o [1]
bt_rcv_data             0x080124ef     0xa  Code  Gb  n32wb452_ble_api.o [1]
bt_run_thread           0x080124e7     0x8  Code  Gb  n32wb452_ble_api.o [1]
bt_rx_pkt_buf           0x20003064    0x14  Data  Gb  main.o [1]
bt_snd_data             0x080124f9    0x14  Code  Gb  n32wb452_ble_api.o [1]
bt_ware_init            0x080124a1    0x46  Code  Gb  n32wb452_ble_api.o [1]
[...]
ke_msg2param            0x0800cb2b     0x4  Code  Gb  l2cc_pdu.o [4]
ke_msg_alloc            0x0800b7a1    0x42  Code  Gb  ke_msg.o [4]
ke_msg_discard          0x0800cd17     0x4  Code  Gb  ke_task.o [4]
ke_msg_forward          0x0800b811    0x1a  Code  Gb  ke_msg.o [4]
ke_msg_free             0x0800b82b     0x8  Code  Gb  ke_msg.o [4]
ke_msg_in_queue         0x0800b83d    0x18  Code  Gb  ke_msg.o [4]
ke_msg_send             0x0800b7e3    0x16  Code  Gb  ke_msg.o [4]
ke_msg_send_basic       0x0800b7fd    0x14  Code  Gb  ke_msg.o [4]
ke_msg_src_id_get       0x0800b833     0xa  Code  Gb  ke_msg.o [4]
ke_param2msg            0x0800c66f     0x4  Code  Gb  l2cc_pdu.o [4]
ke_queue_extract        0x0800eba5    0x4c  Code  Gb  ke_queue.o [4]
ke_queue_insert         0x0800ebf1    0x3e  Code  Gb  ke_queue.o [4]
ke_queue_pop            0x0800eb9d     0x8  Code  Gb  ke.o [4]
ke_queue_push           0x0800dd9b     0x8  Code  Gb  ke_task.o [4]
ke_state_get            0x0800cced    0x2a  Code  Gb  ke_task.o [4]
ke_state_set            0x0800ccaf    0x3e  Code  Gb  ke_task.o [4]
ke_task_create          0x0800cc85    0x2a  Code  Gb  ke_task.o [4]
ke_task_env             0x20002f5c    0x2c  Data  Lc  ke_task.o [4]
ke_task_handler_get     0x0800cba1    0x58  Code  Lc  ke_task.o [4]
ke_task_init            0x0800cc6d    0x18  Code  Gb  ke_task.o [4]
ke_task_msg_flush       0x0800cd1b    0x50  Code  Gb  ke_task.o [4]
ke_task_saved_update    0x0800cb41    0x26  Code  Lc  ke_task.o [4]
ke_task_schedule        0x0800cbf9    0x74  Code  Lc  ke_task.o [4]
ke_time                 0x0800c1f5     0xe  Code  Lc  ke_timer.o [4]
ke_time_cmp             0x0800c203    0x16  Code  Lc  ke_timer.o [4]
ke_time_past            0x0800c219    0x10  Code  Lc  ke_timer.o [4]
ke_timer_active         0x0800c3d5    0x32  Code  Gb  ke_timer.o [4]
ke_timer_clear          0x0800c36f    0x66  Code  Gb  ke_timer.o [4]
ke_timer_hw_set         0x0800c229    0x22  Code  Lc  ke_timer.o [4]
ke_timer_init           0x0800c2b3     0xc  Code  Gb  ke_timer.o [4]
ke_timer_schedule       0x0800c281    0x32  Code  Lc  ke_timer.o [4]
ke_timer_set            0x0800c2bf    0xb0  Code  Gb  ke_timer.o [4]
l2c_code_conn_param_upd_req_handler
                        0x08016973     0x4  Code  Lc  gapc_sig.o [4]
l2c_code_conn_param_upd_req_handler
                        0x0800eacf    0x4c  Code  Lc  l2cc_sig.o [4]
l2c_code_conn_param_upd_resp_handler
                        0x08016977    0x54  Code  Lc  gapc_sig.o [4]
l2c_code_conn_param_upd_resp_handler
                        0x0800eb1b    0x26  Code  Lc  l2cc_sig.o [4]
l2c_code_reject_handler
                        0x08016915    0x5e  Code  Lc  gapc_sig.o [4]
l2c_code_reject_handler
                        0x0800ea8d    0x42  Code  Lc  l2cc_sig.o [4]
l2cc_attribute_pkt_format
                        0x0801f09c    0x7c  Data  Lc  l2cc_pdu.o [4]
l2cc_cleanup            0x0800dfc1    0xdc  Code  Gb  l2cc.o [4]
l2cc_cmp_evt_handler    0x080162a5    0x32  Code  Lc  gapc_task.o [4]
l2cc_cmp_evt_handler    0x0801d817    0x54  Code  Lc  gattc_task.o [4]
l2cc_create             0x0800df77    0x4a  Code  Gb  l2cc.o [4]
l2cc_data_send          0x0800e195   0x16a  Code  Gb  l2cc.o [4]
l2cc_dbg_pdu_send_cmd_handler
                        0x0800babd    0x7c  Code  Lc  l2cc_task.o [4]
l2cc_default_handler    0x08020154     0x8  Data  Gb  l2cc_task.o [4]
l2cc_default_msg_handler
                        0x0800bcff     0x4  Code  Lc  l2cc_task.o [4]
l2cc_default_state      0x0801f5cc    0x38  Data  Gb  l2cc_task.o [4]
l2cc_env                0x20003104     0x4  Data  Gb  l2cc.o [4]
l2cc_init               0x0800df35    0x42  Code  Gb  l2cc.o [4]
l2cc_lecb_sdu_send_cmd_handler
                        0x0800ba49    0x74  Code  Lc  l2cc_task.o [4]
l2cc_pdu_alloc          0x0800bd03    0x30  Code  Gb  l2cc_task.o [4]
l2cc_pdu_header_check   0x0800e8a1   0x168  Code  Gb  l2cc_pdu.o [4]
l2cc_pdu_pack           0x0800e319   0x2ce  Code  Gb  l2cc_pdu.o [4]
l2cc_pdu_recv_ind_handler
                        0x08015e4b    0x82  Code  Lc  gapc_task.o [4]
l2cc_pdu_recv_ind_handler
                        0x0800bc19    0xe6  Code  Lc  l2cc_task.o [4]
l2cc_pdu_recv_ind_handler
                        0x0801d79d    0x7a  Code  Lc  gattc_task.o [4]
l2cc_pdu_send           0x0800bd33     0xa  Code  Gb  l2cc_task.o [4]
l2cc_pdu_send_cmd_handler
                        0x0800b9cd    0x7c  Code  Lc  l2cc_task.o [4]
l2cc_pdu_unpack         0x0800e5e7   0x2ba  Code  Gb  l2cc_pdu.o [4]
l2cc_security_pkt_format
                        0x0801f46c    0x3c  Data  Lc  l2cc_pdu.o [4]
l2cc_send_complete_evt  0x0800e0e5    0x80  Code  Gb  l2cc.o [4]
l2cc_send_error_evt     0x0800e165    0x30  Code  Gb  l2cc.o [4]
l2cc_sig_handlers       0x0801fc80    0x18  Data  Gb  l2cc_sig.o [4]
l2cc_sig_pdu_recv_handler
                        0x0800eb41    0x50  Code  Gb  l2cc_sig.o [4]
l2cc_sig_send_cmd_reject
                        0x0800ea19    0x74  Code  Gb  l2cc_sig.o [4]
l2cc_signaling_pkt_format
                        0x0801f264    0x5c  Data  Lc  l2cc_pdu.o [4]
l2cc_state              0x2000311a     0x1  Data  Gb  l2cc_task.o [4]
l2cc_update_state       0x0800e09d    0x48  Code  Gb  l2cc.o [4]
l2cm_buffer_acquire     0x0801022d    0x10  Code  Gb  l2cc.o [4]
l2cm_buffer_release     0x0800e309    0x10  Code  Gb  l2cc_task.o [4]
l2cm_cleanup            0x0800dec7     0xc  Code  Gb  l2cm.o [4]
l2cm_create             0x0800debd     0xa  Code  Gb  l2cm.o [4]
l2cm_env                0x200030d0     0xc  Data  Gb  l2cm.o [4]
l2cm_get_buffer_size    0x08010221     0xc  Code  Gb  l2cc_pdu.o [4]
l2cm_get_nb_buffer_available
                        0x0800dee5     0x6  Code  Gb  l2cm.o [4]
l2cm_init               0x0800de8f    0x2e  Code  Gb  l2cm.o [4]
l2cm_l2cap_tx_handler   0x0800de3d    0x52  Code  Lc  l2cm.o [4]
l2cm_set_link_layer_buff_size
                        0x0800ded3    0x12  Code  Gb  l2cm.o [4]
l2cm_tx_status          0x0800deeb    0x42  Code  Gb  l2cm.o [4]
led4_blink              0x0801bf2d    0x2a  Code  Gb  main.o [1]
led_gpio_init           0x0801bee1    0x4c  Code  Gb  main.o [1]
log_init                0x0801c871    0x6a  Code  Gb  log.o [1]
main                    0x0801c00d   0x184  Code  Gb  main.o [1]
mainboard_exit_stop2    0x0801bf57    0x3c  Code  Gb  main.o [1]
memchr                  0x080120b1          Code  Gb  memchr.o [7]
mparams                 0x2000304c    0x18  Data  Lc  dlmalloc.o [3]
nvds_browse_tag         0x08010779    0x38  Code  Lc  nvds.o [4]
nvds_env                0x20003004    0x18  Data  Lc  nvds.o [4]
nvds_erase              0x080107c5     0xa  Code  Lc  nvds.o [4]
nvds_get                0x0801089d    0x48  Code  Gb  nvds.o [4]
nvds_init               0x08010863    0x3a  Code  Gb  nvds.o [4]
nvds_init_memory        0x080107cf    0x1c  Code  Lc  nvds.o [4]
nvds_is_magic_number_ok
                        0x08010715    0x28  Code  Lc  nvds.o [4]
nvds_magic_number       0x080202cc     0x4  Data  Lc  nvds.o [4]
nvds_purge              0x080107eb    0x78  Code  Lc  nvds.o [4]
nvds_put                0x080108e5   0x112  Code  Gb  nvds.o [4]
nvds_read               0x080107b1     0xa  Code  Lc  nvds.o [4]
nvds_walk_tag           0x0801073d    0x3c  Code  Lc  nvds.o [4]
nvds_write              0x080107bb     0xa  Code  Lc  nvds.o [4]
nz8801_io_init          0x08012109    0xe2  Code  Gb  Eif_iom.o [6]
obuf                    0x20002eb0    0x50  Data  Lc  xfiles.o [3]
ota_app_system_info_get
                        0x0801ba75    0x10  Code  Gb  n32wb452_ota_upgrade.o [1]
ota_app_system_info_update
                        0x0801ba85    0x10  Code  Gb  n32wb452_ota_upgrade.o [1]
ota_check_upgrade_tag   0x0801bc43    0x3a  Code  Gb  n32wb452_ota_upgrade.o [1]
ota_copy_new_image_to_backup_image
                        0x0801bac3    0x7a  Code  Gb  n32wb452_ota_upgrade.o [1]
ota_erase_image_file    0x0801bb3d    0x2e  Code  Gb  n32wb452_ota_upgrade.o [1]
ota_image_file_check_crc
                        0x0801bb89    0x90  Code  Gb  n32wb452_ota_upgrade.o [1]
ota_read_backup_image_info
                        0x0801baa5    0x10  Code  Gb  n32wb452_ota_upgrade.o [1]
ota_upgrade_tag_update  0x0801bc19    0x2a  Code  Gb  n32wb452_ota_upgrade.o [1]
ota_write_backup_image_info
                        0x0801ba95    0x10  Code  Gb  n32wb452_ota_upgrade.o [1]
ota_write_new_image_file
                        0x0801bb6b    0x1e  Code  Gb  n32wb452_ota_upgrade.o [1]
ota_write_new_image_info
                        0x0801bab5     0xe  Code  Gb  n32wb452_ota_upgrade.o [1]
overtime_count          0x200030e0     0x4  Data  Gb  bsp_timer.o [1]
platform_reset          0x0800ec55     0x2  Code  Gb  rwip.o [4]
prepend_alloc           0x080142a3   0x372  Code  Lc  dlmalloc.o [3]
prf_add_profile         0x0800ee35    0xb8  Code  Gb  prf.o [1]
prf_cleanup             0x0800ef2b    0x44  Code  Gb  prf.o [1]
prf_create              0x0800eeed    0x3e  Code  Gb  prf.o [1]
prf_env                 0x20002fec    0x18  Data  Gb  prf.o [1]
prf_env_get             0x0800ef6f    0x3a  Code  Gb  prf.o [1]
prf_get_task_from_id    0x0800efc7    0x4a  Code  Gb  prf.o [1]
prf_init                0x0800ecf1   0x144  Code  Gb  prf.o [1]
prf_itf_get             0x0800ecd9    0x18  Code  Lc  prf.o [1]
prf_src_task_get        0x0800efa9    0x1e  Code  Gb  prf.o [1]
printf                  0x0800ec31    0x24  Code  Gb  printf.o [3]
product_sn              0x0801fd34    0x14  Data  Gb  main.o [1]
putchar                 0x0801fcb1     0xc  Code  Gb  putchar.o [3]
rand                    0x08017439    0xe0  Code  Gb  rand.o [3]
rwble_hl_init           0x08011781    0x1c  Code  Gb  rwble_hl.o [4]
rwble_hl_reset          0x0801179d    0x1c  Code  Gb  rwble_hl.o [4]
rwip_eif_get            0x08010a69    0x18  Code  Gb  Interface.o [1]
rwip_heap_db            0x200024fc   0x20c  Data  Gb  rwip.o [4]
rwip_heap_env           0x20002cec    0xc8  Data  Gb  rwip.o [4]
rwip_heap_msg           0x20002708   0x20c  Data  Gb  rwip.o [4]
rwip_heap_non_ret       0x200012ec   0xe0c  Data  Gb  rwip.o [4]
rwip_init               0x0800ec57    0x56  Code  Gb  rwip.o [4]
rwip_schedule           0x0800ecc1     0x8  Code  Gb  rwip.o [4]
s_AdcHclkPresTable      0x0801fec0    0x10  Data  Lc  n32wb452_rcc.o [1]
s_AdcPllClkPresTable    0x0801fa18    0x20  Data  Lc  n32wb452_rcc.o [1]
s_ApbAhbPresTable       0x0801feb0    0x10  Data  Lc  n32wb452_rcc.o [1]
s_cBlePrivilege         0x200002ea     0x1  Data  Lc  n32wb452_ble_protocol.o [1]
segment_holding         0x08014221    0x1c  Code  Lc  dlmalloc.o [3]
send_vendor_array       0x08011133   0x186  Code  Gb  Interface.o [1]
send_vendor_bypass_command
                        0x080112b9    0x42  Code  Gb  Interface.o [1]
set_vector_table        0x0801c329    0x10  Code  Gb  n32wb452_ota_iap.o [1]
sm4CalciRK              0x0801c3ef    0x76  Code  Lc  sm4.o [1]
sm4F                    0x0801c3d9    0x16  Code  Lc  sm4.o [1]
sm4Lt                   0x0801c35b    0x7e  Code  Lc  sm4.o [1]
sm4Sbox                 0x0801c351     0xa  Code  Lc  sm4.o [1]
sm4_crypt_ecb           0x0801c69d    0x22  Code  Gb  sm4.o [1]
sm4_one_round           0x0801c549   0x10a  Code  Lc  sm4.o [1]
sm4_setkey              0x0801c465    0xd8  Code  Lc  sm4.o [1]
sm4_setkey_dec          0x0801c661    0x3c  Code  Gb  sm4.o [1]
sm4_setkey_enc          0x0801c653     0xe  Code  Gb  sm4.o [1]
smpc_calc_confirm_cont  0x08017273   0x146  Code  Gb  smpc_api.o [4]
smpc_calc_subkeys       0x0800d4f9    0x96  Code  Gb  smpc.o [4]
smpc_check_key_distrib  0x0800d0e5    0x90  Code  Gb  smpc.o [4]
smpc_check_max_key_size
                        0x0800d0b1    0x34  Code  Gb  smpc.o [4]
smpc_check_param        0x0800fd09    0xb6  Code  Gb  smpc_util.o [4]
smpc_check_repeated_attempts
                        0x0800d013    0x9e  Code  Gb  smpc.o [4]
smpc_clear_timeout_timer
                        0x0800d8d7    0x44  Code  Gb  smpc.o [4]
smpc_confirm_gen_rand   0x080173b9    0x7a  Code  Gb  smpc_api.o [4]
smpc_construct_enc_info_pdu
                        0x0800fdfd     0xe  Code  Lc  smpc_util.o [4]
smpc_construct_id_addr_info_pdu
                        0x0800fe35    0x1a  Code  Lc  smpc_util.o [4]
smpc_construct_id_info_pdu
                        0x0800fe27     0xe  Code  Lc  smpc_util.o [4]
smpc_construct_mst_id_pdu
                        0x0800fe0b    0x1c  Code  Lc  smpc_util.o [4]
smpc_construct_pair_cfm_pdu
                        0x0800fddb     0xe  Code  Lc  smpc_util.o [4]
smpc_construct_pair_fail_pdu
                        0x0800fdf7     0x6  Code  Lc  smpc_util.o [4]
smpc_construct_pair_rand_pdu
                        0x0800fde9     0xe  Code  Lc  smpc_util.o [4]
smpc_construct_pair_req_pdu
                        0x0800fdbf     0xe  Code  Lc  smpc_util.o [4]
smpc_construct_pair_rsp_pdu
                        0x0800fdcd     0xe  Code  Lc  smpc_util.o [4]
smpc_construct_pdu      0x0801f4a8    0x3c  Data  Gb  smpc_util.o [4]
smpc_construct_sec_req_pdu
                        0x0800fe5d     0x6  Code  Lc  smpc_util.o [4]
smpc_construct_sign_info_pdu
                        0x0800fe4f     0xe  Code  Lc  smpc_util.o [4]
smpc_encrypt_cfm        0x08016e65    0x44  Code  Gb  smpc_api.o [4]
smpc_encrypt_start_handler
                        0x08016e2f    0x36  Code  Gb  smpc_api.o [4]
smpc_generate_cfm       0x0800d3e1    0xaa  Code  Gb  smpc.o [4]
smpc_generate_ci        0x0800d201    0x9c  Code  Gb  smpc.o [4]
smpc_generate_e1        0x0800d2cd   0x114  Code  Gb  smpc.o [4]
smpc_generate_l         0x0800d195    0x6c  Code  Gb  smpc.o [4]
smpc_generate_rand      0x0800d29d    0x30  Code  Gb  smpc.o [4]
smpc_generate_stk       0x0800d48b    0x6e  Code  Gb  smpc.o [4]
smpc_get_key_sec_prop   0x0800d97b   0x116  Code  Gb  smpc.o [4]
smpc_handle_enc_change_evt
                        0x0800dae1   0x116  Code  Gb  smpc.o [4]
smpc_is_sec_mode_reached
                        0x0800da91    0x48  Code  Gb  smpc.o [4]
smpc_launch_rep_att_timer
                        0x0800d91b    0x60  Code  Gb  smpc.o [4]
smpc_pair_method        0x0801fb5c    0x1c  Data  Lc  smpc.o [4]
smpc_pairing_csrk_exch  0x08016bb7    0x6c  Code  Gb  smpc_api.o [4]
smpc_pairing_end        0x0800d849    0x8e  Code  Gb  smpc.o [4]
smpc_pairing_irk_exch   0x08016b63    0x54  Code  Gb  smpc_api.o [4]
smpc_pairing_ltk_exch   0x08016adf    0x84  Code  Gb  smpc_api.o [4]
smpc_pairing_req_handler
                        0x08016d71    0x56  Code  Gb  smpc_api.o [4]
smpc_pairing_rsp        0x08016c23   0x14e  Code  Gb  smpc_api.o [4]
smpc_pairing_tk_exch    0x08016a0d    0xd2  Code  Gb  smpc_api.o [4]
smpc_pdu_recv           0x0800dcb3    0x6c  Code  Gb  smpc.o [4]
smpc_pdu_send           0x0800dbf7    0xbc  Code  Gb  smpc.o [4]
smpc_recv_enc_info_pdu  0x0801006f    0x3e  Code  Lc  smpc_util.o [4]
smpc_recv_id_addr_info_pdu
                        0x08010161    0x62  Code  Lc  smpc_util.o [4]
smpc_recv_id_info_pdu   0x08010123    0x3e  Code  Lc  smpc_util.o [4]
smpc_recv_mst_id_pdu    0x080100ad    0x76  Code  Lc  smpc_util.o [4]
smpc_recv_pair_cfm_pdu  0x0800ff47    0x80  Code  Lc  smpc_util.o [4]
smpc_recv_pair_fail_pdu
                        0x08010027    0x48  Code  Lc  smpc_util.o [4]
smpc_recv_pair_rand_pdu
                        0x0800ffc7    0x60  Code  Lc  smpc_util.o [4]
smpc_recv_pair_req_pdu  0x0800fe63    0xda  Code  Lc  smpc_util.o [4]
smpc_recv_pair_rsp_pdu  0x0800ff3d     0xa  Code  Lc  smpc_util.o [4]
smpc_recv_pdu           0x0801f4e4    0x3c  Data  Gb  smpc_util.o [4]
smpc_recv_sec_req_pdu   0x080101fd     0xa  Code  Lc  smpc_util.o [4]
smpc_recv_sign_info_pdu
                        0x080101c3    0x36  Code  Lc  smpc_util.o [4]
smpc_security_req_send  0x08016dc7    0x68  Code  Gb  smpc_api.o [4]
smpc_send_ltk_req_rsp   0x0800cdc5    0x90  Code  Gb  smpc.o [4]
smpc_send_pairing_ind   0x0800cf4b    0xc8  Code  Gb  smpc.o [4]
smpc_send_pairing_req_ind
                        0x0800ce55    0xf6  Code  Gb  smpc.o [4]
smpc_send_use_enc_block_cmd
                        0x0800cd81    0x44  Code  Gb  smpc.o [4]
smpc_sign_command       0x08016ea9   0x132  Code  Gb  smpc_api.o [4]
smpc_sign_cont          0x08016fdb   0x298  Code  Gb  smpc_api.o [4]
smpc_tkdp_rcp_continue  0x0800d747   0x102  Code  Gb  smpc.o [4]
smpc_tkdp_rcp_start     0x0800d703    0x44  Code  Gb  smpc.o [4]
smpc_tkdp_send_continue
                        0x0800d5d3   0x130  Code  Gb  smpc.o [4]
smpc_tkdp_send_start    0x0800d58f    0x44  Code  Gb  smpc.o [4]
smpc_xor                0x0800d175    0x20  Code  Gb  smpc.o [4]
smpm_check_addr_type    0x08018d15    0x18  Code  Lc  smpm_api.o [4]
smpm_gen_rand_addr      0x08018d2d    0x1c  Code  Gb  smpm_api.o [4]
smpm_gen_rand_nb        0x08018d79     0x8  Code  Gb  smpm_api.o [4]
smpm_resolv_addr        0x08018d49    0x28  Code  Gb  smpm_api.o [4]
smpm_send_encrypt_req   0x08018d81    0x38  Code  Gb  smpm_api.o [4]
smpm_send_gen_rand_nb_req
                        0x08018cfd    0x18  Code  Lc  smpm_api.o [4]
smpm_use_enc_block      0x08018d71     0x8  Code  Gb  smpm_api.o [4]
spi_eif_api             0x0801fe20    0x10  Data  Gb  Interface.o [1]
spi_env                 0x2000301c    0x18  Data  Lc  Eif_spi.o [6]
spi_flash_string        0x0801f6c0    0x28  Data  Gb  n32wb452_w25qxx.o [1]
sta_irq                 0x200002eb     0x1  Data  Gb  ble_monitor.o [6]
sta_times               0x2000311d     0x1  Data  Gb  ble_monitor.o [6]
stop2_flag              0x2000311c     0x1  Data  Gb  ble_monitor.o [6]
strchr                  0x08012061          Code  Gb  strchr.o [7]
strlen                  0x08012079          Code  Gb  strlen.o [7]
sys_alloc               0x08014615   0x388  Code  Lc  dlmalloc.o [3]
system_10s_cnt          0x200030e8     0x4  Data  Gb  main.o [1]
system_10s_flag         0x20003112     0x1  Data  Gb  main.o [1]
tmalloc_large           0x080149a9   0x380  Code  Lc  dlmalloc.o [3]
tmalloc_small           0x08014d29   0x206  Code  Lc  dlmalloc.o [3]
user_att_db             0x0801f55c    0x38  Data  Gb  user.o [1]
user_att_hdl_get        0x080118b5     0xa  Code  Gb  user.o [1]
user_att_idx_get        0x080118bf    0x1a  Code  Gb  user.o [1]
user_cleanup            0x08011899     0xc  Code  Lc  user.o [1]
user_create             0x0801188d     0xc  Code  Lc  user.o [1]
user_data_notify_req_handler
                        0x0801e2a9    0xa0  Code  Lc  user_task.o [1]
user_default_handler    0x080200cc     0x8  Data  Gb  user_task.o [1]
user_default_state      0x0801f638    0x30  Data  Gb  user_task.o [1]
user_destroy            0x0801186f    0x1e  Code  Lc  user.o [1]
user_enable_req_handler
                        0x0801e261    0x48  Code  Lc  user_task.o [1]
user_exe_operation      0x080118d9    0xfc  Code  Gb  user.o [1]
user_gattc_att_info_req_ind_handler
                        0x0801e349    0x32  Code  Lc  user_task.o [1]
user_gattc_cmp_evt_handler
                        0x0801e521     0xa  Code  Lc  user_task.o [1]
user_gattc_read_req_ind_handler
                        0x0801e44f    0xc4  Code  Lc  user_task.o [1]
user_gattc_write_req_ind_handler
                        0x0801e37b    0xd4  Code  Lc  user_task.o [1]
user_init               0x080117b9    0xb6  Code  Lc  user.o [1]
user_itf                0x0801fef0    0x10  Data  Gb  user.o [1]
user_prf_itf_get        0x080118a5     0x4  Code  Gb  user.o [1]
user_update_ntf_ind_cfg
                        0x080119d5    0x2e  Code  Gb  user.o [1]
wait_for_status_enable  0x08010a81    0x28  Code  Gb  Interface.o [1]


[1] = D:\linfuliang_work\pro\NS3601\SVN_tmp\SDK_Make\N32WB452\projects\n32wb452_EVAL\examples\BLE\slave_ota_app\EWARM\ota_app_16bit\Obj
[2] = command line
[3] = dl7M_tlf.a
[4] = host_16bit.a
[5] = m7M_tls.a
[6] = n32wb452_ble_16bit.a
[7] = rt7M_tl.a
[8] = shb_l.a

  86 424 bytes of readonly  code memory
  13 086 bytes of readonly  data memory
  18 464 bytes of readwrite data memory

Errors: none
Warnings: none
