###############################################################################
#
# IAR ELF Linker V7.70.2.11706/W32 for ARM                22/Sep/2021  18:10:06
# Copyright 2007-2016 IAR Systems AB.
#
#    Output file  =  
#        D:\linfuliang_work\pro\NS3601\SVN_tmp\SDK_Make\N32WB452\projects\n32wb452_EVAL\examples\BLE\slave\EWARM\Slave_16bit\Exe\template_project.out
#    Map file     =  
#        D:\linfuliang_work\pro\NS3601\SVN_tmp\SDK_Make\N32WB452\projects\n32wb452_EVAL\examples\BLE\slave\EWARM\Slave_16bit\List\template_project.map
#    Command line =  
#        D:\linfuliang_work\pro\NS3601\SVN_tmp\SDK_Make\N32WB452\projects\n32wb452_EVAL\examples\BLE\slave\EWARM\Slave_16bit\Obj\app.o
#        D:\linfuliang_work\pro\NS3601\SVN_tmp\SDK_Make\N32WB452\projects\n32wb452_EVAL\examples\BLE\slave\EWARM\Slave_16bit\Obj\app_batt.o
#        D:\linfuliang_work\pro\NS3601\SVN_tmp\SDK_Make\N32WB452\projects\n32wb452_EVAL\examples\BLE\slave\EWARM\Slave_16bit\Obj\app_sec.o
#        D:\linfuliang_work\pro\NS3601\SVN_tmp\SDK_Make\N32WB452\projects\n32wb452_EVAL\examples\BLE\slave\EWARM\Slave_16bit\Obj\app_task.o
#        D:\linfuliang_work\pro\NS3601\SVN_tmp\SDK_Make\N32WB452\projects\n32wb452_EVAL\examples\BLE\slave\EWARM\Slave_16bit\Obj\app_user.o
#        D:\linfuliang_work\pro\NS3601\SVN_tmp\SDK_Make\N32WB452\projects\n32wb452_EVAL\examples\BLE\slave\EWARM\Slave_16bit\Obj\bass.o
#        D:\linfuliang_work\pro\NS3601\SVN_tmp\SDK_Make\N32WB452\projects\n32wb452_EVAL\examples\BLE\slave\EWARM\Slave_16bit\Obj\bass_task.o
#        D:\linfuliang_work\pro\NS3601\SVN_tmp\SDK_Make\N32WB452\projects\n32wb452_EVAL\examples\BLE\slave\EWARM\Slave_16bit\Obj\bsp_timer.o
#        D:\linfuliang_work\pro\NS3601\SVN_tmp\SDK_Make\N32WB452\projects\n32wb452_EVAL\examples\BLE\slave\EWARM\Slave_16bit\Obj\Eif_debug.o
#        D:\linfuliang_work\pro\NS3601\SVN_tmp\SDK_Make\N32WB452\projects\n32wb452_EVAL\examples\BLE\slave\EWARM\Slave_16bit\Obj\Eif_flash.o
#        D:\linfuliang_work\pro\NS3601\SVN_tmp\SDK_Make\N32WB452\projects\n32wb452_EVAL\examples\BLE\slave\EWARM\Slave_16bit\Obj\Eif_timer.o
#        D:\linfuliang_work\pro\NS3601\SVN_tmp\SDK_Make\N32WB452\projects\n32wb452_EVAL\examples\BLE\slave\EWARM\Slave_16bit\Obj\hl_test.o
#        D:\linfuliang_work\pro\NS3601\SVN_tmp\SDK_Make\N32WB452\projects\n32wb452_EVAL\examples\BLE\slave\EWARM\Slave_16bit\Obj\Interface.o
#        D:\linfuliang_work\pro\NS3601\SVN_tmp\SDK_Make\N32WB452\projects\n32wb452_EVAL\examples\BLE\slave\EWARM\Slave_16bit\Obj\log.o
#        D:\linfuliang_work\pro\NS3601\SVN_tmp\SDK_Make\N32WB452\projects\n32wb452_EVAL\examples\BLE\slave\EWARM\Slave_16bit\Obj\main.o
#        D:\linfuliang_work\pro\NS3601\SVN_tmp\SDK_Make\N32WB452\projects\n32wb452_EVAL\examples\BLE\slave\EWARM\Slave_16bit\Obj\misc.o
#        D:\linfuliang_work\pro\NS3601\SVN_tmp\SDK_Make\N32WB452\projects\n32wb452_EVAL\examples\BLE\slave\EWARM\Slave_16bit\Obj\n32wb452_bkp.o
#        D:\linfuliang_work\pro\NS3601\SVN_tmp\SDK_Make\N32WB452\projects\n32wb452_EVAL\examples\BLE\slave\EWARM\Slave_16bit\Obj\n32wb452_ble_api.o
#        D:\linfuliang_work\pro\NS3601\SVN_tmp\SDK_Make\N32WB452\projects\n32wb452_EVAL\examples\BLE\slave\EWARM\Slave_16bit\Obj\n32wb452_data_fifo.o
#        D:\linfuliang_work\pro\NS3601\SVN_tmp\SDK_Make\N32WB452\projects\n32wb452_EVAL\examples\BLE\slave\EWARM\Slave_16bit\Obj\n32wb452_exti.o
#        D:\linfuliang_work\pro\NS3601\SVN_tmp\SDK_Make\N32WB452\projects\n32wb452_EVAL\examples\BLE\slave\EWARM\Slave_16bit\Obj\n32wb452_flash.o
#        D:\linfuliang_work\pro\NS3601\SVN_tmp\SDK_Make\N32WB452\projects\n32wb452_EVAL\examples\BLE\slave\EWARM\Slave_16bit\Obj\n32wb452_gpio.o
#        D:\linfuliang_work\pro\NS3601\SVN_tmp\SDK_Make\N32WB452\projects\n32wb452_EVAL\examples\BLE\slave\EWARM\Slave_16bit\Obj\n32wb452_it.o
#        D:\linfuliang_work\pro\NS3601\SVN_tmp\SDK_Make\N32WB452\projects\n32wb452_EVAL\examples\BLE\slave\EWARM\Slave_16bit\Obj\n32wb452_pwr.o
#        D:\linfuliang_work\pro\NS3601\SVN_tmp\SDK_Make\N32WB452\projects\n32wb452_EVAL\examples\BLE\slave\EWARM\Slave_16bit\Obj\n32wb452_rcc.o
#        D:\linfuliang_work\pro\NS3601\SVN_tmp\SDK_Make\N32WB452\projects\n32wb452_EVAL\examples\BLE\slave\EWARM\Slave_16bit\Obj\n32wb452_rtc.o
#        D:\linfuliang_work\pro\NS3601\SVN_tmp\SDK_Make\N32WB452\projects\n32wb452_EVAL\examples\BLE\slave\EWARM\Slave_16bit\Obj\n32wb452_spi.o
#        D:\linfuliang_work\pro\NS3601\SVN_tmp\SDK_Make\N32WB452\projects\n32wb452_EVAL\examples\BLE\slave\EWARM\Slave_16bit\Obj\n32wb452_tim.o
#        D:\linfuliang_work\pro\NS3601\SVN_tmp\SDK_Make\N32WB452\projects\n32wb452_EVAL\examples\BLE\slave\EWARM\Slave_16bit\Obj\n32wb452_usart.o
#        D:\linfuliang_work\pro\NS3601\SVN_tmp\SDK_Make\N32WB452\projects\n32wb452_EVAL\examples\BLE\slave\EWARM\Slave_16bit\Obj\prf.o
#        D:\linfuliang_work\pro\NS3601\SVN_tmp\SDK_Make\N32WB452\projects\n32wb452_EVAL\examples\BLE\slave\EWARM\Slave_16bit\Obj\prf_utils.o
#        D:\linfuliang_work\pro\NS3601\SVN_tmp\SDK_Make\N32WB452\projects\n32wb452_EVAL\examples\BLE\slave\EWARM\Slave_16bit\Obj\startup_n32wb452_EWARM.o
#        D:\linfuliang_work\pro\NS3601\SVN_tmp\SDK_Make\N32WB452\projects\n32wb452_EVAL\examples\BLE\slave\EWARM\Slave_16bit\Obj\system_n32wb452.o
#        D:\linfuliang_work\pro\NS3601\SVN_tmp\SDK_Make\N32WB452\projects\n32wb452_EVAL\examples\BLE\slave\EWARM\Slave_16bit\Obj\user.o
#        D:\linfuliang_work\pro\NS3601\SVN_tmp\SDK_Make\N32WB452\projects\n32wb452_EVAL\examples\BLE\slave\EWARM\Slave_16bit\Obj\user_task.o
#        --redirect _Printf=_PrintfSmallNoMb --redirect _Scanf=_ScanfSmallNoMb
#        -o
#        D:\linfuliang_work\pro\NS3601\SVN_tmp\SDK_Make\N32WB452\projects\n32wb452_EVAL\examples\BLE\slave\EWARM\Slave_16bit\Exe\template_project.out
#        --map
#        D:\linfuliang_work\pro\NS3601\SVN_tmp\SDK_Make\N32WB452\projects\n32wb452_EVAL\examples\BLE\slave\EWARM\Slave_16bit\List\template_project.map
#        --config
#        D:\linfuliang_work\pro\NS3601\SVN_tmp\SDK_Make\N32WB452\projects\n32wb452_EVAL\examples\BLE\slave\EWARM\n32wb452_slave.icf
#        --semihosting
#        D:\linfuliang_work\pro\NS3601\SVN_tmp\SDK_Make\N32WB452\projects\n32wb452_EVAL\examples\BLE\slave\EWARM\..\..\..\..\..\..\firmware\n32wb452_ble_driver\lib\IAR\host_16bit.a
#        D:\linfuliang_work\pro\NS3601\SVN_tmp\SDK_Make\N32WB452\projects\n32wb452_EVAL\examples\BLE\slave\EWARM\..\..\..\..\..\..\firmware\n32wb452_ble_driver\lib\IAR\n32wb452_ble_16bit.a
#        --entry __iar_program_start --vfe
#
###############################################################################

*******************************************************************************
*** RUNTIME MODEL ATTRIBUTES
***

CppFlavor       = *
__SystemLibrary = DLib


*******************************************************************************
*** PLACEMENT SUMMARY
***

"A0":  place at 0x08000000 { ro section .intvec };
"P1":  place in [from 0x00000000 to 0x00000000] |
                [from 0x08000000 to 0x0807ffff] { ro };
"P4":  place in [from 0x20020000 to 0x20023fff] {
          rw, block CSTACK, block PROC_STACK };
initialize by copy { rw };

  Section             Kind        Address     Size  Object
  -------             ----        -------     ----  ------
"A0":                                        0x198
  .intvec             ro code  0x08000000    0x198  startup_n32wb452_EWARM.o [1]
                             - 0x08000198    0x198

"P1":                                      0x14f32
  .text               ro code  0x08000198   0x18d0  atts.o [4]
  .text               ro code  0x08001a68    0xd34  attm_db.o [4]
  .text               ro code  0x0800279c    0x96e  gapc.o [4]
  .text               ro code  0x0800310a      0xe  Eif_flash.o [1]
  .text               ro code  0x08003118    0x688  attm.o [4]
  .text               ro code  0x080037a0     0xb4  ke_msg.o [4]
  .text               ro code  0x08003854     0x76  ABImemcpy_unaligned.o [7]
  .text               ro code  0x080038ca      0x4  l2cc.o [4]
  .text               ro code  0x080038ce     0x10  l2cc.o [4]
  .text               ro code  0x080038de     0xec  co_list.o [4]
  .rodata             const    0x080039ca      0x2  gapc_task.o [4]
  .text               ro code  0x080039cc    0x370  l2cc_task.o [4]
  .text               ro code  0x08003d3c    0x4b0  gattc.o [4]
  .text               ro code  0x080041ec      0x8  attc.o [4]
  .text               ro code  0x080041f4    0x22c  ke_timer.o [4]
  .text               ro code  0x08004420    0x24e  ke_mem.o [4]
  .text               ro code  0x0800466e      0x4  l2cc_pdu.o [4]
  .rodata             const    0x08004672      0x2  gapc_task.o [4]
  .text               ro code  0x08004674    0x444  gapm.o [4]
  .text               ro code  0x08004ab8      0x4  atts.o [4]
  .text               ro code  0x08004abc     0x62  memcmp_unaligned.o [7]
  .text               ro code  0x08004b1e      0xc  hci_util.o [4]
  .text               ro code  0x08004b2a      0x4  l2cc_pdu.o [4]
  .rodata             const    0x08004b2e      0x2  gapc_task.o [4]
  .text               ro code  0x08004b30    0x250  ke_task.o [4]
  .text               ro code  0x08004d80    0xfb4  smpc.o [4]
  .text               ro code  0x08005d34     0x66  ABImemset.o [7]
  .text               ro code  0x08005d9a      0x8  ke_task.o [4]
  .rodata             const    0x08005da2      0x2  gapc_task.o [4]
  .text               ro code  0x08005da4     0x98  ke_event.o [4]
  .text               ro code  0x08005e3c     0xf8  l2cm.o [4]
  .text               ro code  0x08005f34    0x3d4  l2cc.o [4]
  .text               ro code  0x08006308     0x10  l2cc_task.o [4]
  .text               ro code  0x08006318    0x700  l2cc_pdu.o [4]
  .text               ro code  0x08006a18    0x17c  l2cc_sig.o [4]
  .text               ro code  0x08006b94      0x8  gapm_util.o [4]
  .text               ro code  0x08006b9c      0x8  ke.o [4]
  .text               ro code  0x08006ba4     0x8a  ke_queue.o [4]
  .rodata             const    0x08006c2e      0x2  gapc_task.o [4]
  .text               ro code  0x08006c30     0x24  printf.o [3]
  .text               ro code  0x08006c54     0x74  rwip.o [4]
  .text               ro code  0x08006cc8     0x10  gapm_task.o [4]
  .text               ro code  0x08006cd8    0x33c  prf.o [1]
  .text               ro code  0x08007014     0x10  gapm_hci.o [4]
  .text               ro code  0x08007024     0xca  gattm.o [4]
  .rodata             const    0x080070ee      0x2  gapc_task.o [4]
  .text               ro code  0x080070f0     0x94  hci.o [4]
  .text               ro code  0x08007184    0xb84  gapm_util.o [4]
  .text               ro code  0x08007d08    0x4fe  smpc_util.o [4]
  .text               ro code  0x08008206     0x1a  ke_event.o [4]
  .text               ro code  0x08008220      0xc  l2cc_pdu.o [4]
  .text               ro code  0x0800822c     0x10  l2cc.o [4]
  .text               ro code  0x0800823c    0x4d8  xprintfsmall_nomb.o [3]
  .text               ro code  0x08008714    0x2fc  nvds.o [4]
  .text               ro code  0x08008a10     0x58  ke.o [4]
  .text               ro code  0x08008a68    0x86c  Interface.o [1]
  .text               ro code  0x080092d4    0x368  h4tl.o [4]
  .text               ro code  0x0800963c     0x38  rwble_hl.o [4]
  .text               ro code  0x08009674    0x242  user.o [1]
  .rodata             const    0x080098b6      0x2  gapm_task.o [4]
  .text               ro code  0x080098b8    0x654  hci_tl.o [4]
  .text               ro code  0x08009f0c      0x4  smpc_util.o [4]
  .text               ro code  0x08009f10      0x4  smpc_util.o [4]
  .text               ro code  0x08009f14     0x16  strchr.o [7]
  .rodata             const    0x08009f2a      0x2  gapm_task.o [4]
  .text               ro code  0x08009f2c     0x36  strlen.o [7]
  .rodata             const    0x08009f62      0x2  gapm_task.o [4]
  .text               ro code  0x08009f64     0x58  memchr.o [7]
  .text               ro code  0x08009fbc    0x2d4  Eif_iom.o [6]
  .text               ro code  0x0800a290      0x6  ABImemclr4.o [7]
  .rodata             const    0x0800a296      0x2  gapm_task.o [4]
  .text               ro code  0x0800a298    0x174  Eif_spi.o [6]
  .text               ro code  0x0800a40c     0x28  Eif_timer.o [1]
  .text               ro code  0x0800a434     0xac  n32wb452_ble_api.o [1]
  .text               ro code  0x0800a4e0    0x19c  app.o [1]
  .text               ro code  0x0800a67c      0xa  h4tl.o [4]
  .rodata             const    0x0800a686      0x2  gapm_task.o [4]
  .text               ro code  0x0800a688    0x114  hci_msg.o [4]
  .text               ro code  0x0800a79c    0x33c  hci_util.o [4]
  .text               ro code  0x0800aad8    0x350  n32wb452_rcc.o [1]
  .text               ro code  0x0800ae28    0x374  n32wb452_gpio.o [1]
  .text               ro code  0x0800b19c     0xc4  n32wb452_exti.o [1]
  .text               ro code  0x0800b260     0x7c  misc.o [1]
  .text               ro code  0x0800b2dc    0x624  n32wb452_qspi.o [6]
  .text               ro code  0x0800b900     0x32  ABImemset48.o [7]
  .rodata             const    0x0800b932      0x2  gapm_task.o [4]
  .text               ro code  0x0800b934     0xf0  n32wb452_bt_drv.o [6]
  .text               ro code  0x0800ba24    0x168  ble_monitor.o [6]
  .text               ro code  0x0800bb8c    0x10c  bsp_timer.o [1]
  .text               ro code  0x0800bc98    0x1a0  n32wb452_data_fifo.o [1]
  .text               ro code  0x0800be38    0x118  app_user.o [1]
  .text               ro code  0x0800bf50     0x16  hci_util.o [4]
  .text               ro code  0x0800bf66     0x1a  hci_util.o [4]
  .text               ro code  0x0800bf80    0x2cc  n32wb452_tim.o [1]
  .text               ro code  0x0800c24c   0x11b0  gapc_task.o [4]
  .text               ro code  0x0800d3fc      0x8  gapc_task.o [4]
  .text               ro code  0x0800d404     0xf8  gapc_sig.o [4]
  .text               ro code  0x0800d4fc    0xa2c  smpc_api.o [4]
  .text               ro code  0x0800df28     0xe0  rand.o [3]
  .text               ro code  0x0800e008      0x4  smpc_api.o [4]
  .text               ro code  0x0800e00c      0x2  xtls.o [3]
  .rodata             const    0x0800e00e      0x2  gapm_task.o [4]
  .rodata             const    0x0800e010    0xc80  Interface.o [1]
  .text               ro code  0x0800ec90    0xb5c  gapm_hci.o [4]
  .text               ro code  0x0800f7ec     0xbc  smpm_api.o [4]
  .text               ro code  0x0800f8a8    0xac8  gapm_task.o [4]
  .rodata             const    0x08010370    0xa54  Interface.o [1]
  .text               ro code  0x08010dc4    0x824  gapc_hci.o [4]
  .text               ro code  0x080115e8    0x604  gattc_task.o [4]
  .text               ro code  0x08011bec     0xf8  attc.o [4]
  .text               ro code  0x08011ce4    0x5d4  main.o [1]
  .text               ro code  0x080122b8    0x1ba  n32wb452_usart.o [1]
  .rodata             const    0x08012472      0x2  gapm_task.o [4]
  .text               ro code  0x08012474     0x5c  n32wb452_pwr.o [1]
  .text               ro code  0x080124d0    0x1b0  system_n32wb452.o [1]
  .text               ro code  0x08012680     0xd0  log.o [1]
  .text               ro code  0x08012750    0x246  hl_test.o [1]
  .rodata             const    0x08012996      0x2  gapm_task.o [4]
  .text               ro code  0x08012998     0x10  n32wb452_bkp.o [1]
  .text               ro code  0x080129a8    0x2ac  n32wb452_rtc.o [1]
  .text               ro code  0x08012c54    0x470  app_task.o [1]
  .text               ro code  0x080130c4    0x392  app_sec.o [1]
  .rodata             const    0x08013456      0x2  l2cc_pdu.o [4]
  .text               ro code  0x08013458    0x240  user_task.o [1]
  .rodata             const    0x08013698    0x228  hci_msg.o [4]
  .rodata             const    0x080138c0    0x1dc  Interface.o [1]
  .rodata             const    0x08013a9c    0x108  gapm_hci.o [4]
  .rodata             const    0x08013ba4    0x100  Interface.o [1]
  .rodata             const    0x08013ca4    0x100  gapc_task.o [4]
  .text               ro code  0x08013da4     0xce  packbits_init.o [7]
  .text               ro code  0x08013e72      0x6  abort.o [3]
  .text               ro code  0x08013e78     0x14  exit.o [8]
  .rodata             const    0x08013e8c     0xc8  gapm_task.o [4]
  .rodata             const    0x08013f54     0xbc  Interface.o [1]
  .text               ro code  0x08014010     0xb0  n32wb452_it.o [1]
  .rodata             const    0x080140c0     0x90  app_task.o [1]
  .rodata             const    0x08014150     0x7c  l2cc_pdu.o [4]
  .rodata             const    0x080141cc     0x78  hci_msg.o [4]
  .rodata             const    0x08014244     0x68  atts.o [4]
  .rodata             const    0x080142ac     0x5c  l2cc_pdu.o [4]
  .rodata             const    0x08014308     0x58  gattc_task.o [4]
  .rodata             const    0x08014360     0x48  gapm.o [4]
  .rodata             const    0x080143a8     0x48  hci_msg.o [4]
  .rodata             const    0x080143f0     0x48  hci_msg.o [4]
  .text               ro code  0x08014438     0x40  zero_init3.o [7]
  .rodata             const    0x08014478     0x3c  hl_test.o [1]
  .rodata             const    0x080144b4     0x3c  l2cc_pdu.o [4]
  .rodata             const    0x080144f0     0x3c  smpc_util.o [4]
  .rodata             const    0x0801452c     0x3c  smpc_util.o [4]
  .rodata             const    0x08014568     0x3c  hci_msg.o [4]
  .rodata             const    0x080145a4     0x38  gapc_hci.o [4]
  .rodata             const    0x080145dc     0x38  l2cc_task.o [4]
  .rodata             const    0x08014614     0x34  n32wb452_it.o [1]
  .rodata             const    0x08014648     0x30  user_task.o [1]
  .rodata             const    0x08014678     0x30  hci_msg.o [4]
  .rodata             const    0x080146a8     0x28  app_sec.o [1]
  .rodata             const    0x080146d0     0x28  gapc_hci.o [4]
  .rodata             const    0x080146f8     0x28  gapc_hci.o [4]
  .text               ro code  0x08014720     0x28  data_init.o [7]
  .rodata             const    0x08014748     0x24  n32wb452_it.o [1]
  .rodata             const    0x0801476c     0x24  n32wb452_it.o [1]
  .rodata             const    0x08014790     0x24  n32wb452_it.o [1]
  .rodata             const    0x080147b4     0x24  n32wb452_it.o [1]
  .rodata             const    0x080147d8     0x24  atts.o [4]
  .rodata             const    0x080147fc     0x24  hci_msg.o [4]
  .rodata             const    0x08014820     0x24  hci_msg.o [4]
  .text               ro code  0x08014844     0x22  fpinit_M.o [5]
  .iar.init_table     const    0x08014868     0x2c  - Linker created -
  .rodata             const    0x08014894      0x2  l2cc_pdu.o [4]
  .rodata             const    0x08014898     0x20  Interface.o [1]
  .rodata             const    0x080148b8     0x20  Interface.o [1]
  .rodata             const    0x080148d8     0x20  Interface.o [1]
  .rodata             const    0x080148f8     0x20  Interface.o [1]
  .rodata             const    0x08014918     0x20  n32wb452_rcc.o [1]
  .rodata             const    0x08014938     0x20  user.o [1]
  .rodata             const    0x08014958     0x20  gattm.o [4]
  .rodata             const    0x08014978     0x20  gapc_hci.o [4]
  .rodata             const    0x08014998     0x1c  smpc.o [4]
  .text               ro code  0x080149b4     0x1a  cmain.o [7]
  .text               ro code  0x080149ce      0x4  low_level_init.o [3]
  .text               ro code  0x080149d2      0x4  exit.o [3]
  .rodata             const    0x080149d6      0x2  l2cc_pdu.o [4]
  .text               ro code  0x080149d8      0xa  cexit.o [7]
  .rodata             const    0x080149e2      0x2  hci_msg.o [4]
  .rodata             const    0x080149e4     0x18  main.o [1]
  .rodata             const    0x080149fc     0x18  gapc_sig.o [4]
  .rodata             const    0x08014a14     0x18  l2cc_sig.o [4]
  .text               ro code  0x08014a2c     0x16  xprout.o [3]
  .rodata             const    0x08014a42      0x2  hci_msg.o [4]
  .text               ro code  0x08014a44      0xc  putchar.o [3]
  .rodata             const    0x08014a50     0x14  Interface.o [1]
  .rodata             const    0x08014a64     0x14  main.o [1]
  .rodata             const    0x08014a78     0x14  main.o [1]
  .rodata             const    0x08014a8c     0x14  main.o [1]
  .rodata             const    0x08014aa0     0x14  main.o [1]
  .rodata             const    0x08014ab4     0x10  app.o [1]
  .rodata             const    0x08014ac4     0x10  Interface.o [1]
  .rodata             const    0x08014ad4     0x10  main.o [1]
  .rodata             const    0x08014ae4     0x10  main.o [1]
  .rodata             const    0x08014af4     0x10  main.o [1]
  .rodata             const    0x08014b04     0x10  main.o [1]
  .rodata             const    0x08014b14     0x10  n32wb452_it.o [1]
  .rodata             const    0x08014b24     0x10  n32wb452_it.o [1]
  .rodata             const    0x08014b34     0x10  n32wb452_rcc.o [1]
  .rodata             const    0x08014b44     0x10  n32wb452_rcc.o [1]
  .rodata             const    0x08014b54     0x10  user.o [1]
  .rodata             const    0x08014b64     0x10  gapm.o [4]
  .rodata             const    0x08014b74     0x10  gattc.o [4]
  .rodata             const    0x08014b84     0x10  attm.o [4]
  .rodata             const    0x08014b94     0x10  attm.o [4]
  .rodata             const    0x08014ba4     0x10  attm.o [4]
  .rodata             const    0x08014bb4     0x10  gapc.o [4]
  .rodata             const    0x08014bc4     0x10  gattm.o [4]
  .rodata             const    0x08014bd4     0x10  smpc.o [4]
  .rodata             const    0x08014be4     0x10  gapm_hci.o [4]
  .rodata             const    0x08014bf4     0x10  l2cc.o [4]
  .rodata             const    0x08014c04     0x10  hci_msg.o [4]
  .rodata             const    0x08014c14     0x10  hci_msg.o [4]
  .text               ro code  0x08014c24     0x10  startup_n32wb452_EWARM.o [1]
  .rodata             const    0x08014c34      0xc  main.o [1]
  .rodata             const    0x08014c40      0xc  n32wb452_ble_api.o [1]
  .rodata             const    0x08014c4c      0xc  n32wb452_it.o [1]
  .rodata             const    0x08014c58      0xc  gapc_task.o [4]
  .rodata             const    0x08014c64      0xc  hci_msg.o [4]
  .rodata             const    0x08014c70      0xc  hci_msg.o [4]
  .rodata             const    0x08014c7c      0xc  hci_msg.o [4]
  .rodata             const    0x08014c88      0xc  hci_msg.o [4]
  .text               ro code  0x08014c94      0xc  cstartup_M.o [7]
  .rodata             const    0x08014ca0      0x8  app_sec.o [1]
  .rodata             const    0x08014ca8      0x8  app_task.o [1]
  .rodata             const    0x08014cb0      0x8  app_user.o [1]
  .rodata             const    0x08014cb8      0x8  app_user.o [1]
  .rodata             const    0x08014cc0      0x8  Interface.o [1]
  .rodata             const    0x08014cc8      0x8  Interface.o [1]
  .rodata             const    0x08014cd0      0x8  Interface.o [1]
  .rodata             const    0x08014cd8      0x8  Interface.o [1]
  .rodata             const    0x08014ce0      0x8  Interface.o [1]
  .rodata             const    0x08014ce8      0x8  user_task.o [1]
  .rodata             const    0x08014cf0      0x8  gapc_task.o [4]
  .rodata             const    0x08014cf8      0x8  Eif_spi.o [6]
  .rodata             const    0x08014d00      0x8  attm.o [4]
  .rodata             const    0x08014d08      0x8  attm.o [4]
  .rodata             const    0x08014d10      0x8  attm.o [4]
  .rodata             const    0x08014d18      0x8  attm.o [4]
  .rodata             const    0x08014d20      0x8  attm.o [4]
  .rodata             const    0x08014d28      0x8  h4tl.o [4]
  .rodata             const    0x08014d30      0x8  ke_mem.o [4]
  .rodata             const    0x08014d38      0x8  gapm_task.o [4]
  .rodata             const    0x08014d40      0x8  gapm_task.o [4]
  .rodata             const    0x08014d48      0x8  gapm_task.o [4]
  .rodata             const    0x08014d50      0x8  gapm_task.o [4]
  .rodata             const    0x08014d58      0x8  gapm_task.o [4]
  .rodata             const    0x08014d60      0x8  hci.o [4]
  .rodata             const    0x08014d68      0x8  hci.o [4]
  .rodata             const    0x08014d70      0x8  l2cc_task.o [4]
  .rodata             const    0x08014d78      0x8  atts.o [4]
  .rodata             const    0x08014d80      0x8  atts.o [4]
  .rodata             const    0x08014d88      0x8  atts.o [4]
  .rodata             const    0x08014d90      0x8  atts.o [4]
  .rodata             const    0x08014d98      0x8  atts.o [4]
  .rodata             const    0x08014da0      0x8  atts.o [4]
  .rodata             const    0x08014da8      0x8  atts.o [4]
  .rodata             const    0x08014db0      0x8  atts.o [4]
  .rodata             const    0x08014db8      0x8  atts.o [4]
  .rodata             const    0x08014dc0      0x8  atts.o [4]
  .rodata             const    0x08014dc8      0x8  atts.o [4]
  .rodata             const    0x08014dd0      0x8  atts.o [4]
  .rodata             const    0x08014dd8      0x8  atts.o [4]
  .rodata             const    0x08014de0      0x8  atts.o [4]
  .rodata             const    0x08014de8      0x8  gattc_task.o [4]
  .rodata             const    0x08014df0      0x8  gapm_util.o [4]
  .rodata             const    0x08014df8      0x8  gapm_util.o [4]
  .rodata             const    0x08014e00      0x8  gattm_task.o [4]
  .rodata             const    0x08014e08      0x8  gattm_task.o [4]
  .rodata             const    0x08014e10      0x8  l2cc_pdu.o [4]
  .rodata             const    0x08014e18      0x8  l2cc_pdu.o [4]
  .rodata             const    0x08014e20      0x8  l2cc_pdu.o [4]
  .rodata             const    0x08014e28      0x8  l2cc_pdu.o [4]
  .rodata             const    0x08014e30      0x8  l2cc_pdu.o [4]
  .rodata             const    0x08014e38      0x8  l2cc_pdu.o [4]
  .rodata             const    0x08014e40      0x8  l2cc_pdu.o [4]
  .rodata             const    0x08014e48      0x8  attc.o [4]
  .rodata             const    0x08014e50      0x8  hci_msg.o [4]
  .rodata             const    0x08014e58      0x8  hci_msg.o [4]
  .rodata             const    0x08014e60      0x8  hci_msg.o [4]
  .rodata             const    0x08014e68      0x8  hci_msg.o [4]
  .rodata             const    0x08014e70      0x8  hci_msg.o [4]
  .rodata             const    0x08014e78      0x8  hci_msg.o [4]
  .rodata             const    0x08014e80      0x8  hci_msg.o [4]
  .rodata             const    0x08014e88      0x8  hci_msg.o [4]
  .rodata             const    0x08014e90      0x8  hci_msg.o [4]
  .rodata             const    0x08014e98      0x8  hci_msg.o [4]
  .rodata             const    0x08014ea0      0x8  hci_msg.o [4]
  .rodata             const    0x08014ea8      0x8  hci_msg.o [4]
  .rodata             const    0x08014eb0      0x8  hci_msg.o [4]
  .rodata             const    0x08014eb8      0x8  hci_msg.o [4]
  .rodata             const    0x08014ec0      0x8  hci_msg.o [4]
  .rodata             const    0x08014ec8      0x8  hci_msg.o [4]
  .rodata             const    0x08014ed0      0x8  hci_msg.o [4]
  .rodata             const    0x08014ed8      0x8  hci_msg.o [4]
  .rodata             const    0x08014ee0      0x4  app.o [1]
  .rodata             const    0x08014ee4      0x4  gapc_task.o [4]
  .rodata             const    0x08014ee8      0x4  nvds.o [4]
  .rodata             const    0x08014eec      0x4  gapm_task.o [4]
  .rodata             const    0x08014ef0      0x4  gattm.o [4]
  .rodata             const    0x08014ef4      0x4  gattc_task.o [4]
  .rodata             const    0x08014ef8      0x4  gattc_task.o [4]
  .rodata             const    0x08014efc      0x4  l2cc_pdu.o [4]
  .rodata             const    0x08014f00      0x4  l2cc_pdu.o [4]
  .rodata             const    0x08014f04      0x4  l2cc_pdu.o [4]
  .rodata             const    0x08014f08      0x4  l2cc_pdu.o [4]
  .rodata             const    0x08014f0c      0x4  l2cc_pdu.o [4]
  .rodata             const    0x08014f10      0x4  l2cc_pdu.o [4]
  .rodata             const    0x08014f14      0x4  l2cc_pdu.o [4]
  .rodata             const    0x08014f18      0x4  l2cc_pdu.o [4]
  .rodata             const    0x08014f1c      0x4  l2cc_pdu.o [4]
  .rodata             const    0x08014f20      0x4  hci_msg.o [4]
  .rodata             const    0x08014f24      0x4  hci_msg.o [4]
  .rodata             const    0x08014f28      0x4  hci_msg.o [4]
  .rodata             const    0x08014f2c      0x4  hci_msg.o [4]
  .rodata             const    0x08014f30      0x4  hci_msg.o [4]
  .rodata             const    0x08014f34      0x4  hci_msg.o [4]
  .rodata             const    0x08014f38      0x4  hci_msg.o [4]
  .rodata             const    0x08014f3c      0x4  hci_msg.o [4]
  .rodata             const    0x08014f40      0x4  hci_msg.o [4]
  .rodata             const    0x08014f44      0x4  hci_msg.o [4]
  .rodata             const    0x08014f48      0x4  hci_msg.o [4]
  .rodata             const    0x08014f4c      0x4  hci_msg.o [4]
  .rodata             const    0x08014f50      0x4  hci_msg.o [4]
  .rodata             const    0x08014f54      0x4  hci_msg.o [4]
  .text               ro code  0x08014f58      0x4  startup_n32wb452_EWARM.o [1]
  .text               ro code  0x08014f5c      0x4  startup_n32wb452_EWARM.o [1]
  .text               ro code  0x08014f60      0x4  startup_n32wb452_EWARM.o [1]
  .text               ro code  0x08014f64      0x4  startup_n32wb452_EWARM.o [1]
  .text               ro code  0x08014f68      0x4  startup_n32wb452_EWARM.o [1]
  .text               ro code  0x08014f6c      0x4  startup_n32wb452_EWARM.o [1]
  .text               ro code  0x08014f70      0x4  startup_n32wb452_EWARM.o [1]
  .text               ro code  0x08014f74      0x4  startup_n32wb452_EWARM.o [1]
  .text               ro code  0x08014f78      0x4  startup_n32wb452_EWARM.o [1]
  .text               ro code  0x08014f7c      0x4  startup_n32wb452_EWARM.o [1]
  .text               ro code  0x08014f80      0x4  startup_n32wb452_EWARM.o [1]
  .text               ro code  0x08014f84      0x4  startup_n32wb452_EWARM.o [1]
  .text               ro code  0x08014f88      0x4  startup_n32wb452_EWARM.o [1]
  .text               ro code  0x08014f8c      0x4  startup_n32wb452_EWARM.o [1]
  .text               ro code  0x08014f90      0x4  startup_n32wb452_EWARM.o [1]
  .text               ro code  0x08014f94      0x4  startup_n32wb452_EWARM.o [1]
  .text               ro code  0x08014f98      0x4  startup_n32wb452_EWARM.o [1]
  .text               ro code  0x08014f9c      0x4  startup_n32wb452_EWARM.o [1]
  .text               ro code  0x08014fa0      0x4  startup_n32wb452_EWARM.o [1]
  .text               ro code  0x08014fa4      0x4  startup_n32wb452_EWARM.o [1]
  .text               ro code  0x08014fa8      0x4  startup_n32wb452_EWARM.o [1]
  .text               ro code  0x08014fac      0x4  startup_n32wb452_EWARM.o [1]
  .text               ro code  0x08014fb0      0x4  startup_n32wb452_EWARM.o [1]
  .text               ro code  0x08014fb4      0x4  startup_n32wb452_EWARM.o [1]
  .text               ro code  0x08014fb8      0x4  startup_n32wb452_EWARM.o [1]
  .text               ro code  0x08014fbc      0x4  startup_n32wb452_EWARM.o [1]
  .text               ro code  0x08014fc0      0x4  startup_n32wb452_EWARM.o [1]
  .text               ro code  0x08014fc4      0x4  startup_n32wb452_EWARM.o [1]
  .text               ro code  0x08014fc8      0x4  startup_n32wb452_EWARM.o [1]
  .text               ro code  0x08014fcc      0x4  startup_n32wb452_EWARM.o [1]
  .text               ro code  0x08014fd0      0x4  startup_n32wb452_EWARM.o [1]
  .text               ro code  0x08014fd4      0x4  startup_n32wb452_EWARM.o [1]
  .text               ro code  0x08014fd8      0x4  startup_n32wb452_EWARM.o [1]
  .text               ro code  0x08014fdc      0x4  startup_n32wb452_EWARM.o [1]
  .text               ro code  0x08014fe0      0x4  startup_n32wb452_EWARM.o [1]
  .text               ro code  0x08014fe4      0x4  startup_n32wb452_EWARM.o [1]
  .text               ro code  0x08014fe8      0x4  startup_n32wb452_EWARM.o [1]
  .text               ro code  0x08014fec      0x4  startup_n32wb452_EWARM.o [1]
  .text               ro code  0x08014ff0      0x4  startup_n32wb452_EWARM.o [1]
  .text               ro code  0x08014ff4      0x4  startup_n32wb452_EWARM.o [1]
  .text               ro code  0x08014ff8      0x4  startup_n32wb452_EWARM.o [1]
  .text               ro code  0x08014ffc      0x4  startup_n32wb452_EWARM.o [1]
  .text               ro code  0x08015000      0x4  startup_n32wb452_EWARM.o [1]
  .text               ro code  0x08015004      0x4  startup_n32wb452_EWARM.o [1]
  .text               ro code  0x08015008      0x4  startup_n32wb452_EWARM.o [1]
  .text               ro code  0x0801500c      0x4  startup_n32wb452_EWARM.o [1]
  .text               ro code  0x08015010      0x4  startup_n32wb452_EWARM.o [1]
  .text               ro code  0x08015014      0x4  startup_n32wb452_EWARM.o [1]
  .text               ro code  0x08015018      0x4  startup_n32wb452_EWARM.o [1]
  .text               ro code  0x0801501c      0x4  startup_n32wb452_EWARM.o [1]
  .text               ro code  0x08015020      0x4  startup_n32wb452_EWARM.o [1]
  .text               ro code  0x08015024      0x4  startup_n32wb452_EWARM.o [1]
  .text               ro code  0x08015028      0x4  startup_n32wb452_EWARM.o [1]
  .text               ro code  0x0801502c      0x4  startup_n32wb452_EWARM.o [1]
  .text               ro code  0x08015030      0x4  startup_n32wb452_EWARM.o [1]
  .text               ro code  0x08015034      0x4  startup_n32wb452_EWARM.o [1]
  .text               ro code  0x08015038      0x4  startup_n32wb452_EWARM.o [1]
  .text               ro code  0x0801503c      0x4  startup_n32wb452_EWARM.o [1]
  .text               ro code  0x08015040      0x4  startup_n32wb452_EWARM.o [1]
  .text               ro code  0x08015044      0x4  startup_n32wb452_EWARM.o [1]
  .text               ro code  0x08015048      0x4  startup_n32wb452_EWARM.o [1]
  .text               ro code  0x0801504c      0x4  startup_n32wb452_EWARM.o [1]
  .text               ro code  0x08015050      0x4  startup_n32wb452_EWARM.o [1]
  .text               ro code  0x08015054      0x4  startup_n32wb452_EWARM.o [1]
  .text               ro code  0x08015058      0x4  startup_n32wb452_EWARM.o [1]
  .text               ro code  0x0801505c      0x4  startup_n32wb452_EWARM.o [1]
  .text               ro code  0x08015060      0x4  startup_n32wb452_EWARM.o [1]
  .text               ro code  0x08015064      0x4  startup_n32wb452_EWARM.o [1]
  .text               ro code  0x08015068      0x4  startup_n32wb452_EWARM.o [1]
  .text               ro code  0x0801506c      0x4  startup_n32wb452_EWARM.o [1]
  .text               ro code  0x08015070      0x4  startup_n32wb452_EWARM.o [1]
  .text               ro code  0x08015074      0x4  startup_n32wb452_EWARM.o [1]
  .text               ro code  0x08015078      0x4  startup_n32wb452_EWARM.o [1]
  .text               ro code  0x0801507c      0x4  startup_n32wb452_EWARM.o [1]
  .text               ro code  0x08015080      0x4  startup_n32wb452_EWARM.o [1]
  .text               ro code  0x08015084      0x4  gattm_task.o [4]
  .rodata             const    0x08015088      0x1  l2cc_pdu.o [4]
  .rodata             const    0x08015089      0x0  zero_init3.o [7]
  .rodata             const    0x08015089      0x0  packbits_init.o [7]
  Initializer bytes   const    0x08015089     0x41  <for P4 s0>
                             - 0x080150ca  0x14f32

"P4", part 1 of 3:                           0x2eb
  P4 s0                        0x20020000    0x2eb  <Init block>
    .data             inited   0x20020000    0x218  n32wb452_data_fifo.o [1]
    __DLIB_PERTHREAD  inited   0x20020218     0x8c  rand.o [3]
    .data             inited   0x200202a4     0x40  xfiles.o [3]
    .data             inited   0x200202e4      0x4  system_n32wb452.o [1]
    .data             inited   0x200202e8      0x1  ble_monitor.o [6]
    .data             inited   0x200202e9      0x1  ble_monitor.o [6]
    .data             inited   0x200202ea      0x1  ble_monitor.o [6]
                             - 0x200202eb    0x2eb

"P4", part 2 of 3:                          0x1b08
  .bss                zero     0x200202ec    0xe0c  rwip.o [4]
  .bss                zero     0x200210f8    0x400  main.o [1]
  .bss                zero     0x200214f8    0x20c  rwip.o [4]
  .bss                zero     0x20021704    0x20c  rwip.o [4]
  .bss                zero     0x20021910    0x100  main.o [1]
  .bss                zero     0x20021a10     0xc8  rwip.o [4]
  .bss                zero     0x20021ad8     0x9c  app.o [1]
  .bss                zero     0x20021b74     0x60  main.o [1]
  .bss                zero     0x20021bd4     0x50  xfiles.o [3]
  .bss                zero     0x20021c24     0x30  ke.o [4]
  .bss                zero     0x20021c54     0x2c  gapm.o [4]
  .bss                zero     0x20021c80     0x2c  ke_task.o [4]
  .bss                zero     0x20021cac     0x20  Interface.o [1]
  .bss                zero     0x20021ccc     0x20  gattm.o [4]
  .bss                zero     0x20021cec     0x18  prf.o [1]
  .bss                zero     0x20021d04     0x18  nvds.o [4]
  .bss                zero     0x20021d1c     0x18  Eif_spi.o [6]
  .bss                zero     0x20021d34     0x18  hci_tl.o [4]
  .bss                zero     0x20021d4c     0x14  ke_event.o [4]
  .bss                zero     0x20021d60     0x14  h4tl.o [4]
  .bss                zero     0x20021d74     0x14  hci.o [4]
  .bss                zero     0x20021d88      0xc  app_user.o [1]
  .bss                zero     0x20021d94      0xc  hl_test.o [1]
  .bss                zero     0x20021da0      0xc  l2cm.o [4]
  .bss                zero     0x20021dac      0x4  app_sec.o [1]
  .bss                zero     0x20021db0      0x4  bsp_timer.o [1]
  .bss                zero     0x20021db4      0x4  hl_test.o [1]
  .bss                zero     0x20021db8      0x4  hl_test.o [1]
  .bss                zero     0x20021dbc      0x4  log.o [1]
  .bss                zero     0x20021dc0      0x4  main.o [1]
  .bss                zero     0x20021dc4      0x4  n32wb452_ble_api.o [1]
  .bss                zero     0x20021dc8      0x4  n32wb452_ble_api.o [1]
  .bss                zero     0x20021dcc      0x4  n32wb452_ble_api.o [1]
  .bss                zero     0x20021dd0      0x4  n32wb452_ble_api.o [1]
  .bss                zero     0x20021dd4      0x4  gattc.o [4]
  .bss                zero     0x20021dd8      0x4  gapc.o [4]
  .bss                zero     0x20021ddc      0x4  l2cc.o [4]
  .bss                zero     0x20021de0      0x2  main.o [1]
  .bss                zero     0x20021de2      0x2  main.o [1]
  .bss                zero     0x20021de4      0x2  main.o [1]
  .bss                zero     0x20021de6      0x1  app_task.o [1]
  .bss                zero     0x20021de7      0x1  main.o [1]
  .bss                zero     0x20021de8      0x1  main.o [1]
  .bss                zero     0x20021de9      0x1  main.o [1]
  .bss                zero     0x20021dea      0x1  main.o [1]
  .bss                zero     0x20021deb      0x1  gapc_task.o [4]
  .bss                zero     0x20021dec      0x1  ble_monitor.o [6]
  .bss                zero     0x20021ded      0x1  ble_monitor.o [6]
  .bss                zero     0x20021dee      0x1  ble_monitor.o [6]
  .bss                zero     0x20021def      0x1  gapm_task.o [4]
  .bss                zero     0x20021df0      0x1  l2cc_task.o [4]
  .bss                zero     0x20021df1      0x1  gattc_task.o [4]
  .bss                zero     0x20021df2      0x1  gattm_task.o [4]
                             - 0x20021df3   0x1b07

"P4", part 3 of 3:                          0x1500
  CSTACK                       0x20021df8   0x1500  <Block>
    CSTACK            uninit   0x20021df8   0x1500  <Block tail>
                             - 0x200232f8   0x1500


*******************************************************************************
*** INIT TABLE
***

          Address     Size
          -------     ----
Zero (__iar_zero_init3)
    1 destination range, total size 0x1b07:
          0x200202ec  0x1b07

Copy/packbits (__iar_packbits_init3)
    1 source range, total size 0x41 (8% of destination):
          0x08015089    0x41
    1 destination range, total size 0x2eb:
          0x20020000   0x2eb



*******************************************************************************
*** MODULE SUMMARY
***

    Module                    ro code  ro data  rw data
    ------                    -------  -------  -------
D:\linfuliang_work\pro\NS3601\SVN_tmp\SDK_Make\N32WB452\projects\n32wb452_EVAL\examples\BLE\slave\EWARM\Slave_16bit\Obj: [1]
    Eif_flash.o                    14
    Eif_timer.o                    40
    Interface.o                 2 156    6 968       32
    app.o                         412       20      156
    app_sec.o                     914       48        4
    app_task.o                  1 136      152        1
    app_user.o                    280       16       12
    bsp_timer.o                   268                 4
    hl_test.o                     582       60       20
    log.o                         208                 4
    main.o                      1 492      180    1 390
    misc.o                        124
    n32wb452_bkp.o                 16
    n32wb452_ble_api.o            172       12       16
    n32wb452_data_fifo.o          416       46      536
    n32wb452_exti.o               196
    n32wb452_gpio.o               884
    n32wb452_it.o                 176      240
    n32wb452_pwr.o                 92
    n32wb452_rcc.o                848       64
    n32wb452_rtc.o                684
    n32wb452_tim.o                716
    n32wb452_usart.o              442
    prf.o                         828                24
    startup_n32wb452_EWARM.o      724
    system_n32wb452.o             432                 4
    user.o                        578       48
    user_task.o                   576       56
    ---------------------------------------------------
    Total:                     15 406    7 910    2 203

command line: [2]
    ---------------------------------------------------
    Total:

dl7M_tlf.a: [3]
    abort.o                         6
    exit.o                          4
    low_level_init.o                4
    printf.o                       36
    putchar.o                      12
    rand.o                        224       12      140
    xfiles.o                                 6      144
    xprintfsmall_nomb.o         1 240
    xprout.o                       22
    xtls.o                          2
    ---------------------------------------------------
    Total:                      1 550       18      284

host_16bit.a: [4]
    attc.o                        256        8
    attm.o                      1 672       88
    attm_db.o                   3 380
    atts.o                      6 356      252
    co_list.o                     236
    gapc.o                      2 414       16        4
    gapc_hci.o                  2 084      168
    gapc_sig.o                    248       24
    gapc_task.o                 4 536      292        1
    gapm.o                      1 092       88       44
    gapm_hci.o                  2 924      280
    gapm_task.o                 2 776      262        1
    gapm_util.o                 2 956       16
    gattc.o                     1 200       16        4
    gattc_task.o                1 540      104        1
    gattm.o                       202       52       32
    gattm_task.o                    4       16        1
    h4tl.o                        882        8       20
    hci.o                         148       16       20
    hci_msg.o                     276    1 280
    hci_tl.o                    1 620                24
    hci_util.o                    888
    ke.o                           96                48
    ke_event.o                    178                20
    ke_mem.o                      590        8
    ke_msg.o                      180
    ke_queue.o                    138
    ke_task.o                     600                44
    ke_timer.o                    556
    l2cc.o                      1 016       16        4
    l2cc_pdu.o                  1 812      375
    l2cc_sig.o                    380       24
    l2cc_task.o                   896       64        1
    l2cm.o                        248                12
    nvds.o                        764        4       24
    rwble_hl.o                     56
    rwip.o                        116             4 844
    smpc.o                      4 020       44
    smpc_api.o                  2 608
    smpc_util.o                 1 286      120
    smpm_api.o                    188
    ---------------------------------------------------
    Total:                     53 418    3 641    5 149

m7M_tls.a: [5]
    fpinit_M.o                     34
    ---------------------------------------------------
    Total:                         34

n32wb452_ble_16bit.a: [6]
    Eif_iom.o                     724
    Eif_spi.o                     372        8       24
    ble_monitor.o                 360        1        6
    n32wb452_bt_drv.o             240
    n32wb452_qspi.o             1 572
    ---------------------------------------------------
    Total:                      3 268        9       30

rt7M_tl.a: [7]
    ABImemclr4.o                    6
    ABImemcpy_unaligned.o         118
    ABImemset.o                   102
    ABImemset48.o                  50
    cexit.o                        10
    cmain.o                        26
    cstartup_M.o                   12
    data_init.o                    40
    memchr.o                       88
    memcmp_unaligned.o             98
    packbits_init.o               206
    strchr.o                       22
    strlen.o                       54
    zero_init3.o                   64
    ---------------------------------------------------
    Total:                        896

shb_l.a: [8]
    exit.o                         20
    ---------------------------------------------------
    Total:                         20

    Gaps                                     4
    Linker created                          44    5 376
-------------------------------------------------------
    Grand Total:               74 592   11 626   13 042


*******************************************************************************
*** ENTRY LIST
***

Entry                      Address   Size  Type      Object
-----                      -------   ----  ----      ------
.iar.init_table$$Base   0x08014868          --   Gb  - Linker created -
.iar.init_table$$Limit  0x08014894          --   Gb  - Linker created -
?main                   0x080149b5         Code  Gb  cmain.o [7]
APP_BtRcvDataBuffer     0x20020000  0x218  Data  Gb  n32wb452_data_fifo.o [1]
AsynchPrediv            0x20021db8    0x4  Data  Gb  hl_test.o [1]
BKP_DeInit              0x08012999   0x10  Code  Gb  n32wb452_bkp.o [1]
BT_get_version          0x0800a4bb   0x14  Code  Gb  n32wb452_ble_api.o [1]
BT_handle               0x0800a4b3    0x8  Code  Gb  n32wb452_ble_api.o [1]
BT_init                 0x0800a4a9    0xa  Code  Gb  n32wb452_ble_api.o [1]
BusFault_Handler        0x0801405b    0x2  Code  Gb  n32wb452_it.o [1]
CSTACK$$Base            0x20021df8          --   Gb  - Linker created -
CSTACK$$Limit           0x200232f8          --   Gb  - Linker created -
CopyArray               0x08010370  0xa54  Data  Gb  Interface.o [1]
DebugMon_Handler        0x08014061    0x2  Code  Gb  n32wb452_it.o [1]
EXTI15_10_IRQHandler    0x08011d11   0x30  Code  Gb  main.o [1]
EXTI20_RTCWKUP_Configuration
                        0x08012911   0x4a  Code  Gb  hl_test.o [1]
EXTI9_5_IRQHandler      0x080140b1   0x10  Code  Gb  n32wb452_it.o [1]
EXTI_ClrITPendBit       0x0800b245    0x6  Code  Gb  n32wb452_exti.o [1]
EXTI_GetITStatus        0x0800b223   0x22  Code  Gb  n32wb452_exti.o [1]
EXTI_InitPeripheral     0x0800b19d   0x86  Code  Gb  n32wb452_exti.o [1]
EXTI_NZ8801_STAIRQ_Config
                        0x0800a09f   0x54  Code  Gb  Eif_iom.o [6]
EXTI_NZ8801_STAIRQ_Default
                        0x0800a0f3   0x28  Code  Gb  Eif_iom.o [6]
GPIO_ConfigEXTILine     0x0800b133   0x4e  Code  Gb  n32wb452_gpio.o [1]
GPIO_ConfigPinRemap     0x0800af1d  0x216  Code  Gb  n32wb452_gpio.o [1]
GPIO_InitPeripheral     0x0800ae29   0xc0  Code  Gb  n32wb452_gpio.o [1]
GPIO_ReadInputDataBit   0x0800aee9   0x16  Code  Gb  n32wb452_gpio.o [1]
GPIO_ResetBits          0x0800af05    0x6  Code  Gb  n32wb452_gpio.o [1]
GPIO_SetBits            0x0800aeff    0x6  Code  Gb  n32wb452_gpio.o [1]
GPIO_WriteBit           0x0800af0b   0x12  Code  Gb  n32wb452_gpio.o [1]
HardFault_Handler       0x08014013   0x46  Code  Gb  n32wb452_it.o [1]
InStream_StepRegion     0x08013da5   0x14  Code  Lc  packbits_init.o [7]
IsAscii                 0x08008ad7   0x12  Code  Gb  Interface.o [1]
LoadInt                 0x080085c5   0x4c  Code  Lc  xprintfsmall_nomb.o [3]
MemManage_Handler       0x08014059    0x2  Code  Gb  n32wb452_it.o [1]
NMI_Handler             0x08014011    0x2  Code  Gb  n32wb452_it.o [1]
NVIC_Init               0x0800b26b   0x5e  Code  Gb  misc.o [1]
NVIC_PriorityGroupConfig
                        0x0800b261    0xa  Code  Gb  misc.o [1]
NvdsArray               0x08013f54   0xbc  Data  Gb  Interface.o [1]
PWR_BackupAccessEnable  0x08012475    0x8  Code  Gb  n32wb452_pwr.o [1]
PWR_EnterSTOP2Mode      0x0801247d   0x44  Code  Gb  n32wb452_pwr.o [1]
PatchArray              0x0800e010  0xc80  Data  Gb  Interface.o [1]
QSPI_Cmd                0x0800b62d   0x3a  Code  Gb  n32wb452_qspi.o [6]
QSPI_DeInit             0x0800b883   0x18  Code  Gb  n32wb452_qspi.o [6]
QSPI_GPIO               0x0800b461  0x1cc  Code  Gb  n32wb452_qspi.o [6]
QSPI_ReadWriteByte      0x0800b935   0x3c  Code  Gb  n32wb452_bt_drv.o [6]
QSPI_SingleGpioConfig   0x0800b447   0x1a  Code  Lc  n32wb452_qspi.o [6]
QspiConfigInit          0x0800b2ff  0x148  Code  Gb  n32wb452_qspi.o [6]
QspiInit                0x0800b667  0x21c  Code  Gb  n32wb452_qspi.o [6]
Qspi_GetStatus          0x0800b2dd   0x16  Code  Gb  n32wb452_qspi.o [6]
Qspi_ReceiveData        0x0800b2f9    0x6  Code  Gb  n32wb452_qspi.o [6]
Qspi_TransmitData       0x0800b2f3    0x6  Code  Gb  n32wb452_qspi.o [6]
RCC_ConfigHse           0x0800aad9   0x54  Code  Gb  n32wb452_rcc.o [1]
RCC_ConfigLse           0x0800ab9b   0x2a  Code  Gb  n32wb452_rcc.o [1]
RCC_ConfigRtcClk        0x0800abcd   0x18  Code  Gb  n32wb452_rcc.o [1]
RCC_ConfigSysclk        0x0800ab79   0x16  Code  Gb  n32wb452_rcc.o [1]
RCC_EnableAHBPeriphClk  0x0800acc9   0x20  Code  Gb  n32wb452_rcc.o [1]
RCC_EnableAHBPeriphReset
                        0x0800ad29   0x20  Code  Gb  n32wb452_rcc.o [1]
RCC_EnableAPB1PeriphClk
                        0x0800ad09   0x20  Code  Gb  n32wb452_rcc.o [1]
RCC_EnableAPB1PeriphReset
                        0x0800ad69   0x20  Code  Gb  n32wb452_rcc.o [1]
RCC_EnableAPB2PeriphClk
                        0x0800ace9   0x20  Code  Gb  n32wb452_rcc.o [1]
RCC_EnableAPB2PeriphReset
                        0x0800ad49   0x20  Code  Gb  n32wb452_rcc.o [1]
RCC_EnableBackupReset   0x0800ad89    0x8  Code  Gb  n32wb452_rcc.o [1]
RCC_EnableHsi           0x0800ab65    0xa  Code  Gb  n32wb452_rcc.o [1]
RCC_EnableLsi           0x0800abc5    0x8  Code  Gb  n32wb452_rcc.o [1]
RCC_EnablePll           0x0800ab6f    0xa  Code  Gb  n32wb452_rcc.o [1]
RCC_EnableRtcClk        0x0800abe5    0x8  Code  Gb  n32wb452_rcc.o [1]
RCC_GetClocksFreqValue  0x0800abed   0xdc  Code  Gb  n32wb452_rcc.o [1]
RCC_GetFlagStatus       0x0800ad91   0x3e  Code  Gb  n32wb452_rcc.o [1]
RCC_GetSysclkSrc        0x0800ab8f    0xc  Code  Gb  n32wb452_rcc.o [1]
RCC_WaitHseStable       0x0800ab2d   0x38  Code  Gb  n32wb452_rcc.o [1]
RTC_CLKSourceConfig     0x08012751  0x13a  Code  Gb  hl_test.o [1]
RTC_ClrIntPendingBit    0x08012c29   0x1c  Code  Gb  n32wb452_rtc.o [1]
RTC_ConfigInt           0x08012bc7   0x32  Code  Gb  n32wb452_rtc.o [1]
RTC_ConfigWakeUpClock   0x08012aef   0x38  Code  Gb  n32wb452_rtc.o [1]
RTC_EnableWakeUp        0x08012b47   0x80  Code  Gb  n32wb452_rtc.o [1]
RTC_EnterInitMode       0x08012a27   0x52  Code  Gb  n32wb452_rtc.o [1]
RTC_ExitInitMode        0x08012a79   0x12  Code  Gb  n32wb452_rtc.o [1]
RTC_GetITStatus         0x08012bf9   0x2a  Code  Gb  n32wb452_rtc.o [1]
RTC_Init                0x080129a9   0x7e  Code  Gb  n32wb452_rtc.o [1]
RTC_InitStructure       0x20021d94    0xc  Data  Gb  hl_test.o [1]
RTC_PrescalerConfig     0x0801288b   0x2a  Code  Lc  hl_test.o [1]
RTC_SetWakeUpCounter    0x08012b27   0x20  Code  Gb  n32wb452_rtc.o [1]
RTC_WKUP_IRQHandler     0x08014065   0x26  Code  Gb  n32wb452_it.o [1]
RTC_WaitForSynchro      0x08012a8b   0x64  Code  Gb  n32wb452_rtc.o [1]
RamcodeArray            0x080138c0  0x1dc  Data  Gb  Interface.o [1]
Region$$Table$$Base     0x08014868          --   Gb  - Linker created -
Region$$Table$$Limit    0x08014894          --   Gb  - Linker created -
Reset_delay             0x200202ea    0x1  Data  Gb  ble_monitor.o [6]
SVC_Handler             0x0801405f    0x2  Code  Gb  n32wb452_it.o [1]
SetSysClock             0x0801256d   0xd0  Code  Lc  system_n32wb452.o [1]
SetSysClock_HSI         0x080120a3   0x34  Code  Gb  main.o [1]
SynchPrediv             0x20021db4    0x4  Data  Gb  hl_test.o [1]
SysTick_Handler         0x08014063    0x2  Code  Gb  n32wb452_it.o [1]
SystemCoreClock         0x200202e4    0x4  Data  Gb  system_n32wb452.o [1]
SystemInit              0x080124d1   0x9c  Code  Gb  system_n32wb452.o [1]
TASK_DESC_APP           0x08014ab4   0x10  Data  Lc  app.o [1]
TASK_DESC_GAPC          0x08014bb4   0x10  Data  Lc  gapc.o [4]
TASK_DESC_GAPM          0x08014b64   0x10  Data  Lc  gapm.o [4]
TASK_DESC_GATTC         0x08014b74   0x10  Data  Lc  gattc.o [4]
TASK_DESC_GATTM         0x08014bc4   0x10  Data  Lc  gattm.o [4]
TASK_DESC_L2CC          0x08014bf4   0x10  Data  Lc  l2cc.o [4]
TIM3_IRQHandler         0x0800bc43   0x44  Code  Gb  bsp_timer.o [1]
TIM3_IRQ_enable         0x0800bbf5   0x3e  Code  Gb  bsp_timer.o [1]
TIM3_config             0x0800bb8d   0x68  Code  Gb  bsp_timer.o [1]
TIM3_get_time           0x0800bc87    0xa  Code  Gb  bsp_timer.o [1]
TIM3_set_timeout        0x0800bc33   0x10  Code  Gb  bsp_timer.o [1]
TIM6_IRQHandler         0x08011d41   0x6c  Code  Gb  main.o [1]
TIM6_deinit             0x08011e31   0x16  Code  Gb  main.o [1]
TIM6_init               0x08011dad   0x84  Code  Gb  main.o [1]
TIM_ClrIntPendingBit    0x0800c23d    0xa  Code  Gb  n32wb452_tim.o [1]
TIM_ConfigInt           0x0800c1eb   0x18  Code  Gb  n32wb452_tim.o [1]
TIM_DeInit              0x0800bf81   0xd8  Code  Gb  n32wb452_tim.o [1]
TIM_Enable              0x0800c1d1   0x1a  Code  Gb  n32wb452_tim.o [1]
TIM_GetIntStatus        0x0800c219   0x24  Code  Gb  n32wb452_tim.o [1]
TIM_InitTimeBase        0x0800c059  0x172  Code  Gb  n32wb452_tim.o [1]
USART_DeInit            0x080122b9   0xc6  Code  Gb  n32wb452_usart.o [1]
USART_Enable            0x08012435   0x1c  Code  Gb  n32wb452_usart.o [1]
USART_GetFlagStatus     0x08012459   0x1a  Code  Gb  n32wb452_usart.o [1]
USART_Init              0x0801237f   0x9a  Code  Gb  n32wb452_usart.o [1]
USART_SendData          0x08012451    0x8  Code  Gb  n32wb452_usart.o [1]
UsageFault_Handler      0x0801405d    0x2  Code  Gb  n32wb452_it.o [1]
WakeUpClockSelect       0x080128c9   0x48  Code  Gb  hl_test.o [1]
_LitobSmallNoMb         0x08008611   0xce  Code  Lc  xprintfsmall_nomb.o [3]
_PrintfSmallNoMb        0x0800823d  0x382  Code  Gb  xprintfsmall_nomb.o [3]
_Prout                  0x08014a2d   0x16  Code  Gb  xprout.o [3]
_PutcharsSmallNoMb      0x080086df   0x2e  Code  Lc  xprintfsmall_nomb.o [3]
_Rand_idx               0x20020220    0x4  Data  Lc  rand.o [3]
_Rand_rv                0x20020224   0x80  Data  Lc  rand.o [3]
_Randinit               0x20020218    0x1  Data  Gb  rand.o [3]
_Randseed               0x2002021c    0x4  Data  Gb  rand.o [3]
__aeabi_memclr4         0x0800a291         Code  Gb  ABImemclr4.o [7]
__aeabi_memset          0x08005d35         Code  Gb  ABImemset.o [7]
__cmain                 0x080149b5         Code  Gb  cmain.o [7]
__exit                  0x08013e79   0x14  Code  Gb  exit.o [8]
__iar_Memchr            0x08009f65         Code  Gb  memchr.o [7]
__iar_Memset            0x08005d35         Code  Gb  ABImemset.o [7]
__iar_Memset4_word      0x0800b901         Code  Gb  ABImemset48.o [7]
__iar_Memset8_word      0x0800b901         Code  Gb  ABImemset48.o [7]
__iar_Memset_word       0x08005d3d         Code  Gb  ABImemset.o [7]
__iar_Stdout            0x200202a4   0x40  Data  Gb  xfiles.o [3]
__iar_Strchr            0x08009f15         Code  Gb  strchr.o [7]
__iar_data_init3        0x08014721   0x28  Code  Gb  data_init.o [7]
__iar_dlib_perthread_access
                        0x0800e00d    0x2  Code  Gb  xtls.o [3]
__iar_init_vfp          0x08014845         Code  Gb  fpinit_M.o [5]
__iar_packbits_init3    0x08013db9   0xba  Code  Gb  packbits_init.o [7]
__iar_program_start     0x08014c95         Code  Gb  cstartup_M.o [7]
__iar_unaligned___aeabi_memcpy
                        0x08003855         Code  Gb  ABImemcpy_unaligned.o [7]
__iar_unaligned___aeabi_memcpy4
                        0x08003875         Code  Gb  ABImemcpy_unaligned.o [7]
__iar_unaligned___aeabi_memcpy8
                        0x08003875         Code  Gb  ABImemcpy_unaligned.o [7]
__iar_unaligned_memcmp  0x08004abd         Code  Gb  memcmp_unaligned.o [7]
__iar_zero_init3        0x08014439   0x40  Code  Gb  zero_init3.o [7]
__low_level_init        0x080149cf    0x4  Code  Gb  low_level_init.o [3]
__vector_table          0x08000000         Data  Gb  startup_n32wb452_EWARM.o [1]
_call_main              0x080149c1         Code  Gb  cmain.o [7]
_exit                   0x080149d9         Code  Gb  cexit.o [7]
_main                   0x080149cb         Code  Gb  cmain.o [7]
abort                   0x08013e73    0x6  Code  Gb  abort.o [3]
add_users               0x0800be55   0x3e  Code  Gb  app_user.o [1]
app_default_feature_init
                        0x0800a4e1    0x8  Code  Gb  app.o [1]
app_env                 0x20021ad8   0x9c  Data  Gb  app.o [1]
app_sec_env             0x20021dac    0x4  Data  Gb  app_sec.o [1]
app_sec_msg_dflt_handler
                        0x080130c5    0x4  Code  Lc  app_sec.o [1]
app_sec_msg_handler_list
                        0x080146a8   0x28  Data  Gb  app_sec.o [1]
app_sec_send_security_req
                        0x080130c9   0x2c  Code  Gb  app_sec.o [1]
app_sec_table_handler   0x08014ca0    0x8  Data  Gb  app_sec.o [1]
app_user_add_users      0x0800be93    0xa  Code  Gb  app_user.o [1]
app_user_data_notify    0x0800beeb   0x58  Code  Gb  app_user.o [1]
app_user_env            0x20021d88    0xc  Data  Gb  app_user.o [1]
app_user_init           0x0800be39   0x1c  Code  Gb  app_user.o [1]
app_user_msg_handler    0x0800bf4d    0x4  Code  Lc  app_user.o [1]
app_user_msg_handler_list
                        0x08014cb0    0x8  Data  Gb  app_user.o [1]
app_user_table_handler  0x08014cb8    0x8  Data  Gb  app_user.o [1]
appm_add_svc            0x0800a517   0x30  Code  Gb  app.o [1]
appm_add_svc_func_list  0x08014ee0    0x4  Data  Lc  app.o [1]
appm_adv_timeout_handler
                        0x08012ca7    0xa  Code  Lc  app_task.o [1]
appm_default_handler    0x08014ca8    0x8  Data  Gb  app_task.o [1]
appm_default_state      0x080140c0   0x90  Data  Gb  app_task.o [1]
appm_disconnect         0x0800a547   0x2a  Code  Gb  app.o [1]
appm_gapc_cmp_evt_handler
                        0x08012f6d    0xa  Code  Lc  app_task.o [1]
appm_gapc_param_updated_req_ind_handler
                        0x08012f77   0x34  Code  Lc  app_task.o [1]
appm_gapm_cmp_evt_handler
                        0x08012ccd  0x168  Code  Lc  app_task.o [1]
appm_gapm_gen_rand_nb_ind_handler
                        0x08013035   0x30  Code  Lc  app_task.o [1]
appm_get_dev_name       0x0800a63d   0x1a  Code  Gb  app.o [1]
appm_get_handler        0x08012c55   0x52  Code  Lc  app_task.o [1]
appm_init               0x0800a4e9   0x2e  Code  Gb  app.o [1]
appm_msg_handler        0x08012fe5   0x50  Code  Lc  app_task.o [1]
appm_start_advertising  0x0800a571   0xa0  Code  Gb  app.o [1]
appm_state              0x20021de6    0x1  Data  Gb  app_task.o [1]
appm_stop_advertising   0x0800a611   0x2c  Code  Gb  app.o [1]
attc_exc_mtu_rsp_handler
                        0x08011c37   0x4a  Code  Lc  attc.o [4]
attc_handlers           0x08014e48    0x8  Data  Gb  attc.o [4]
attc_l2cc_pdu_recv_handler
                        0x08011c81   0x5e  Code  Gb  attc.o [4]
attc_send_att_req       0x08011bed   0x4a  Code  Gb  attc.o [4]
attm_att_set_value      0x080033f1   0xec  Code  Gb  attm.o [4]
attm_att_update_perm    0x080036ad   0x7c  Code  Gb  attm.o [4]
attm_convert_to128      0x0800320d   0x4c  Code  Gb  attm.o [4]
attm_get_value          0x080034dd  0x1d0  Code  Gb  attm.o [4]
attm_init               0x0800374b   0x1c  Code  Gb  attm.o [4]
attm_is_bt16_uuid       0x080031ad   0x30  Code  Gb  attm.o [4]
attm_is_bt32_uuid       0x080031dd   0x30  Code  Gb  attm.o [4]
attm_svc_create_db      0x08003259  0x198  Code  Gb  attm.o [4]
attm_svc_get_permission
                        0x08003729   0x22  Code  Gb  attm.o [4]
attm_uuid16_comp        0x0800319f    0xe  Code  Gb  attm.o [4]
attm_uuid_comp          0x08003121   0x7e  Code  Gb  attm.o [4]
attmdb_add_service      0x0800223d   0x58  Code  Gb  attm_db.o [4]
attmdb_att_get_permission
                        0x08002639  0x164  Code  Gb  attm_db.o [4]
attmdb_destroy          0x08002295   0x22  Code  Gb  attm_db.o [4]
attmdb_get_attribute    0x08002325   0x44  Code  Gb  attm_db.o [4]
attmdb_get_max_len      0x08002463   0x82  Code  Gb  attm_db.o [4]
attmdb_get_next_att     0x08002369   0x9c  Code  Gb  attm_db.o [4]
attmdb_get_service      0x080022b7   0x6e  Code  Gb  attm_db.o [4]
attmdb_get_uuid         0x080024e5  0x154  Code  Gb  attm_db.o [4]
attmdb_perm2prop        0x08003119    0x8  Code  Lc  attm.o [4]
attmdb_svc_calc_len     0x08001a69  0x384  Code  Lc  attm_db.o [4]
attmdb_svc_check_hdl    0x080021c1   0x7c  Code  Gb  attm_db.o [4]
attmdb_svc_init         0x08001ded  0x398  Code  Lc  attm_db.o [4]
attmdb_svc_insert       0x08002185   0x3c  Code  Lc  attm_db.o [4]
attmdb_uuid16_comp      0x08002409   0x5a  Code  Gb  attm_db.o [4]
atts_check_length_and_offset
                        0x080001b9   0x3e  Code  Lc  atts.o [4]
atts_clear_prep_data    0x08000771   0x30  Code  Gb  atts.o [4]
atts_clear_read_cache   0x080007d1   0x38  Code  Gb  atts.o [4]
atts_clear_rsp_data     0x080007a1   0x30  Code  Gb  atts.o [4]
atts_execute_write_req  0x080016d9  0x20c  Code  Lc  atts.o [4]
atts_find_by_type_req   0x08000a49  0x1e6  Code  Lc  atts.o [4]
atts_find_end           0x080002d9   0xa0  Code  Lc  atts.o [4]
atts_find_info_req      0x0800088d  0x1bc  Code  Lc  atts.o [4]
atts_find_value_by_uuid
                        0x08000447   0xd2  Code  Lc  atts.o [4]
atts_get_att_chk_perm   0x080001f7   0xe2  Code  Lc  atts.o [4]
atts_get_dest_task      0x08000199   0x20  Code  Lc  atts.o [4]
atts_get_value          0x08000379   0xce  Code  Lc  atts.o [4]
atts_handlers           0x08014244   0x68  Data  Gb  atts.o [4]
atts_hdl_present_in_prep_data
                        0x0800056f   0x38  Code  Lc  atts.o [4]
atts_hdl_value_cfm      0x080018e5   0x3c  Code  Lc  atts.o [4]
atts_l2cc_pdu_recv_handler
                        0x080019ad   0x8a  Code  Gb  atts.o [4]
atts_mtu_exc_req        0x08000841   0x4c  Code  Lc  atts.o [4]
atts_prepare_write_req  0x080015a7  0x128  Code  Lc  atts.o [4]
atts_process_pdu        0x08001921   0x8c  Code  Gb  atts.o [4]
atts_read_blob_req      0x08001191  0x10a  Code  Lc  atts.o [4]
atts_read_by_grp_type_req
                        0x08000e61  0x244  Code  Lc  atts.o [4]
atts_read_by_type_req   0x08000c2f  0x22a  Code  Lc  atts.o [4]
atts_read_mult_req      0x080012a1  0x1b2  Code  Lc  atts.o [4]
atts_read_req           0x080010ad   0xe4  Code  Lc  atts.o [4]
atts_rights             0x080147d8   0x24  Data  Lc  atts.o [4]
atts_send_error         0x08000685   0x2e  Code  Gb  atts.o [4]
atts_send_event         0x080006b3   0xbe  Code  Gb  atts.o [4]
atts_send_pdu           0x0800067d    0x8  Code  Lc  atts.o [4]
atts_store_prep_data    0x080005a7   0xd6  Code  Lc  atts.o [4]
atts_update_elmt        0x08000519   0x56  Code  Lc  atts.o [4]
atts_write_cmd          0x08001455   0x50  Code  Lc  atts.o [4]
atts_write_req          0x080014a9   0x68  Code  Lc  atts.o [4]
atts_write_rsp_send     0x08000809   0x38  Code  Gb  atts.o [4]
atts_write_signed       0x08001511   0x96  Code  Lc  atts.o [4]
ble_addr                0x08014aa0   0x14  Data  Gb  main.o [1]
ble_clear_wakeup        0x0800bb3f   0x2e  Code  Gb  ble_monitor.o [6]
ble_controller_reset    0x0800ba25   0x10  Code  Gb  ble_monitor.o [6]
ble_hardware_init       0x080091e3   0x1c  Code  Gb  Interface.o [1]
ble_hardware_reinit     0x080091ff   0x16  Code  Gb  Interface.o [1]
ble_host_init           0x080092c1   0x14  Code  Gb  Interface.o [1]
ble_initdata_down       0x08009215   0x4c  Code  Gb  Interface.o [1]
ble_interface_init      0x080091d3   0x10  Code  Gb  Interface.o [1]
ble_monitor_callback    0x0800bb09   0x36  Code  Gb  ble_monitor.o [6]
ble_monitor_wait        0x0800bac3   0x46  Code  Gb  ble_monitor.o [6]
ble_name                0x08014c34    0xc  Data  Gb  main.o [1]
ble_status_monitor      0x0800ba35   0x8e  Code  Gb  ble_monitor.o [6]
bt_connect_flag         0x20021de4    0x2  Data  Gb  main.o [1]
bt_data_buf             0x200210f8  0x400  Data  Gb  main.o [1]
bt_data_finish_flag     0x20021de2    0x2  Data  Gb  main.o [1]
bt_data_rxlen           0x20021de0    0x2  Data  Gb  main.o [1]
bt_event_callback_func  0x08011e47  0x100  Code  Gb  main.o [1]
bt_features_init        0x08008ae9  0x504  Code  Gb  Interface.o [1]
bt_handler              0x0800a435    0x8  Code  Gb  n32wb452_ble_api.o [1]
bt_init                 0x20021b74   0x60  Data  Gb  main.o [1]
bt_packet_buf           0x20021910  0x100  Data  Gb  main.o [1]
bt_rcv_data             0x0800a48b    0xa  Code  Gb  n32wb452_ble_api.o [1]
bt_run_thread           0x0800a483    0x8  Code  Gb  n32wb452_ble_api.o [1]
bt_snd_data             0x0800a495   0x14  Code  Gb  n32wb452_ble_api.o [1]
bt_total_rxlen          0x20021de7    0x1  Data  Gb  main.o [1]
bt_ware_init            0x0800a43d   0x46  Code  Gb  n32wb452_ble_api.o [1]
cmp_abs_time            0x0800424b   0x1a  Code  Lc  ke_timer.o [4]
cmp_dest_id             0x08004b31   0x10  Code  Lc  ke_task.o [4]
cmp_timer_id            0x08004265   0x1c  Code  Lc  ke_timer.o [4]
co_btohs                0x0800a67d    0xa  Code  Gb  h4tl.o [4]
co_clz                  0x08008207   0x1a  Code  Gb  ke_event.o [4]
co_htobs                0x08009f0d    0x4  Code  Gb  smpc_util.o [4]
co_list_extract         0x0800393d   0x48  Code  Gb  co_list.o [4]
co_list_init            0x080038df    0xa  Code  Gb  co_list.o [4]
co_list_insert_before   0x08003985   0x32  Code  Gb  co_list.o [4]
co_list_is_empty        0x080038cf   0x10  Code  Gb  l2cc.o [4]
co_list_pick            0x080038cb    0x4  Code  Gb  l2cc.o [4]
co_list_pop_front       0x08003923   0x1a  Code  Gb  co_list.o [4]
co_list_push_back       0x080038e9   0x20  Code  Gb  co_list.o [4]
co_list_push_front      0x08003909   0x1a  Code  Gb  co_list.o [4]
co_list_size            0x080039b7   0x14  Code  Gb  co_list.o [4]
co_max                  0x08006b95    0x8  Code  Gb  gapm_util.o [4]
co_min                  0x080041ed    0x8  Code  Gb  attc.o [4]
co_rand_word            0x0800d3fd    0x8  Code  Gb  gapc_task.o [4]
co_read16               0x08009f11    0x4  Code  Gb  smpc_util.o [4]
co_read32p              0x0800bf67   0x1a  Code  Gb  hci_util.o [4]
co_write16              0x08004ab9    0x4  Code  Gb  atts.o [4]
co_write16p             0x08004b1f    0xc  Code  Gb  hci_util.o [4]
co_write32              0x0800e009    0x4  Code  Gb  smpc_api.o [4]
co_write32p             0x0800bf51   0x16  Code  Gb  hci_util.o [4]
data_notify_onePackage  0x0800be9d   0x4e  Code  Lc  app_user.o [1]
delay_ms                0x08011cf9   0x18  Code  Gb  main.o [1]
delay_us                0x08011ce5   0x14  Code  Gb  main.o [1]
eif_delay_ms            0x08008abf   0x18  Code  Gb  Interface.o [1]
eif_delay_us            0x08008aa9   0x16  Code  Gb  Interface.o [1]
eif_enable_timer        0x0800a42b    0xa  Code  Gb  Eif_timer.o [1]
eif_flash_erase         0x0800310d    0x4  Code  Gb  Eif_flash.o [1]
eif_flash_init          0x0800310b    0x2  Code  Gb  Eif_flash.o [1]
eif_flash_read          0x08003115    0x4  Code  Gb  Eif_flash.o [1]
eif_flash_write         0x08003111    0x4  Code  Gb  Eif_flash.o [1]
eif_get_status_io_value
                        0x0800a14b    0xc  Code  Gb  Eif_iom.o [6]
eif_get_time            0x0800a423    0x8  Code  Gb  Eif_timer.o [1]
eif_gpio_DeInit         0x0800a15f   0x96  Code  Gb  Eif_iom.o [6]
eif_gpio_ReInit         0x0800a1f5   0x8e  Code  Gb  Eif_iom.o [6]
eif_gpio_init           0x0800a157    0x8  Code  Gb  Eif_iom.o [6]
eif_pull_down_reset_io  0x0800a13b   0x10  Code  Gb  Eif_iom.o [6]
eif_pull_up_reset_io    0x0800a12b   0x10  Code  Gb  Eif_iom.o [6]
eif_pull_up_wakeup_io   0x0800a11b   0x10  Code  Gb  Eif_iom.o [6]
eif_reset_ble_core      0x080091b5   0x1e  Code  Gb  Interface.o [1]
eif_set_timeout         0x0800a41b    0x8  Code  Gb  Eif_timer.o [1]
eif_spi_flow_off        0x0800a29b    0x4  Code  Gb  Eif_spi.o [6]
eif_spi_flow_on         0x0800a299    0x2  Code  Gb  Eif_spi.o [6]
eif_spi_init            0x0800a377   0x10  Code  Gb  Eif_spi.o [6]
eif_spi_read            0x0800a29f   0x16  Code  Gb  Eif_spi.o [6]
eif_spi_recv_bytes      0x0800a2d7   0x62  Code  Gb  Eif_spi.o [6]
eif_spi_recv_irq_enable
                        0x0800a3f5   0x18  Code  Gb  Eif_spi.o [6]
eif_spi_recv_irq_gpio   0x0800b971   0xac  Code  Gb  n32wb452_bt_drv.o [6]
eif_spi_recv_irq_handler
                        0x0800a387   0x58  Code  Gb  Eif_spi.o [6]
eif_spi_send_bytes      0x0800a339   0x3e  Code  Gb  Eif_spi.o [6]
eif_spi_write           0x0800a2b5   0x22  Code  Gb  Eif_spi.o [6]
eif_timer_init          0x0800a40d    0xe  Code  Gb  Eif_timer.o [1]
exit                    0x080149d3    0x4  Code  Gb  exit.o [3]
fifo_clear_all          0x0800bd3d   0x2e  Code  Lc  n32wb452_data_fifo.o [1]
fifo_read               0x0800bd05   0x38  Code  Gb  n32wb452_data_fifo.o [1]
fifo_read_item          0x0800bd6b   0x5e  Code  Lc  n32wb452_data_fifo.o [1]
fifo_write              0x0800bc99   0x6c  Code  Gb  n32wb452_data_fifo.o [1]
fifo_write_item         0x0800bdcd   0x6c  Code  Lc  n32wb452_data_fifo.o [1]
flag_bt_enter_sleep     0x20021de8    0x1  Data  Gb  main.o [1]
flag_bt_irq             0x20021de9    0x1  Data  Gb  main.o [1]
flag_monitor            0x20021dee    0x1  Data  Gb  ble_monitor.o [6]
fputc                   0x080126eb   0x5a  Code  Gb  log.o [1]
gBT_STS                 0x20021dea    0x1  Data  Gb  main.o [1]
g_bt_init               0x20021dc4    0x4  Data  Gb  n32wb452_ble_api.o [1]
g_bt_start_finished_flag
                        0x20021dc8    0x4  Data  Gb  n32wb452_ble_api.o [1]
g_connnet_start         0x20021dcc    0x4  Data  Gb  n32wb452_ble_api.o [1]
g_pcallback             0x20021dd0    0x4  Data  Gb  n32wb452_ble_api.o [1]
gapc_auth_get           0x08002fdf   0x5c  Code  Gb  gapc.o [4]
gapc_auth_set           0x08002f39   0xa6  Code  Gb  gapc.o [4]
gapc_bond_cfm_handler   0x0800cb4b   0xf8  Code  Lc  gapc_task.o [4]
gapc_bond_cmd_handler   0x0800cae1   0x6a  Code  Lc  gapc_task.o [4]
gapc_bond_ind_handler   0x080132cb   0x46  Code  Lc  app_sec.o [1]
gapc_bond_req_ind_handler
                        0x080130f5  0x1d6  Code  Lc  app_sec.o [1]
gapc_cleanup            0x08002875   0xb4  Code  Lc  gapc.o [4]
gapc_cmp_evt_handler    0x080119d3   0x44  Code  Lc  gattc_task.o [4]
gapc_con_cleanup        0x08002b53   0x18  Code  Gb  gapc.o [4]
gapc_con_create         0x080029c3  0x190  Code  Gb  gapc.o [4]
gapc_connection_cfm_handler
                        0x0800c3c5   0xbc  Code  Lc  gapc_task.o [4]
gapc_connection_req_ind_handler
                        0x08012edb   0x92  Code  Lc  app_task.o [1]
gapc_create             0x08002929   0x5a  Code  Lc  gapc.o [4]
gapc_default_handler    0x08014cf0    0x8  Data  Gb  gapc_task.o [4]
gapc_default_state      0x08013ca4  0x100  Data  Gb  gapc_task.o [4]
gapc_disconnect_cmd_handler
                        0x0800c327   0x9e  Code  Lc  gapc_task.o [4]
gapc_disconnect_ind_handler
                        0x08012fab   0x1e  Code  Lc  app_task.o [1]
gapc_enc_keysize_get    0x08002ec3   0x26  Code  Gb  gapc.o [4]
gapc_enc_keysize_set    0x08002ee9   0x20  Code  Gb  gapc.o [4]
gapc_encrypt_cfm_handler
                        0x0800ccad   0x44  Code  Lc  gapc_task.o [4]
gapc_encrypt_cmd_handler
                        0x0800cc43   0x6a  Code  Lc  gapc_task.o [4]
gapc_encrypt_ind_handler
                        0x08013449    0xe  Code  Lc  app_sec.o [1]
gapc_encrypt_req_ind_handler
                        0x08013311  0x124  Code  Lc  app_sec.o [1]
gapc_env                0x20021dd8    0x4  Data  Gb  gapc.o [4]
gapc_get_bdaddr         0x08002c2f   0x36  Code  Gb  gapc.o [4]
gapc_get_conhdl         0x08002bd5   0x2c  Code  Gb  gapc.o [4]
gapc_get_conidx         0x08002b95   0x40  Code  Gb  gapc.o [4]
gapc_get_csrk           0x08002c65   0x34  Code  Gb  gapc.o [4]
gapc_get_dev_info_cfm_handler
                        0x0800d1b5  0x11c  Code  Lc  gapc_task.o [4]
gapc_get_dev_info_req_ind_handler
                        0x08012e35   0x82  Code  Lc  app_task.o [1]
gapc_get_info_cmd_handler
                        0x0800c481  0x198  Code  Lc  gapc_task.o [4]
gapc_get_operation      0x08002d6d   0x2c  Code  Gb  gapc.o [4]
gapc_get_operation_ptr  0x08002d99   0x10  Code  Gb  gapc.o [4]
gapc_get_requester      0x08002e0d   0x2e  Code  Gb  gapc.o [4]
gapc_get_role           0x08002c01   0x2e  Code  Gb  gapc.o [4]
gapc_get_sign_counter   0x08002c99   0x32  Code  Gb  gapc.o [4]
gapc_hci_handler        0x08011563   0x70  Code  Gb  gapc_hci.o [4]
gapc_init               0x08002983   0x40  Code  Gb  gapc.o [4]
gapc_is_sec_set         0x08002e3b   0x5e  Code  Gb  gapc.o [4]
gapc_link_encrypted     0x08002f09   0x30  Code  Gb  gapc.o [4]
gapc_lk_sec_lvl_get     0x08002e99   0x2a  Code  Gb  gapc.o [4]
gapc_operation_cleanup  0x0800279d   0xd8  Code  Lc  gapc.o [4]
gapc_param_update_cfm_handler
                        0x0800ca11   0xd0  Code  Lc  gapc_task.o [4]
gapc_param_update_cmd_handler
                        0x0800c7d1  0x16a  Code  Lc  gapc_task.o [4]
gapc_param_update_sanity
                        0x080030d1   0x3a  Code  Gb  gapc.o [4]
gapc_param_updated_ind_handler
                        0x0801306f   0x16  Code  Lc  app_task.o [1]
gapc_process_op         0x0800c24d   0xda  Code  Gb  gapc_task.o [4]
gapc_reschedule_operation
                        0x08002db9   0x54  Code  Gb  gapc.o [4]
gapc_security_cmd_handler
                        0x0800ccf1   0x5a  Code  Lc  gapc_task.o [4]
gapc_send_complete_evt  0x08002ccb   0x7a  Code  Gb  gapc.o [4]
gapc_send_disconect_ind
                        0x08002b6b   0x2a  Code  Gb  gapc.o [4]
gapc_send_error_evt     0x08002d45   0x28  Code  Gb  gapc.o [4]
gapc_set_dev_info_cfm_handler
                        0x0800d2d1   0x68  Code  Lc  gapc_task.o [4]
gapc_set_dev_info_req_ind_handler
                        0x08012eb7   0x24  Code  Lc  app_task.o [1]
gapc_set_le_ping_to_handler
                        0x0800d339   0x52  Code  Lc  gapc_task.o [4]
gapc_set_le_pkt_size_handler
                        0x0800d38b   0x56  Code  Lc  gapc_task.o [4]
gapc_set_operation_ptr  0x08002da9   0x10  Code  Gb  gapc.o [4]
gapc_sig_handlers       0x080149fc   0x18  Data  Gb  gapc_sig.o [4]
gapc_sig_pdu_recv_handler
                        0x0800d4bb   0x3c  Code  Gb  gapc_sig.o [4]
gapc_sign_cmd_handler   0x0800cd4b   0x4a  Code  Lc  gapc_task.o [4]
gapc_smp_rep_attempts_timer_handler
                        0x0800cf07   0x40  Code  Lc  gapc_task.o [4]
gapc_smp_timeout_timer_ind_handler
                        0x0800ce9f   0x68  Code  Lc  gapc_task.o [4]
gapc_state              0x20021deb    0x1  Data  Gb  gapc_task.o [4]
gapc_svc_chg_ccc_get    0x0800303b   0x16  Code  Gb  gapc.o [4]
gapc_svc_chg_ccc_set    0x08003051   0x22  Code  Gb  gapc.o [4]
gapc_update_conn_param_to_ind_handler
                        0x0800c9bd   0x54  Code  Lc  gapc_task.o [4]
gapc_update_state       0x08003073   0x56  Code  Gb  gapc.o [4]
gapm_addr_check         0x080049a9   0x28  Code  Gb  gapm.o [4]
gapm_addr_renew_to_ind_handler
                        0x0801000d   0x38  Code  Lc  gapm_task.o [4]
gapm_adv_op_sanity      0x0800740d   0xfe  Code  Gb  gapm_util.o [4]
gapm_adv_sanity         0x0800734d   0xc0  Code  Lc  gapm_util.o [4]
gapm_att_db             0x08014360   0x48  Data  Lc  gapm.o [4]
gapm_basic_hci_cmd_send
                        0x08007999   0x18  Code  Gb  gapm_util.o [4]
gapm_cancel_cmd_handler
                        0x0800f999   0x52  Code  Lc  gapm_task.o [4]
gapm_cmp_evt_handler    0x0800ce41   0x5e  Code  Lc  gapc_task.o [4]
gapm_cmp_evt_handler    0x0800ffa7   0x66  Code  Lc  gapm_task.o [4]
gapm_con_cleanup        0x080048ff   0x40  Code  Gb  gapm.o [4]
gapm_con_create         0x0800485f   0x90  Code  Gb  gapm.o [4]
gapm_con_enable         0x080048ef   0x10  Code  Gb  gapm.o [4]
gapm_default_handler    0x08014d58    0x8  Data  Gb  gapm_task.o [4]
gapm_default_msg_handler
                        0x080100b3    0x4  Code  Lc  gapm_task.o [4]
gapm_default_state      0x08013e8c   0xc8  Data  Gb  gapm_task.o [4]
gapm_device_ready_ind_handler
                        0x08012cb1   0x1c  Code  Lc  app_task.o [1]
gapm_dle_val_check      0x080049d1   0x1e  Code  Gb  gapm.o [4]
gapm_env                0x20021c54   0x2c  Data  Gb  gapm.o [4]
gapm_execute_adv_op     0x08007685  0x194  Code  Gb  gapm_util.o [4]
gapm_gen_rand_addr_cmd_handler
                        0x080100b7   0x36  Code  Lc  gapm_task.o [4]
gapm_gen_rand_nb_ind_handler
                        0x0800cdc7   0x32  Code  Lc  gapc_task.o [4]
gapm_get_address_type   0x08004a45    0xc  Code  Gb  gapm.o [4]
gapm_get_att_handle     0x08004a61   0x30  Code  Gb  gapm.o [4]
gapm_get_bdaddr         0x08007993    0x6  Code  Gb  gapm_util.o [4]
gapm_get_dev_info_cmd_handler
                        0x0800fca5   0xbe  Code  Lc  gapm_task.o [4]
gapm_get_irk            0x0800798d    0x6  Code  Gb  gapm_util.o [4]
gapm_get_local_addrtype
                        0x08007a25   0x2c  Code  Gb  gapm_util.o [4]
gapm_get_max_mtu        0x0800496f    0x6  Code  Gb  gapm.o [4]
gapm_get_operation      0x08004775   0x22  Code  Gb  gapm.o [4]
gapm_get_operation_ptr  0x08007015   0x10  Code  Gb  gapm_hci.o [4]
gapm_get_requester      0x08004797   0x26  Code  Gb  gapm.o [4]
gapm_get_role           0x0800787d    0xa  Code  Gb  gapm_util.o [4]
gapm_hci_cmd_cmp_event_handler_tab
                        0x08013a9c  0x108  Data  Lc  gapm_hci.o [4]
gapm_hci_handler        0x0800f781   0x5c  Code  Gb  gapm_hci.o [4]
gapm_hci_le_event_handler_tab
                        0x08014be4   0x10  Data  Lc  gapm_hci.o [4]
gapm_init               0x080046d3   0x72  Code  Gb  gapm.o [4]
[...]
hci_rd_chnl_map_cmd_cmp_evt_handler
                        0x08011061   0x88  Code  Lc  gapc_hci.o [4]
hci_rd_local_ver_info_cmd_cmp_evt_handler
                        0x0800eda9   0x84  Code  Lc  gapm_hci.o [4]
hci_rd_rem_ver_info_cmp_evt_handler
                        0x08010e49   0xb0  Code  Lc  gapc_hci.o [4]
hci_rd_rssi_cmd_cmp_evt_handler
                        0x08010fe3   0x7e  Code  Lc  gapc_hci.o [4]
hci_rsvd_evt_msk        0x08014d68    0x8  Data  Lc  hci.o [4]
hci_search_cs_index     0x080098f9   0x34  Code  Lc  hci_tl.o [4]
hci_send_2_controller   0x0800710f    0xc  Code  Gb  hci.o [4]
hci_tl_env              0x20021d34   0x18  Data  Lc  hci_tl.o [4]
hci_tl_init             0x08009aff   0x2e  Code  Gb  hci_tl.o [4]
hci_tl_send             0x08009aef   0x10  Code  Gb  hci_tl.o [4]
hci_tx_done             0x08009a91   0x4e  Code  Lc  hci_tl.o [4]
hci_tx_start            0x08009a2f   0x62  Code  Lc  hci_tl.o [4]
hci_tx_trigger          0x08009adf   0x10  Code  Lc  hci_tl.o [4]
hci_util_pack           0x0800a7cf  0x164  Code  Gb  hci_util.o [4]
hci_util_read_array_size
                        0x0800a79d   0x32  Code  Lc  hci_util.o [4]
hci_util_unpack         0x0800a933  0x1a6  Code  Gb  hci_util.o [4]
hci_wr_auth_payl_to_cmd_cmp_evt_handler
                        0x080112e9   0x38  Code  Lc  gapc_hci.o [4]
hlt_rtc_init            0x0801295b   0x3c  Code  Gb  hl_test.o [1]
interface_sys           0x20021cac   0x20  Data  Gb  Interface.o [1]
interface_sys_api       0x080148f8   0x20  Data  Lc  Interface.o [1]
is_lr_sent              0x20021dbc    0x4  Data  Lc  log.o [1]
ke_env                  0x20021c24   0x30  Data  Gb  ke.o [4]
ke_event_callback_set   0x08005db5   0x1a  Code  Gb  ke_event.o [4]
ke_event_clear          0x08005de7   0x1a  Code  Gb  ke_event.o [4]
ke_event_env            0x20021d4c   0x14  Data  Lc  ke_event.o [4]
ke_event_init           0x08005da5   0x10  Code  Gb  ke_event.o [4]
ke_event_schedule       0x08005e01   0x34  Code  Gb  ke_event.o [4]
ke_event_set            0x08005dcf   0x18  Code  Gb  ke_event.o [4]
ke_free                 0x0800457f   0xd0  Code  Gb  ke_mem.o [4]
ke_handler_search       0x08004b67   0x3a  Code  Lc  ke_task.o [4]
ke_init                 0x08008a11   0x4c  Code  Gb  ke.o [4]
ke_is_free              0x08004659   0x16  Code  Gb  ke_mem.o [4]
ke_malloc               0x080044bb   0xc4  Code  Gb  ke_mem.o [4]
ke_mem_init             0x0800444d   0x6e  Code  Gb  ke_mem.o [4]
ke_mem_is_in_heap       0x08004421   0x2c  Code  Lc  ke_mem.o [4]
ke_msg2param            0x08004b2b    0x4  Code  Gb  l2cc_pdu.o [4]
ke_msg_alloc            0x080037a1   0x42  Code  Gb  ke_msg.o [4]
ke_msg_discard          0x08004d17    0x4  Code  Gb  ke_task.o [4]
ke_msg_forward          0x08003811   0x1a  Code  Gb  ke_msg.o [4]
ke_msg_free             0x0800382b    0x8  Code  Gb  ke_msg.o [4]
ke_msg_in_queue         0x0800383d   0x18  Code  Gb  ke_msg.o [4]
ke_msg_send             0x080037e3   0x16  Code  Gb  ke_msg.o [4]
ke_msg_send_basic       0x080037fd   0x14  Code  Gb  ke_msg.o [4]
ke_msg_src_id_get       0x08003833    0xa  Code  Gb  ke_msg.o [4]
ke_param2msg            0x0800466f    0x4  Code  Gb  l2cc_pdu.o [4]
ke_queue_extract        0x08006ba5   0x4c  Code  Gb  ke_queue.o [4]
ke_queue_insert         0x08006bf1   0x3e  Code  Gb  ke_queue.o [4]
ke_queue_pop            0x08006b9d    0x8  Code  Gb  ke.o [4]
ke_queue_push           0x08005d9b    0x8  Code  Gb  ke_task.o [4]
ke_state_get            0x08004ced   0x2a  Code  Gb  ke_task.o [4]
ke_state_set            0x08004caf   0x3e  Code  Gb  ke_task.o [4]
ke_task_create          0x08004c85   0x2a  Code  Gb  ke_task.o [4]
ke_task_env             0x20021c80   0x2c  Data  Lc  ke_task.o [4]
ke_task_handler_get     0x08004ba1   0x58  Code  Lc  ke_task.o [4]
ke_task_init            0x08004c6d   0x18  Code  Gb  ke_task.o [4]
ke_task_msg_flush       0x08004d1b   0x50  Code  Gb  ke_task.o [4]
ke_task_saved_update    0x08004b41   0x26  Code  Lc  ke_task.o [4]
ke_task_schedule        0x08004bf9   0x74  Code  Lc  ke_task.o [4]
ke_time                 0x080041f5    0xe  Code  Lc  ke_timer.o [4]
ke_time_cmp             0x08004203   0x16  Code  Lc  ke_timer.o [4]
ke_time_past            0x08004219   0x10  Code  Lc  ke_timer.o [4]
ke_timer_active         0x080043d5   0x32  Code  Gb  ke_timer.o [4]
ke_timer_clear          0x0800436f   0x66  Code  Gb  ke_timer.o [4]
ke_timer_hw_set         0x08004229   0x22  Code  Lc  ke_timer.o [4]
ke_timer_init           0x080042b3    0xc  Code  Gb  ke_timer.o [4]
ke_timer_schedule       0x08004281   0x32  Code  Lc  ke_timer.o [4]
ke_timer_set            0x080042bf   0xb0  Code  Gb  ke_timer.o [4]
l2c_code_conn_param_upd_req_handler
                        0x0800d463    0x4  Code  Lc  gapc_sig.o [4]
l2c_code_conn_param_upd_req_handler
                        0x08006acf   0x4c  Code  Lc  l2cc_sig.o [4]
l2c_code_conn_param_upd_resp_handler
                        0x0800d467   0x54  Code  Lc  gapc_sig.o [4]
l2c_code_conn_param_upd_resp_handler
                        0x08006b1b   0x26  Code  Lc  l2cc_sig.o [4]
l2c_code_reject_handler
                        0x0800d405   0x5e  Code  Lc  gapc_sig.o [4]
l2c_code_reject_handler
                        0x08006a8d   0x42  Code  Lc  l2cc_sig.o [4]
l2cc_attribute_pkt_format
                        0x08014150   0x7c  Data  Lc  l2cc_pdu.o [4]
l2cc_cleanup            0x08005fc1   0xdc  Code  Gb  l2cc.o [4]
l2cc_cmp_evt_handler    0x0800cd95   0x32  Code  Lc  gapc_task.o [4]
l2cc_cmp_evt_handler    0x08011a9f   0x54  Code  Lc  gattc_task.o [4]
l2cc_create             0x08005f77   0x4a  Code  Gb  l2cc.o [4]
l2cc_data_send          0x08006195  0x16a  Code  Gb  l2cc.o [4]
l2cc_dbg_pdu_send_cmd_handler
                        0x08003abd   0x7c  Code  Lc  l2cc_task.o [4]
l2cc_default_handler    0x08014d70    0x8  Data  Gb  l2cc_task.o [4]
l2cc_default_msg_handler
                        0x08003cff    0x4  Code  Lc  l2cc_task.o [4]
l2cc_default_state      0x080145dc   0x38  Data  Gb  l2cc_task.o [4]
l2cc_env                0x20021ddc    0x4  Data  Gb  l2cc.o [4]
l2cc_init               0x08005f35   0x42  Code  Gb  l2cc.o [4]
l2cc_lecb_sdu_send_cmd_handler
                        0x08003a49   0x74  Code  Lc  l2cc_task.o [4]
l2cc_pdu_alloc          0x08003d03   0x30  Code  Gb  l2cc_task.o [4]
l2cc_pdu_header_check   0x080068a1  0x168  Code  Gb  l2cc_pdu.o [4]
l2cc_pdu_pack           0x08006319  0x2ce  Code  Gb  l2cc_pdu.o [4]
l2cc_pdu_recv_ind_handler
                        0x0800c93b   0x82  Code  Lc  gapc_task.o [4]
l2cc_pdu_recv_ind_handler
                        0x08003c19   0xe6  Code  Lc  l2cc_task.o [4]
l2cc_pdu_recv_ind_handler
                        0x08011a25   0x7a  Code  Lc  gattc_task.o [4]
l2cc_pdu_send           0x08003d33    0xa  Code  Gb  l2cc_task.o [4]
l2cc_pdu_send_cmd_handler
                        0x080039cd   0x7c  Code  Lc  l2cc_task.o [4]
l2cc_pdu_unpack         0x080065e7  0x2ba  Code  Gb  l2cc_pdu.o [4]
l2cc_security_pkt_format
                        0x080144b4   0x3c  Data  Lc  l2cc_pdu.o [4]
l2cc_send_complete_evt  0x080060e5   0x80  Code  Gb  l2cc.o [4]
l2cc_send_error_evt     0x08006165   0x30  Code  Gb  l2cc.o [4]
l2cc_sig_handlers       0x08014a14   0x18  Data  Gb  l2cc_sig.o [4]
l2cc_sig_pdu_recv_handler
                        0x08006b41   0x50  Code  Gb  l2cc_sig.o [4]
l2cc_sig_send_cmd_reject
                        0x08006a19   0x74  Code  Gb  l2cc_sig.o [4]
l2cc_signaling_pkt_format
                        0x080142ac   0x5c  Data  Lc  l2cc_pdu.o [4]
l2cc_state              0x20021df0    0x1  Data  Gb  l2cc_task.o [4]
l2cc_update_state       0x0800609d   0x48  Code  Gb  l2cc.o [4]
l2cm_buffer_acquire     0x0800822d   0x10  Code  Gb  l2cc.o [4]
l2cm_buffer_release     0x08006309   0x10  Code  Gb  l2cc_task.o [4]
l2cm_cleanup            0x08005ec7    0xc  Code  Gb  l2cm.o [4]
l2cm_create             0x08005ebd    0xa  Code  Gb  l2cm.o [4]
l2cm_env                0x20021da0    0xc  Data  Gb  l2cm.o [4]
l2cm_get_buffer_size    0x08008221    0xc  Code  Gb  l2cc_pdu.o [4]
l2cm_get_nb_buffer_available
                        0x08005ee5    0x6  Code  Gb  l2cm.o [4]
l2cm_init               0x08005e8f   0x2e  Code  Gb  l2cm.o [4]
l2cm_l2cap_tx_handler   0x08005e3d   0x52  Code  Lc  l2cm.o [4]
l2cm_set_link_layer_buff_size
                        0x08005ed3   0x12  Code  Gb  l2cm.o [4]
l2cm_tx_status          0x08005eeb   0x42  Code  Gb  l2cm.o [4]
led_gpio_deinit         0x08011f95   0x70  Code  Gb  main.o [1]
led_gpio_init           0x08011f47   0x4e  Code  Gb  main.o [1]
log_gpio_deinit         0x08012005   0x36  Code  Gb  main.o [1]
log_init                0x08012681   0x6a  Code  Gb  log.o [1]
main                    0x080120d7  0x154  Code  Gb  main.o [1]
mainboard_enter_stop2   0x0801203b   0x4e  Code  Gb  main.o [1]
mainboard_exit_stop2    0x08012089   0x1a  Code  Gb  main.o [1]
memchr                  0x08009f65         Code  Gb  memchr.o [7]
nvds_browse_tag         0x08008779   0x38  Code  Lc  nvds.o [4]
nvds_env                0x20021d04   0x18  Data  Lc  nvds.o [4]
nvds_erase              0x080087c5    0xa  Code  Lc  nvds.o [4]
nvds_get                0x0800889d   0x48  Code  Gb  nvds.o [4]
nvds_init               0x08008863   0x3a  Code  Gb  nvds.o [4]
nvds_init_memory        0x080087cf   0x1c  Code  Lc  nvds.o [4]
nvds_is_magic_number_ok
                        0x08008715   0x28  Code  Lc  nvds.o [4]
nvds_magic_number       0x08014ee8    0x4  Data  Lc  nvds.o [4]
nvds_purge              0x080087eb   0x78  Code  Lc  nvds.o [4]
nvds_put                0x080088e5  0x112  Code  Gb  nvds.o [4]
nvds_read               0x080087b1    0xa  Code  Lc  nvds.o [4]
nvds_walk_tag           0x0800873d   0x3c  Code  Lc  nvds.o [4]
nvds_write              0x080087bb    0xa  Code  Lc  nvds.o [4]
nz8801_io_init          0x08009fbd   0xe2  Code  Gb  Eif_iom.o [6]
obuf                    0x20021bd4   0x50  Data  Lc  xfiles.o [3]
overtime_count          0x20021db0    0x4  Data  Gb  bsp_timer.o [1]
platform_reset          0x08006c55    0x2  Code  Gb  rwip.o [4]
prf_add_profile         0x08006e35   0xb8  Code  Gb  prf.o [1]
prf_cleanup             0x08006f2b   0x44  Code  Gb  prf.o [1]
prf_create              0x08006eed   0x3e  Code  Gb  prf.o [1]
prf_env                 0x20021cec   0x18  Data  Gb  prf.o [1]
prf_env_get             0x08006f6f   0x3a  Code  Gb  prf.o [1]
prf_get_task_from_id    0x08006fc7   0x4a  Code  Gb  prf.o [1]
prf_init                0x08006cf1  0x144  Code  Gb  prf.o [1]
prf_itf_get             0x08006cd9   0x18  Code  Lc  prf.o [1]
prf_src_task_get        0x08006fa9   0x1e  Code  Gb  prf.o [1]
printf                  0x08006c31   0x24  Code  Gb  printf.o [3]
putchar                 0x08014a45    0xc  Code  Gb  putchar.o [3]
rand                    0x0800df29   0xe0  Code  Gb  rand.o [3]
rwble_hl_init           0x0800963d   0x1c  Code  Gb  rwble_hl.o [4]
rwble_hl_reset          0x08009659   0x1c  Code  Gb  rwble_hl.o [4]
rwip_eif_get            0x08008a69   0x18  Code  Gb  Interface.o [1]
rwip_heap_db            0x200214f8  0x20c  Data  Gb  rwip.o [4]
rwip_heap_env           0x20021a10   0xc8  Data  Gb  rwip.o [4]
rwip_heap_msg           0x20021704  0x20c  Data  Gb  rwip.o [4]
rwip_heap_non_ret       0x200202ec  0xe0c  Data  Gb  rwip.o [4]
rwip_init               0x08006c57   0x56  Code  Gb  rwip.o [4]
rwip_schedule           0x08006cc1    0x8  Code  Gb  rwip.o [4]
s_AdcHclkPresTable      0x08014b44   0x10  Data  Lc  n32wb452_rcc.o [1]
s_AdcPllClkPresTable    0x08014918   0x20  Data  Lc  n32wb452_rcc.o [1]
s_ApbAhbPresTable       0x08014b34   0x10  Data  Lc  n32wb452_rcc.o [1]
send_vendor_array       0x08008fed  0x186  Code  Gb  Interface.o [1]
send_vendor_bypass_command
                        0x08009173   0x42  Code  Gb  Interface.o [1]
smpc_calc_confirm_cont  0x0800dd63  0x146  Code  Gb  smpc_api.o [4]
smpc_calc_subkeys       0x080054f9   0x96  Code  Gb  smpc.o [4]
smpc_check_key_distrib  0x080050e5   0x90  Code  Gb  smpc.o [4]
smpc_check_max_key_size
                        0x080050b1   0x34  Code  Gb  smpc.o [4]
smpc_check_param        0x08007d09   0xb6  Code  Gb  smpc_util.o [4]
smpc_check_repeated_attempts
                        0x08005013   0x9e  Code  Gb  smpc.o [4]
smpc_clear_timeout_timer
                        0x080058d7   0x44  Code  Gb  smpc.o [4]
smpc_confirm_gen_rand   0x0800dea9   0x7a  Code  Gb  smpc_api.o [4]
smpc_construct_enc_info_pdu
                        0x08007dfd    0xe  Code  Lc  smpc_util.o [4]
smpc_construct_id_addr_info_pdu
                        0x08007e35   0x1a  Code  Lc  smpc_util.o [4]
smpc_construct_id_info_pdu
                        0x08007e27    0xe  Code  Lc  smpc_util.o [4]
smpc_construct_mst_id_pdu
                        0x08007e0b   0x1c  Code  Lc  smpc_util.o [4]
smpc_construct_pair_cfm_pdu
                        0x08007ddb    0xe  Code  Lc  smpc_util.o [4]
smpc_construct_pair_fail_pdu
                        0x08007df7    0x6  Code  Lc  smpc_util.o [4]
smpc_construct_pair_rand_pdu
                        0x08007de9    0xe  Code  Lc  smpc_util.o [4]
smpc_construct_pair_req_pdu
                        0x08007dbf    0xe  Code  Lc  smpc_util.o [4]
smpc_construct_pair_rsp_pdu
                        0x08007dcd    0xe  Code  Lc  smpc_util.o [4]
smpc_construct_pdu      0x080144f0   0x3c  Data  Gb  smpc_util.o [4]
smpc_construct_sec_req_pdu
                        0x08007e5d    0x6  Code  Lc  smpc_util.o [4]
smpc_construct_sign_info_pdu
                        0x08007e4f    0xe  Code  Lc  smpc_util.o [4]
smpc_encrypt_cfm        0x0800d955   0x44  Code  Gb  smpc_api.o [4]
smpc_encrypt_start_handler
                        0x0800d91f   0x36  Code  Gb  smpc_api.o [4]
smpc_generate_cfm       0x080053e1   0xaa  Code  Gb  smpc.o [4]
smpc_generate_ci        0x08005201   0x9c  Code  Gb  smpc.o [4]
smpc_generate_e1        0x080052cd  0x114  Code  Gb  smpc.o [4]
smpc_generate_l         0x08005195   0x6c  Code  Gb  smpc.o [4]
smpc_generate_rand      0x0800529d   0x30  Code  Gb  smpc.o [4]
smpc_generate_stk       0x0800548b   0x6e  Code  Gb  smpc.o [4]
smpc_get_key_sec_prop   0x0800597b  0x116  Code  Gb  smpc.o [4]
smpc_handle_enc_change_evt
                        0x08005ae1  0x116  Code  Gb  smpc.o [4]
smpc_is_sec_mode_reached
                        0x08005a91   0x48  Code  Gb  smpc.o [4]
smpc_launch_rep_att_timer
                        0x0800591b   0x60  Code  Gb  smpc.o [4]
smpc_pair_method        0x08014998   0x1c  Data  Lc  smpc.o [4]
smpc_pairing_csrk_exch  0x0800d6a7   0x6c  Code  Gb  smpc_api.o [4]
smpc_pairing_end        0x08005849   0x8e  Code  Gb  smpc.o [4]
smpc_pairing_irk_exch   0x0800d653   0x54  Code  Gb  smpc_api.o [4]
smpc_pairing_ltk_exch   0x0800d5cf   0x84  Code  Gb  smpc_api.o [4]
smpc_pairing_req_handler
                        0x0800d861   0x56  Code  Gb  smpc_api.o [4]
smpc_pairing_rsp        0x0800d713  0x14e  Code  Gb  smpc_api.o [4]
smpc_pairing_tk_exch    0x0800d4fd   0xd2  Code  Gb  smpc_api.o [4]
smpc_pdu_recv           0x08005cb3   0x6c  Code  Gb  smpc.o [4]
smpc_pdu_send           0x08005bf7   0xbc  Code  Gb  smpc.o [4]
smpc_recv_enc_info_pdu  0x0800806f   0x3e  Code  Lc  smpc_util.o [4]
smpc_recv_id_addr_info_pdu
                        0x08008161   0x62  Code  Lc  smpc_util.o [4]
smpc_recv_id_info_pdu   0x08008123   0x3e  Code  Lc  smpc_util.o [4]
smpc_recv_mst_id_pdu    0x080080ad   0x76  Code  Lc  smpc_util.o [4]
smpc_recv_pair_cfm_pdu  0x08007f47   0x80  Code  Lc  smpc_util.o [4]
smpc_recv_pair_fail_pdu
                        0x08008027   0x48  Code  Lc  smpc_util.o [4]
smpc_recv_pair_rand_pdu
                        0x08007fc7   0x60  Code  Lc  smpc_util.o [4]
smpc_recv_pair_req_pdu  0x08007e63   0xda  Code  Lc  smpc_util.o [4]
smpc_recv_pair_rsp_pdu  0x08007f3d    0xa  Code  Lc  smpc_util.o [4]
smpc_recv_pdu           0x0801452c   0x3c  Data  Gb  smpc_util.o [4]
smpc_recv_sec_req_pdu   0x080081fd    0xa  Code  Lc  smpc_util.o [4]
smpc_recv_sign_info_pdu
                        0x080081c3   0x36  Code  Lc  smpc_util.o [4]
smpc_security_req_send  0x0800d8b7   0x68  Code  Gb  smpc_api.o [4]
smpc_send_ltk_req_rsp   0x08004dc5   0x90  Code  Gb  smpc.o [4]
smpc_send_pairing_ind   0x08004f4b   0xc8  Code  Gb  smpc.o [4]
smpc_send_pairing_req_ind
                        0x08004e55   0xf6  Code  Gb  smpc.o [4]
smpc_send_use_enc_block_cmd
                        0x08004d81   0x44  Code  Gb  smpc.o [4]
smpc_sign_command       0x0800d999  0x132  Code  Gb  smpc_api.o [4]
smpc_sign_cont          0x0800dacb  0x298  Code  Gb  smpc_api.o [4]
smpc_tkdp_rcp_continue  0x08005747  0x102  Code  Gb  smpc.o [4]
smpc_tkdp_rcp_start     0x08005703   0x44  Code  Gb  smpc.o [4]
smpc_tkdp_send_continue
                        0x080055d3  0x130  Code  Gb  smpc.o [4]
smpc_tkdp_send_start    0x0800558f   0x44  Code  Gb  smpc.o [4]
smpc_xor                0x08005175   0x20  Code  Gb  smpc.o [4]
smpm_check_addr_type    0x0800f805   0x18  Code  Lc  smpm_api.o [4]
smpm_gen_rand_addr      0x0800f81d   0x1c  Code  Gb  smpm_api.o [4]
smpm_gen_rand_nb        0x0800f869    0x8  Code  Gb  smpm_api.o [4]
smpm_resolv_addr        0x0800f839   0x28  Code  Gb  smpm_api.o [4]
smpm_send_encrypt_req   0x0800f871   0x38  Code  Gb  smpm_api.o [4]
smpm_send_gen_rand_nb_req
                        0x0800f7ed   0x18  Code  Lc  smpm_api.o [4]
smpm_use_enc_block      0x0800f861    0x8  Code  Gb  smpm_api.o [4]
spi_eif_api             0x08014ac4   0x10  Data  Gb  Interface.o [1]
spi_env                 0x20021d1c   0x18  Data  Lc  Eif_spi.o [6]
sta_irq                 0x200202e9    0x1  Data  Gb  ble_monitor.o [6]
sta_times               0x20021ded    0x1  Data  Gb  ble_monitor.o [6]
stop2_flag              0x20021dec    0x1  Data  Gb  ble_monitor.o [6]
strchr                  0x08009f15         Code  Gb  strchr.o [7]
strlen                  0x08009f2d         Code  Gb  strlen.o [7]
system_10s_cnt          0x20021dc0    0x4  Data  Gb  main.o [1]
user_att_db             0x08014938   0x20  Data  Gb  user.o [1]
user_att_hdl_get        0x08009769    0xa  Code  Gb  user.o [1]
user_att_idx_get        0x08009773   0x1a  Code  Gb  user.o [1]
user_cleanup            0x08009751    0x8  Code  Lc  user.o [1]
user_create             0x08009749    0x8  Code  Lc  user.o [1]
user_data_notify_req_handler
                        0x080134a1   0xa0  Code  Lc  user_task.o [1]
user_default_handler    0x08014ce8    0x8  Data  Gb  user_task.o [1]
user_default_state      0x08014648   0x30  Data  Gb  user_task.o [1]
user_destroy            0x0800972b   0x1e  Code  Lc  user.o [1]
user_enable_req_handler
                        0x08013459   0x48  Code  Lc  user_task.o [1]
user_exe_operation      0x0800978d   0xfc  Code  Gb  user.o [1]
user_gattc_att_info_req_ind_handler
                        0x08013541   0x32  Code  Lc  user_task.o [1]
user_gattc_cmp_evt_handler
                        0x0801368f    0xa  Code  Lc  user_task.o [1]
user_gattc_read_req_ind_handler
                        0x08013629   0x66  Code  Lc  user_task.o [1]
user_gattc_write_req_ind_handler
                        0x08013573   0xb0  Code  Lc  user_task.o [1]
user_init               0x08009675   0xb6  Code  Lc  user.o [1]
user_itf                0x08014b54   0x10  Data  Gb  user.o [1]
user_prf_itf_get        0x08009759    0x4  Code  Gb  user.o [1]
user_update_ntf_ind_cfg
                        0x08009889   0x2e  Code  Gb  user.o [1]
wait_for_status_enable  0x08008a81   0x28  Code  Gb  Interface.o [1]
wakeup_flag             0x200202e8    0x1  Data  Gb  ble_monitor.o [6]


[1] = D:\linfuliang_work\pro\NS3601\SVN_tmp\SDK_Make\N32WB452\projects\n32wb452_EVAL\examples\BLE\slave\EWARM\Slave_16bit\Obj
[2] = command line
[3] = dl7M_tlf.a
[4] = host_16bit.a
[5] = m7M_tls.a
[6] = n32wb452_ble_16bit.a
[7] = rt7M_tl.a
[8] = shb_l.a

  74 592 bytes of readonly  code memory
  11 626 bytes of readonly  data memory
  13 042 bytes of readwrite data memory

Errors: none
Warnings: none
